Archive member included to satisfy reference by file (symbol)

C:/ST/STM32CubeIDE_1.14.1/STM32CubeIDE/plugins/com.st.stm32cube.ide.mcu.externaltools.gnu-tools-for-stm32.11.3.rel1.win32_1.1.100.202309141235/tools/bin/../lib/gcc/arm-none-eabi/11.3.1/../../../../arm-none-eabi/lib/thumb/v6-m/nofp\libc.a(libc_a-atof.o)
                              BOS\BOS_CLI.o (atof)
C:/ST/STM32CubeIDE_1.14.1/STM32CubeIDE/plugins/com.st.stm32cube.ide.mcu.externaltools.gnu-tools-for-stm32.11.3.rel1.win32_1.1.100.202309141235/tools/bin/../lib/gcc/arm-none-eabi/11.3.1/../../../../arm-none-eabi/lib/thumb/v6-m/nofp\libc.a(libc_a-atoi.o)
                              BOS\BOS_CLI.o (atoi)
C:/ST/STM32CubeIDE_1.14.1/STM32CubeIDE/plugins/com.st.stm32cube.ide.mcu.externaltools.gnu-tools-for-stm32.11.3.rel1.win32_1.1.100.202309141235/tools/bin/../lib/gcc/arm-none-eabi/11.3.1/../../../../arm-none-eabi/lib/thumb/v6-m/nofp\libc.a(libc_a-atol.o)
                              BOS\BOS.o (atol)
C:/ST/STM32CubeIDE_1.14.1/STM32CubeIDE/plugins/com.st.stm32cube.ide.mcu.externaltools.gnu-tools-for-stm32.11.3.rel1.win32_1.1.100.202309141235/tools/bin/../lib/gcc/arm-none-eabi/11.3.1/../../../../arm-none-eabi/lib/thumb/v6-m/nofp\libc.a(libc_a-exit.o)
                              C:/ST/STM32CubeIDE_1.14.1/STM32CubeIDE/plugins/com.st.stm32cube.ide.mcu.externaltools.gnu-tools-for-stm32.11.3.rel1.win32_1.1.100.202309141235/tools/bin/../lib/gcc/arm-none-eabi/11.3.1/../../../../arm-none-eabi/lib/thumb/v6-m/nofp/crt0.o (exit)
C:/ST/STM32CubeIDE_1.14.1/STM32CubeIDE/plugins/com.st.stm32cube.ide.mcu.externaltools.gnu-tools-for-stm32.11.3.rel1.win32_1.1.100.202309141235/tools/bin/../lib/gcc/arm-none-eabi/11.3.1/../../../../arm-none-eabi/lib/thumb/v6-m/nofp\libc.a(libc_a-malloc.o)
                              BOS\BOS.o (malloc)
C:/ST/STM32CubeIDE_1.14.1/STM32CubeIDE/plugins/com.st.stm32cube.ide.mcu.externaltools.gnu-tools-for-stm32.11.3.rel1.win32_1.1.100.202309141235/tools/bin/../lib/gcc/arm-none-eabi/11.3.1/../../../../arm-none-eabi/lib/thumb/v6-m/nofp\libc.a(libc_a-mallocr.o)
                              C:/ST/STM32CubeIDE_1.14.1/STM32CubeIDE/plugins/com.st.stm32cube.ide.mcu.externaltools.gnu-tools-for-stm32.11.3.rel1.win32_1.1.100.202309141235/tools/bin/../lib/gcc/arm-none-eabi/11.3.1/../../../../arm-none-eabi/lib/thumb/v6-m/nofp\libc.a(libc_a-malloc.o) (_malloc_r)
C:/ST/STM32CubeIDE_1.14.1/STM32CubeIDE/plugins/com.st.stm32cube.ide.mcu.externaltools.gnu-tools-for-stm32.11.3.rel1.win32_1.1.100.202309141235/tools/bin/../lib/gcc/arm-none-eabi/11.3.1/../../../../arm-none-eabi/lib/thumb/v6-m/nofp\libc.a(libc_a-mlock.o)
                              C:/ST/STM32CubeIDE_1.14.1/STM32CubeIDE/plugins/com.st.stm32cube.ide.mcu.externaltools.gnu-tools-for-stm32.11.3.rel1.win32_1.1.100.202309141235/tools/bin/../lib/gcc/arm-none-eabi/11.3.1/../../../../arm-none-eabi/lib/thumb/v6-m/nofp\libc.a(libc_a-mallocr.o) (__malloc_lock)
C:/ST/STM32CubeIDE_1.14.1/STM32CubeIDE/plugins/com.st.stm32cube.ide.mcu.externaltools.gnu-tools-for-stm32.11.3.rel1.win32_1.1.100.202309141235/tools/bin/../lib/gcc/arm-none-eabi/11.3.1/../../../../arm-none-eabi/lib/thumb/v6-m/nofp\libc.a(libc_a-rand.o)
                              BOS\BOS_CLIcommands.o (rand)
C:/ST/STM32CubeIDE_1.14.1/STM32CubeIDE/plugins/com.st.stm32cube.ide.mcu.externaltools.gnu-tools-for-stm32.11.3.rel1.win32_1.1.100.202309141235/tools/bin/../lib/gcc/arm-none-eabi/11.3.1/../../../../arm-none-eabi/lib/thumb/v6-m/nofp\libc.a(libc_a-realloc.o)
                              BOS\BOS_CLI.o (realloc)
C:/ST/STM32CubeIDE_1.14.1/STM32CubeIDE/plugins/com.st.stm32cube.ide.mcu.externaltools.gnu-tools-for-stm32.11.3.rel1.win32_1.1.100.202309141235/tools/bin/../lib/gcc/arm-none-eabi/11.3.1/../../../../arm-none-eabi/lib/thumb/v6-m/nofp\libc.a(libc_a-reallocr.o)
                              C:/ST/STM32CubeIDE_1.14.1/STM32CubeIDE/plugins/com.st.stm32cube.ide.mcu.externaltools.gnu-tools-for-stm32.11.3.rel1.win32_1.1.100.202309141235/tools/bin/../lib/gcc/arm-none-eabi/11.3.1/../../../../arm-none-eabi/lib/thumb/v6-m/nofp\libc.a(libc_a-realloc.o) (_realloc_r)
C:/ST/STM32CubeIDE_1.14.1/STM32CubeIDE/plugins/com.st.stm32cube.ide.mcu.externaltools.gnu-tools-for-stm32.11.3.rel1.win32_1.1.100.202309141235/tools/bin/../lib/gcc/arm-none-eabi/11.3.1/../../../../arm-none-eabi/lib/thumb/v6-m/nofp\libc.a(libc_a-strtod.o)
                              C:/ST/STM32CubeIDE_1.14.1/STM32CubeIDE/plugins/com.st.stm32cube.ide.mcu.externaltools.gnu-tools-for-stm32.11.3.rel1.win32_1.1.100.202309141235/tools/bin/../lib/gcc/arm-none-eabi/11.3.1/../../../../arm-none-eabi/lib/thumb/v6-m/nofp\libc.a(libc_a-atof.o) (strtod)
C:/ST/STM32CubeIDE_1.14.1/STM32CubeIDE/plugins/com.st.stm32cube.ide.mcu.externaltools.gnu-tools-for-stm32.11.3.rel1.win32_1.1.100.202309141235/tools/bin/../lib/gcc/arm-none-eabi/11.3.1/../../../../arm-none-eabi/lib/thumb/v6-m/nofp\libc.a(libc_a-strtol.o)
[...]
Memory Configuration

Name             Origin             Length             Attributes
RAM              0x0000000020000000 0x0000000000024000 xrw
FLASH            0x0000000008000000 0x0000000000080000 xr
*default*        0x0000000000000000 0xffffffffffffffff

Linker script and memory map

LOAD C:/ST/STM32CubeIDE_1.14.1/STM32CubeIDE/plugins/com.st.stm32cube.ide.mcu.externaltools.gnu-tools-for-stm32.11.3.rel1.win32_1.1.100.202309141235/tools/bin/../lib/gcc/arm-none-eabi/11.3.1/thumb/v6-m/nofp/crti.o
LOAD C:/ST/STM32CubeIDE_1.14.1/STM32CubeIDE/plugins/com.st.stm32cube.ide.mcu.externaltools.gnu-tools-for-stm32.11.3.rel1.win32_1.1.100.202309141235/tools/bin/../lib/gcc/arm-none-eabi/11.3.1/thumb/v6-m/nofp/crtbegin.o
LOAD C:/ST/STM32CubeIDE_1.14.1/STM32CubeIDE/plugins/com.st.stm32cube.ide.mcu.externaltools.gnu-tools-for-stm32.11.3.rel1.win32_1.1.100.202309141235/tools/bin/../lib/gcc/arm-none-eabi/11.3.1/../../../../arm-none-eabi/lib/thumb/v6-m/nofp/crt0.o
LOAD BOS\BOS.o
LOAD BOS\BOS_CLI.o
LOAD BOS\BOS_CLIcommands.o
LOAD BOS\BOS_dma.o
LOAD BOS\BOS_freertos.o
LOAD BOS\BOS_messaging.o
LOAD BOS\BOS_msgparser.o
LOAD H05R0\H05R0.o
LOAD H05R0\H05R0_dma.o
LOAD H05R0\H05R0_eeprom.o
LOAD H05R0\H05R0_gpio.o
LOAD H05R0\H05R0_i2c.o
LOAD H05R0\H05R0_inputs.o
LOAD H05R0\H05R0_it.o
LOAD H05R0\H05R0_rtc.o
LOAD H05R0\H05R0_timers.o
LOAD H05R0\H05R0_uart.o
LOAD H05R0\startup_stm32g0b1ceuxn.o
LOAD Thirdparty\CMSIS\STM32G0xx\Device\ST\STM32G0xx\Source\Templates\system_stm32g0xx.o
LOAD Thirdparty\Middleware\STM32G0xx\FreeRTOS\Source\CMSIS_RTOS\cmsis_os.o
LOAD Thirdparty\Middleware\STM32G0xx\FreeRTOS\Source\FreeRTOS_CLI.o
LOAD Thirdparty\Middleware\STM32G0xx\FreeRTOS\Source\croutine.o
LOAD Thirdparty\Middleware\STM32G0xx\FreeRTOS\Source\event_groups.o
LOAD Thirdparty\Middleware\STM32G0xx\FreeRTOS\Source\list.o
LOAD Thirdparty\Middleware\STM32G0xx\FreeRTOS\Source\portable\GCC\ARM_CM0\port.o
LOAD Thirdparty\Middleware\STM32G0xx\FreeRTOS\Source\portable\MemMang\heap_4.o
LOAD Thirdparty\Middleware\STM32G0xx\FreeRTOS\Source\queue.o
LOAD Thirdparty\Middleware\STM32G0xx\FreeRTOS\Source\stream_buffer.o
LOAD Thirdparty\Middleware\STM32G0xx\FreeRTOS\Source\tasks.o
LOAD Thirdparty\Middleware\STM32G0xx\FreeRTOS\Source\timers.o
LOAD Thirdparty\STM32G0xx_HAL_Driver\Src\stm32g0xx_hal.o
LOAD Thirdparty\STM32G0xx_HAL_Driver\Src\stm32g0xx_hal_adc.o
LOAD Thirdparty\STM32G0xx_HAL_Driver\Src\stm32g0xx_hal_adc_ex.o
LOAD Thirdparty\STM32G0xx_HAL_Driver\Src\stm32g0xx_hal_cec.o
LOAD Thirdparty\STM32G0xx_HAL_Driver\Src\stm32g0xx_hal_comp.o
LOAD Thirdparty\STM32G0xx_HAL_Driver\Src\stm32g0xx_hal_cortex.o
LOAD Thirdparty\STM32G0xx_HAL_Driver\Src\stm32g0xx_hal_crc.o
LOAD Thirdparty\STM32G0xx_HAL_Driver\Src\stm32g0xx_hal_crc_ex.o
LOAD Thirdparty\STM32G0xx_HAL_Driver\Src\stm32g0xx_hal_cryp.o
LOAD Thirdparty\STM32G0xx_HAL_Driver\Src\stm32g0xx_hal_cryp_ex.o
LOAD Thirdparty\STM32G0xx_HAL_Driver\Src\stm32g0xx_hal_dac.o
LOAD Thirdparty\STM32G0xx_HAL_Driver\Src\stm32g0xx_hal_dac_ex.o
LOAD Thirdparty\STM32G0xx_HAL_Driver\Src\stm32g0xx_hal_dma.o
LOAD Thirdparty\STM32G0xx_HAL_Driver\Src\stm32g0xx_hal_dma_ex.o
LOAD Thirdparty\STM32G0xx_HAL_Driver\Src\stm32g0xx_hal_exti.o
LOAD Thirdparty\STM32G0xx_HAL_Driver\Src\stm32g0xx_hal_fdcan.o
LOAD Thirdparty\STM32G0xx_HAL_Driver\Src\stm32g0xx_hal_flash.o
LOAD Thirdparty\STM32G0xx_HAL_Driver\Src\stm32g0xx_hal_flash_ex.o
LOAD Thirdparty\STM32G0xx_HAL_Driver\Src\stm32g0xx_hal_gpio.o
LOAD Thirdparty\STM32G0xx_HAL_Driver\Src\stm32g0xx_hal_hcd.o
LOAD Thirdparty\STM32G0xx_HAL_Driver\Src\stm32g0xx_hal_i2c.o
LOAD Thirdparty\STM32G0xx_HAL_Driver\Src\stm32g0xx_hal_i2c_ex.o
LOAD Thirdparty\STM32G0xx_HAL_Driver\Src\stm32g0xx_hal_i2s.o
LOAD Thirdparty\STM32G0xx_HAL_Driver\Src\stm32g0xx_hal_irda.o
LOAD Thirdparty\STM32G0xx_HAL_Driver\Src\stm32g0xx_hal_iwdg.o
LOAD Thirdparty\STM32G0xx_HAL_Driver\Src\stm32g0xx_hal_lptim.o
LOAD Thirdparty\STM32G0xx_HAL_Driver\Src\stm32g0xx_hal_msp_template.o
LOAD Thirdparty\STM32G0xx_HAL_Driver\Src\stm32g0xx_hal_pcd.o
LOAD Thirdparty\STM32G0xx_HAL_Driver\Src\stm32g0xx_hal_pcd_ex.o
LOAD Thirdparty\STM32G0xx_HAL_Driver\Src\stm32g0xx_hal_pwr.o
LOAD Thirdparty\STM32G0xx_HAL_Driver\Src\stm32g0xx_hal_pwr_ex.o
LOAD Thirdparty\STM32G0xx_HAL_Driver\Src\stm32g0xx_hal_rcc.o
LOAD Thirdparty\STM32G0xx_HAL_Driver\Src\stm32g0xx_hal_rcc_ex.o
LOAD Thirdparty\STM32G0xx_HAL_Driver\Src\stm32g0xx_hal_rng.o
LOAD Thirdparty\STM32G0xx_HAL_Driver\Src\stm32g0xx_hal_rtc.o
LOAD Thirdparty\STM32G0xx_HAL_Driver\Src\stm32g0xx_hal_rtc_ex.o
LOAD Thirdparty\STM32G0xx_HAL_Driver\Src\stm32g0xx_hal_smartcard.o
LOAD Thirdparty\STM32G0xx_HAL_Driver\Src\stm32g0xx_hal_smartcard_ex.o
LOAD Thirdparty\STM32G0xx_HAL_Driver\Src\stm32g0xx_hal_smbus.o
LOAD Thirdparty\STM32G0xx_HAL_Driver\Src\stm32g0xx_hal_smbus_ex.o
LOAD Thirdparty\STM32G0xx_HAL_Driver\Src\stm32g0xx_hal_spi.o
LOAD Thirdparty\STM32G0xx_HAL_Driver\Src\stm32g0xx_hal_spi_ex.o
LOAD Thirdparty\STM32G0xx_HAL_Driver\Src\stm32g0xx_hal_tim.o
LOAD Thirdparty\STM32G0xx_HAL_Driver\Src\stm32g0xx_hal_tim_ex.o
LOAD Thirdparty\STM32G0xx_HAL_Driver\Src\stm32g0xx_hal_uart.o
LOAD Thirdparty\STM32G0xx_HAL_Driver\Src\stm32g0xx_hal_uart_ex.o
LOAD Thirdparty\STM32G0xx_HAL_Driver\Src\stm32g0xx_hal_usart.o
LOAD Thirdparty\STM32G0xx_HAL_Driver\Src\stm32g0xx_hal_usart_ex.o
LOAD Thirdparty\STM32G0xx_HAL_Driver\Src\stm32g0xx_hal_wwdg.o
LOAD Thirdparty\STM32G0xx_HAL_Driver\Src\stm32g0xx_ll_adc.o
LOAD Thirdparty\STM32G0xx_HAL_Driver\Src\stm32g0xx_ll_comp.o
LOAD Thirdparty\STM32G0xx_HAL_Driver\Src\stm32g0xx_ll_crc.o
LOAD Thirdparty\STM32G0xx_HAL_Driver\Src\stm32g0xx_ll_crs.o
LOAD Thirdparty\STM32G0xx_HAL_Driver\Src\stm32g0xx_ll_dac.o
LOAD Thirdparty\STM32G0xx_HAL_Driver\Src\stm32g0xx_ll_dma.o
LOAD Thirdparty\STM32G0xx_HAL_Driver\Src\stm32g0xx_ll_exti.o
LOAD Thirdparty\STM32G0xx_HAL_Driver\Src\stm32g0xx_ll_gpio.o
LOAD Thirdparty\STM32G0xx_HAL_Driver\Src\stm32g0xx_ll_i2c.o
LOAD Thirdparty\STM32G0xx_HAL_Driver\Src\stm32g0xx_ll_lptim.o
LOAD Thirdparty\STM32G0xx_HAL_Driver\Src\stm32g0xx_ll_lpuart.o
LOAD Thirdparty\STM32G0xx_HAL_Driver\Src\stm32g0xx_ll_pwr.o
LOAD Thirdparty\STM32G0xx_HAL_Driver\Src\stm32g0xx_ll_rcc.o
LOAD Thirdparty\STM32G0xx_HAL_Driver\Src\stm32g0xx_ll_rng.o
LOAD Thirdparty\STM32G0xx_HAL_Driver\Src\stm32g0xx_ll_rtc.o
LOAD Thirdparty\STM32G0xx_HAL_Driver\Src\stm32g0xx_ll_spi.o
LOAD Thirdparty\STM32G0xx_HAL_Driver\Src\stm32g0xx_ll_tim.o
LOAD Thirdparty\STM32G0xx_HAL_Driver\Src\stm32g0xx_ll_ucpd.o
LOAD Thirdparty\STM32G0xx_HAL_Driver\Src\stm32g0xx_ll_usart.o
LOAD Thirdparty\STM32G0xx_HAL_Driver\Src\stm32g0xx_ll_usb.o
LOAD Thirdparty\STM32G0xx_HAL_Driver\Src\stm32g0xx_ll_utils.o
LOAD User\main.o
START GROUP
LOAD C:/ST/STM32CubeIDE_1.14.1/STM32CubeIDE/plugins/com.st.stm32cube.ide.mcu.externaltools.gnu-tools-for-stm32.11.3.rel1.win32_1.1.100.202309141235/tools/bin/../lib/gcc/arm-none-eabi/11.3.1/../../../../arm-none-eabi/lib/thumb/v6-m/nofp\libc.a
LOAD C:/ST/STM32CubeIDE_1.14.1/STM32CubeIDE/plugins/com.st.stm32cube.ide.mcu.externaltools.gnu-tools-for-stm32.11.3.rel1.win32_1.1.100.202309141235/tools/bin/../lib/gcc/arm-none-eabi/11.3.1/../../../../arm-none-eabi/lib/thumb/v6-m/nofp\libm.a
END GROUP
START GROUP
LOAD C:/ST/STM32CubeIDE_1.14.1/STM32CubeIDE/plugins/com.st.stm32cube.ide.mcu.externaltools.gnu-tools-for-stm32.11.3.rel1.win32_1.1.100.202309141235/tools/bin/../lib/gcc/arm-none-eabi/11.3.1/thumb/v6-m/nofp\libgcc.a
LOAD C:/ST/STM32CubeIDE_1.14.1/STM32CubeIDE/plugins/com.st.stm32cube.ide.mcu.externaltools.gnu-tools-for-stm32.11.3.rel1.win32_1.1.100.202309141235/tools/bin/../lib/gcc/arm-none-eabi/11.3.1/../../../../arm-none-eabi/lib/thumb/v6-m/nofp\libc.a
END GROUP
START GROUP
LOAD C:/ST/STM32CubeIDE_1.14.1/STM32CubeIDE/plugins/com.st.stm32cube.ide.mcu.externaltools.gnu-tools-for-stm32.11.3.rel1.win32_1.1.100.202309141235/tools/bin/../lib/gcc/arm-none-eabi/11.3.1/thumb/v6-m/nofp\libgcc.a
LOAD C:/ST/STM32CubeIDE_1.14.1/STM32CubeIDE/plugins/com.st.stm32cube.ide.mcu.externaltools.gnu-tools-for-stm32.11.3.rel1.win32_1.1.100.202309141235/tools/bin/../lib/gcc/arm-none-eabi/11.3.1/../../../../arm-none-eabi/lib/thumb/v6-m/nofp\libc.a
LOAD C:/ST/STM32CubeIDE_1.14.1/STM32CubeIDE/plugins/com.st.stm32cube.ide.mcu.externaltools.gnu-tools-for-stm32.11.3.rel1.win32_1.1.100.202309141235/tools/bin/../lib/gcc/arm-none-eabi/11.3.1/../../../../arm-none-eabi/lib/thumb/v6-m/nofp\libnosys.a
END GROUP
LOAD C:/ST/STM32CubeIDE_1.14.1/STM32CubeIDE/plugins/com.st.stm32cube.ide.mcu.externaltools.gnu-tools-for-stm32.11.3.rel1.win32_1.1.100.202309141235/tools/bin/../lib/gcc/arm-none-eabi/11.3.1/thumb/v6-m/nofp/crtend.o
LOAD C:/ST/STM32CubeIDE_1.14.1/STM32CubeIDE/plugins/com.st.stm32cube.ide.mcu.externaltools.gnu-tools-for-stm32.11.3.rel1.win32_1.1.100.202309141235/tools/bin/../lib/gcc/arm-none-eabi/11.3.1/thumb/v6-m/nofp/crtn.o
                0x0000000020024000                _estack = (ORIGIN (RAM) + LENGTH (RAM))
                0x0000000000000200                _Min_Heap_Size = 0x200
                0x0000000000000400                _Min_Stack_Size = 0x400

.isr_vector     0x0000000008000000       0xbc
                0x0000000008000000                . = ALIGN (0x4)
 *(.isr_vector)
 .isr_vector    0x0000000008000000       0xbc H05R0\startup_stm32g0b1ceuxn.o
                0x0000000008000000                g_pfnVectors
                0x00000000080000bc                . = ALIGN (0x4)

.text           0x00000000080000c0    0x2d6a8
                0x00000000080000c0                . = ALIGN (0x4)
 *(.text)
 .text          0x00000000080000c0       0x48 C:/ST/STM32CubeIDE_1.14.1/STM32CubeIDE/plugins/com.st.stm32cube.ide.mcu.externaltools.gnu-tools-for-stm32.11.3.rel1.win32_1.1.100.202309141235/tools/bin/../lib/gcc/arm-none-eabi/11.3.1/thumb/v6-m/nofp/crtbegin.o
 .text          0x0000000008000108       0x14 C:/ST/STM32CubeIDE_1.14.1/STM32CubeIDE/plugins/com.st.stm32cube.ide.mcu.externaltools.gnu-tools-for-stm32.11.3.rel1.win32_1.1.100.202309141235/tools/bin/../lib/gcc/arm-none-eabi/11.3.1/../../../../arm-none-eabi/lib/thumb/v6-m/nofp\libc.a(libc_a-strcmp.o)
                0x0000000008000108                strcmp
 .text          0x000000000800011c        0xe C:/ST/STM32CubeIDE_1.14.1/STM32CubeIDE/plugins/com.st.stm32cube.ide.mcu.externaltools.gnu-tools-for-stm32.11.3.rel1.win32_1.1.100.202309141235/tools/bin/../lib/gcc/arm-none-eabi/11.3.1/../../../../arm-none-eabi/lib/thumb/v6-m/nofp\libc.a(libc_a-strlen.o)
                0x000000000800011c                strlen
 *fill*         0x000000000800012a        0x2 
 .text          0x000000000800012c       0x14 C:/ST/STM32CubeIDE_1.14.1/STM32CubeIDE/plugins/com.st.stm32cube.ide.mcu.externaltools.gnu-tools-for-stm32.11.3.rel1.win32_1.1.100.202309141235/tools/bin/../lib/gcc/arm-none-eabi/11.3.1/thumb/v6-m/nofp\libgcc.a(_thumb1_case_uqi.o)
                0x000000000800012c                __gnu_thumb1_case_uqi
 .text          0x0000000008000140       0x14 C:/ST/STM32CubeIDE_1.14.1/STM32CubeIDE/plugins/com.st.stm32cube.ide.mcu.externaltools.gnu-tools-for-stm32.11.3.rel1.win32_1.1.100.202309141235/tools/bin/../lib/gcc/arm-none-eabi/11.3.1/thumb/v6-m/nofp\libgcc.a(_thumb1_case_uhi.o)
                0x0000000008000140                __gnu_thumb1_case_uhi
 .text          0x0000000008000154      0x114 C:/ST/STM32CubeIDE_1.14.1/STM32CubeIDE/plugins/com.st.stm32cube.ide.mcu.externaltools.gnu-tools-for-stm32.11.3.rel1.win32_1.1.100.202309141235/tools/bin/../lib/gcc/arm-none-eabi/11.3.1/thumb/v6-m/nofp\libgcc.a(_udivsi3.o)
                0x0000000008000154                __aeabi_uidiv
                0x0000000008000154                __udivsi3
                0x0000000008000260                __aeabi_uidivmod
 .text          0x0000000008000268      0x1d4 C:/ST/STM32CubeIDE_1.14.1/STM32CubeIDE/plugins/com.st.stm32cube.ide.mcu.externaltools.gnu-tools-for-stm32.11.3.rel1.win32_1.1.100.202309141235/tools/bin/../lib/gcc/arm-none-eabi/11.3.1/thumb/v6-m/nofp\libgcc.a(_divsi3.o)
                0x0000000008000268                __divsi3
                0x0000000008000268                __aeabi_idiv
                0x0000000008000434                __aeabi_idivmod
 .text          0x000000000800043c        0x4 C:/ST/STM32CubeIDE_1.14.1/STM32CubeIDE/plugins/com.st.stm32cube.ide.mcu.externaltools.gnu-tools-for-stm32.11.3.rel1.win32_1.1.100.202309141235/tools/bin/../lib/gcc/arm-none-eabi/11.3.1/thumb/v6-m/nofp\libgcc.a(_dvmd_tls.o)
                0x000000000800043c                __aeabi_idiv0
                0x000000000800043c                __aeabi_ldiv0
 .text          0x0000000008000440       0x7c C:/ST/STM32CubeIDE_1.14.1/STM32CubeIDE/plugins/com.st.stm32cube.ide.mcu.externaltools.gnu-tools-for-stm32.11.3.rel1.win32_1.1.100.202309141235/tools/bin/../lib/gcc/arm-none-eabi/11.3.1/thumb/v6-m/nofp\libgcc.a(_arm_cmpdf2.o)
                0x0000000008000440                __aeabi_cdrcmple
                0x0000000008000450                __aeabi_cdcmple
                0x0000000008000450                __aeabi_cdcmpeq
                0x0000000008000460                __aeabi_dcmpeq
                0x000000000800046c                __aeabi_dcmplt
                0x0000000008000480                __aeabi_dcmple
                0x0000000008000494                __aeabi_dcmpgt
                0x00000000080004a8                __aeabi_dcmpge
 .text          0x00000000080004bc       0x74 C:/ST/STM32CubeIDE_1.14.1/STM32CubeIDE/plugins/com.st.stm32cube.ide.mcu.externaltools.gnu-tools-for-stm32.11.3.rel1.win32_1.1.100.202309141235/tools/bin/../lib/gcc/arm-none-eabi/11.3.1/thumb/v6-m/nofp\libgcc.a(_arm_cmpsf2.o)
                0x00000000080004bc                __aeabi_cfrcmple
                0x00000000080004c4                __aeabi_cfcmpeq
                0x00000000080004c4                __aeabi_cfcmple
                0x00000000080004d4                __aeabi_fcmpeq
                0x00000000080004e0                __aeabi_fcmplt
                0x00000000080004f4                __aeabi_fcmple
                0x0000000008000508                __aeabi_fcmpgt
                0x000000000800051c                __aeabi_fcmpge
 .text          0x0000000008000530       0x14 C:/ST/STM32CubeIDE_1.14.1/STM32CubeIDE/plugins/com.st.stm32cube.ide.mcu.externaltools.gnu-tools-for-stm32.11.3.rel1.win32_1.1.100.202309141235/tools/bin/../lib/gcc/arm-none-eabi/11.3.1/thumb/v6-m/nofp\libgcc.a(_aeabi_ulcmp.o)
                0x0000000008000530                __aeabi_ulcmp
 .text          0x0000000008000544       0x40 C:/ST/STM32CubeIDE_1.14.1/STM32CubeIDE/plugins/com.st.stm32cube.ide.mcu.externaltools.gnu-tools-for-stm32.11.3.rel1.win32_1.1.100.202309141235/tools/bin/../lib/gcc/arm-none-eabi/11.3.1/thumb/v6-m/nofp\libgcc.a(_aeabi_uldivmod.o)
                0x0000000008000544                __aeabi_uldivmod
 .text          0x0000000008000584       0x5c C:/ST/STM32CubeIDE_1.14.1/STM32CubeIDE/plugins/com.st.stm32cube.ide.mcu.externaltools.gnu-tools-for-stm32.11.3.rel1.win32_1.1.100.202309141235/tools/bin/../lib/gcc/arm-none-eabi/11.3.1/thumb/v6-m/nofp\libgcc.a(_muldi3.o)
                0x0000000008000584                __muldi3
                0x0000000008000584                __aeabi_lmul
 .text          0x00000000080005e0       0x30 C:/ST/STM32CubeIDE_1.14.1/STM32CubeIDE/plugins/com.st.stm32cube.ide.mcu.externaltools.gnu-tools-for-stm32.11.3.rel1.win32_1.1.100.202309141235/tools/bin/../lib/gcc/arm-none-eabi/11.3.1/thumb/v6-m/nofp\libgcc.a(_fixunssfsi.o)
                0x00000000080005e0                __fixunssfsi
                0x00000000080005e0                __aeabi_f2uiz
 .text          0x0000000008000610       0x3c C:/ST/STM32CubeIDE_1.14.1/STM32CubeIDE/plugins/com.st.stm32cube.ide.mcu.externaltools.gnu-tools-for-stm32.11.3.rel1.win32_1.1.100.202309141235/tools/bin/../lib/gcc/arm-none-eabi/11.3.1/thumb/v6-m/nofp\libgcc.a(_fixunsdfsi.o)
                0x0000000008000610                __aeabi_d2uiz
                0x0000000008000610                __fixunsdfsi
 .text          0x000000000800064c       0x3c C:/ST/STM32CubeIDE_1.14.1/STM32CubeIDE/plugins/com.st.stm32cube.ide.mcu.externaltools.gnu-tools-for-stm32.11.3.rel1.win32_1.1.100.202309141235/tools/bin/../lib/gcc/arm-none-eabi/11.3.1/thumb/v6-m/nofp\libgcc.a(_fixdfdi.o)
                0x000000000800064c                __fixdfdi
                0x000000000800064c                __aeabi_d2lz
 .text          0x0000000008000688       0x3c C:/ST/STM32CubeIDE_1.14.1/STM32CubeIDE/plugins/com.st.stm32cube.ide.mcu.externaltools.gnu-tools-for-stm32.11.3.rel1.win32_1.1.100.202309141235/tools/bin/../lib/gcc/arm-none-eabi/11.3.1/thumb/v6-m/nofp\libgcc.a(_fixunsdfdi.o)
                0x0000000008000688                __fixunsdfdi
                0x0000000008000688                __aeabi_d2ulz
 .text          0x00000000080006c4       0x2c C:/ST/STM32CubeIDE_1.14.1/STM32CubeIDE/plugins/com.st.stm32cube.ide.mcu.externaltools.gnu-tools-for-stm32.11.3.rel1.win32_1.1.100.202309141235/tools/bin/../lib/gcc/arm-none-eabi/11.3.1/thumb/v6-m/nofp\libgcc.a(_floatdidf.o)
                0x00000000080006c4                __aeabi_l2d
                0x00000000080006c4                __floatdidf
 .text          0x00000000080006f0      0x198 C:/ST/STM32CubeIDE_1.14.1/STM32CubeIDE/plugins/com.st.stm32cube.ide.mcu.externaltools.gnu-tools-for-stm32.11.3.rel1.win32_1.1.100.202309141235/tools/bin/../lib/gcc/arm-none-eabi/11.3.1/thumb/v6-m/nofp\libgcc.a(_udivmoddi4.o)
                0x00000000080006f0                __udivmoddi4
 .text          0x0000000008000888      0x234 C:/ST/STM32CubeIDE_1.14.1/STM32CubeIDE/plugins/com.st.stm32cube.ide.mcu.externaltools.gnu-tools-for-stm32.11.3.rel1.win32_1.1.100.202309141235/tools/bin/../lib/gcc/arm-none-eabi/11.3.1/thumb/v6-m/nofp\libgcc.a(divsf3.o)
                0x0000000008000888                __aeabi_fdiv
 .text          0x0000000008000abc       0x4c C:/ST/STM32CubeIDE_1.14.1/STM32CubeIDE/plugins/com.st.stm32cube.ide.mcu.externaltools.gnu-tools-for-stm32.11.3.rel1.win32_1.1.100.202309141235/tools/bin/../lib/gcc/arm-none-eabi/11.3.1/thumb/v6-m/nofp\libgcc.a(eqsf2.o)
                0x0000000008000abc                __eqsf2
                0x0000000008000abc                __nesf2
 .text          0x0000000008000b08       0x8c C:/ST/STM32CubeIDE_1.14.1/STM32CubeIDE/plugins/com.st.stm32cube.ide.mcu.externaltools.gnu-tools-for-stm32.11.3.rel1.win32_1.1.100.202309141235/tools/bin/../lib/gcc/arm-none-eabi/11.3.1/thumb/v6-m/nofp\libgcc.a(gesf2.o)
                0x0000000008000b08                __gesf2
                0x0000000008000b08                __gtsf2
 .text          0x0000000008000b94       0x88 C:/ST/STM32CubeIDE_1.14.1/STM32CubeIDE/plugins/com.st.stm32cube.ide.mcu.externaltools.gnu-tools-for-stm32.11.3.rel1.win32_1.1.100.202309141235/tools/bin/../lib/gcc/arm-none-eabi/11.3.1/thumb/v6-m/nofp\libgcc.a(lesf2.o)
                0x0000000008000b94                __ltsf2
                0x0000000008000b94                __lesf2
 .text          0x0000000008000c1c      0x29c C:/ST/STM32CubeIDE_1.14.1/STM32CubeIDE/plugins/com.st.stm32cube.ide.mcu.externaltools.gnu-tools-for-stm32.11.3.rel1.win32_1.1.100.202309141235/tools/bin/../lib/gcc/arm-none-eabi/11.3.1/thumb/v6-m/nofp\libgcc.a(mulsf3.o)
                0x0000000008000c1c                __aeabi_fmul
 .text          0x0000000008000eb8      0x340 C:/ST/STM32CubeIDE_1.14.1/STM32CubeIDE/plugins/com.st.stm32cube.ide.mcu.externaltools.gnu-tools-for-stm32.11.3.rel1.win32_1.1.100.202309141235/tools/bin/../lib/gcc/arm-none-eabi/11.3.1/thumb/v6-m/nofp\libgcc.a(subsf3.o)
                0x0000000008000eb8                __aeabi_fsub
 .text          0x00000000080011f8       0x40 C:/ST/STM32CubeIDE_1.14.1/STM32CubeIDE/plugins/com.st.stm32cube.ide.mcu.externaltools.gnu-tools-for-stm32.11.3.rel1.win32_1.1.100.202309141235/tools/bin/../lib/gcc/arm-none-eabi/11.3.1/thumb/v6-m/nofp\libgcc.a(fixsfsi.o)
                0x00000000080011f8                __aeabi_f2iz
 .text          0x0000000008001238       0xa4 C:/ST/STM32CubeIDE_1.14.1/STM32CubeIDE/plugins/com.st.stm32cube.ide.mcu.externaltools.gnu-tools-for-stm32.11.3.rel1.win32_1.1.100.202309141235/tools/bin/../lib/gcc/arm-none-eabi/11.3.1/thumb/v6-m/nofp\libgcc.a(floatsisf.o)
                0x0000000008001238                __aeabi_i2f
 .text          0x00000000080012dc       0x90 C:/ST/STM32CubeIDE_1.14.1/STM32CubeIDE/plugins/com.st.stm32cube.ide.mcu.externaltools.gnu-tools-for-stm32.11.3.rel1.win32_1.1.100.202309141235/tools/bin/../lib/gcc/arm-none-eabi/11.3.1/thumb/v6-m/nofp\libgcc.a(floatunsisf.o)
                0x00000000080012dc                __aeabi_ui2f
 .text          0x000000000800136c      0x6c0 C:/ST/STM32CubeIDE_1.14.1/STM32CubeIDE/plugins/com.st.stm32cube.ide.mcu.externaltools.gnu-tools-for-stm32.11.3.rel1.win32_1.1.100.202309141235/tools/bin/../lib/gcc/arm-none-eabi/11.3.1/thumb/v6-m/nofp\libgcc.a(adddf3.o)
                0x000000000800136c                __aeabi_dadd
 .text          0x0000000008001a2c      0x5dc C:/ST/STM32CubeIDE_1.14.1/STM32CubeIDE/plugins/com.st.stm32cube.ide.mcu.externaltools.gnu-tools-for-stm32.11.3.rel1.win32_1.1.100.202309141235/tools/bin/../lib/gcc/arm-none-eabi/11.3.1/thumb/v6-m/nofp\libgcc.a(divdf3.o)
                0x0000000008001a2c                __aeabi_ddiv
 .text          0x0000000008002008       0x84 C:/ST/STM32CubeIDE_1.14.1/STM32CubeIDE/plugins/com.st.stm32cube.ide.mcu.externaltools.gnu-tools-for-stm32.11.3.rel1.win32_1.1.100.202309141235/tools/bin/../lib/gcc/arm-none-eabi/11.3.1/thumb/v6-m/nofp\libgcc.a(eqdf2.o)
                0x0000000008002008                __nedf2
                0x0000000008002008                __eqdf2
 .text          0x000000000800208c       0xcc C:/ST/STM32CubeIDE_1.14.1/STM32CubeIDE/plugins/com.st.stm32cube.ide.mcu.externaltools.gnu-tools-for-stm32.11.3.rel1.win32_1.1.100.202309141235/tools/bin/../lib/gcc/arm-none-eabi/11.3.1/thumb/v6-m/nofp\libgcc.a(gedf2.o)
                0x000000000800208c                __gedf2
                0x000000000800208c                __gtdf2
 .text          0x0000000008002158       0xc8 C:/ST/STM32CubeIDE_1.14.1/STM32CubeIDE/plugins/com.st.stm32cube.ide.mcu.externaltools.gnu-tools-for-stm32.11.3.rel1.win32_1.1.100.202309141235/tools/bin/../lib/gcc/arm-none-eabi/11.3.1/thumb/v6-m/nofp\libgcc.a(ledf2.o)
                0x0000000008002158                __ledf2
                0x0000000008002158                __ltdf2
 .text          0x0000000008002220      0x584 C:/ST/STM32CubeIDE_1.14.1/STM32CubeIDE/plugins/com.st.stm32cube.ide.mcu.externaltools.gnu-tools-for-stm32.11.3.rel1.win32_1.1.100.202309141235/tools/bin/../lib/gcc/arm-none-eabi/11.3.1/thumb/v6-m/nofp\libgcc.a(muldf3.o)
                0x0000000008002220                __aeabi_dmul
 .text          0x00000000080027a4      0x704 C:/ST/STM32CubeIDE_1.14.1/STM32CubeIDE/plugins/com.st.stm32cube.ide.mcu.externaltools.gnu-tools-for-stm32.11.3.rel1.win32_1.1.100.202309141235/tools/bin/../lib/gcc/arm-none-eabi/11.3.1/thumb/v6-m/nofp\libgcc.a(subdf3.o)
                0x00000000080027a4                __aeabi_dsub
 .text          0x0000000008002ea8       0x3c C:/ST/STM32CubeIDE_1.14.1/STM32CubeIDE/plugins/com.st.stm32cube.ide.mcu.externaltools.gnu-tools-for-stm32.11.3.rel1.win32_1.1.100.202309141235/tools/bin/../lib/gcc/arm-none-eabi/11.3.1/thumb/v6-m/nofp\libgcc.a(unorddf2.o)
                0x0000000008002ea8                __aeabi_dcmpun
 .text          0x0000000008002ee4       0x6c C:/ST/STM32CubeIDE_1.14.1/STM32CubeIDE/plugins/com.st.stm32cube.ide.mcu.externaltools.gnu-tools-for-stm32.11.3.rel1.win32_1.1.100.202309141235/tools/bin/../lib/gcc/arm-none-eabi/11.3.1/thumb/v6-m/nofp\libgcc.a(fixdfsi.o)
                0x0000000008002ee4                __aeabi_d2iz
 .text          0x0000000008002f50       0x60 C:/ST/STM32CubeIDE_1.14.1/STM32CubeIDE/plugins/com.st.stm32cube.ide.mcu.externaltools.gnu-tools-for-stm32.11.3.rel1.win32_1.1.100.202309141235/tools/bin/../lib/gcc/arm-none-eabi/11.3.1/thumb/v6-m/nofp\libgcc.a(floatsidf.o)
                0x0000000008002f50                __aeabi_i2d
 .text          0x0000000008002fb0       0x4c C:/ST/STM32CubeIDE_1.14.1/STM32CubeIDE/plugins/com.st.stm32cube.ide.mcu.externaltools.gnu-tools-for-stm32.11.3.rel1.win32_1.1.100.202309141235/tools/bin/../lib/gcc/arm-none-eabi/11.3.1/thumb/v6-m/nofp\libgcc.a(floatunsidf.o)
                0x0000000008002fb0                __aeabi_ui2d
 .text          0x0000000008002ffc       0x90 C:/ST/STM32CubeIDE_1.14.1/STM32CubeIDE/plugins/com.st.stm32cube.ide.mcu.externaltools.gnu-tools-for-stm32.11.3.rel1.win32_1.1.100.202309141235/tools/bin/../lib/gcc/arm-none-eabi/11.3.1/thumb/v6-m/nofp\libgcc.a(extendsfdf2.o)
                0x0000000008002ffc                __aeabi_f2d
 .text          0x000000000800308c      0x10c C:/ST/STM32CubeIDE_1.14.1/STM32CubeIDE/plugins/com.st.stm32cube.ide.mcu.externaltools.gnu-tools-for-stm32.11.3.rel1.win32_1.1.100.202309141235/tools/bin/../lib/gcc/arm-none-eabi/11.3.1/thumb/v6-m/nofp\libgcc.a(truncdfsf2.o)
                0x000000000800308c                __aeabi_d2f
 .text          0x0000000008003198       0x3c C:/ST/STM32CubeIDE_1.14.1/STM32CubeIDE/plugins/com.st.stm32cube.ide.mcu.externaltools.gnu-tools-for-stm32.11.3.rel1.win32_1.1.100.202309141235/tools/bin/../lib/gcc/arm-none-eabi/11.3.1/thumb/v6-m/nofp\libgcc.a(_clzsi2.o)
                0x0000000008003198                __clzsi2
 .text          0x00000000080031d4       0x18 C:/ST/STM32CubeIDE_1.14.1/STM32CubeIDE/plugins/com.st.stm32cube.ide.mcu.externaltools.gnu-tools-for-stm32.11.3.rel1.win32_1.1.100.202309141235/tools/bin/../lib/gcc/arm-none-eabi/11.3.1/thumb/v6-m/nofp\libgcc.a(_clzdi2.o)
                0x00000000080031d4                __clzdi2
 *(.text*)
 .text.__NVIC_SystemReset
                0x00000000080031ec       0x24 BOS\BOS.o
 .text.Processor_type
                0x0000000008003210       0x6a BOS\BOS.o
                0x0000000008003210                Processor_type
 *fill*         0x000000000800327a        0x2 
 .text.Get_Module_Name
                0x000000000800327c       0x2c BOS\BOS.o
                0x000000000800327c                Get_Module_Name
 .text.Send_BOS_Message
                0x00000000080032a8       0xfc BOS\BOS.o
                0x00000000080032a8                Send_BOS_Message
 .text.LoadEEvars
                0x00000000080033a4       0x26 BOS\BOS.o
                0x00000000080033a4                LoadEEvars
 *fill*         0x00000000080033ca        0x2 
 .text.LoadEEportsDir
                0x00000000080033cc       0x68 BOS\BOS.o
                0x00000000080033cc                LoadEEportsDir
 .text.LoadEEalias
                0x0000000008003434       0xd8 BOS\BOS.o
                0x0000000008003434                LoadEEalias
 .text.LoadEEgroup
                0x000000000800350c      0x120 BOS\BOS.o
                0x000000000800350c                LoadEEgroup
 .text.LoadEEstreams
                0x000000000800362c      0x21c BOS\BOS.o
                0x000000000800362c                LoadEEstreams
 .text.LoadEEparams
                0x0000000008003848      0x260 BOS\BOS.o
                0x0000000008003848                LoadEEparams
 .text.LoadEEbuttons
                0x0000000008003aa8      0x2ec BOS\BOS.o
                0x0000000008003aa8                LoadEEbuttons
 .text.LoadROsnippets
                0x0000000008003d94      0x1d8 BOS\BOS.o
                0x0000000008003d94                LoadROsnippets
 .text.SaveEEportsDir
                0x0000000008003f6c       0x78 BOS\BOS.o
                0x0000000008003f6c                SaveEEportsDir
 .text.SaveEEalias
                0x0000000008003fe4       0xd4 BOS\BOS.o
                0x0000000008003fe4                SaveEEalias
 .text.SaveEEstreams
                0x00000000080040b8       0xdc BOS\BOS.o
                0x00000000080040b8                SaveEEstreams
 .text.SaveEEparams
                0x0000000008004194       0xf8 BOS\BOS.o
                0x0000000008004194                SaveEEparams
 .text.ClearEEportsDir
                0x000000000800428c       0x84 BOS\BOS.o
                0x000000000800428c                ClearEEportsDir
 .text.EE_FormatForFactoryReset
                0x0000000008004310       0x2c BOS\BOS.o
                0x0000000008004310                EE_FormatForFactoryReset
 .text.IsLowerCLIbaud
                0x000000000800433c       0xe8 BOS\BOS.o
                0x000000000800433c                IsLowerCLIbaud
 .text.IsModuleParameter
                0x0000000008004424       0x64 BOS\BOS.o
                0x0000000008004424                IsModuleParameter
 .text.IsMathOperator
                0x0000000008004488       0xc4 BOS\BOS.o
                0x0000000008004488                IsMathOperator
 .text.BOS_Init
                0x000000000800454c      0x190 BOS\BOS.o
                0x000000000800454c                BOS_Init
 .text.Module_Init
                0x00000000080046dc       0x1e BOS\BOS.o
                0x00000000080046dc                Module_Init
 *fill*         0x00000000080046fa        0x2 
 .text.FindBroadcastRoutes
                0x00000000080046fc      0x39c BOS\BOS.o
                0x00000000080046fc                FindBroadcastRoutes
 .text.FindRoute
                0x0000000008004a98      0x2b4 BOS\BOS.o
                0x0000000008004a98                FindRoute
 .text.minArr   0x0000000008004d4c       0x88 BOS\BOS.o
                0x0000000008004d4c                minArr
 .text.QnotEmpty
                0x0000000008004dd4       0x50 BOS\BOS.o
                0x0000000008004dd4                QnotEmpty
 .text.DisplayTopology
                0x0000000008004e24      0x250 BOS\BOS.o
                0x0000000008004e24                DisplayTopology
 .text.DisplayPortsDir
                0x0000000008005074      0x118 BOS\BOS.o
                0x0000000008005074                DisplayPortsDir
 .text.DisplayModuleStatus
                0x000000000800518c      0x3c0 BOS\BOS.o
                0x000000000800518c                DisplayModuleStatus
 .text.GetID    0x000000000800554c      0x15c BOS\BOS.o
                0x000000000800554c                GetID
 .text.NameModule
                0x00000000080056a8      0x140 BOS\BOS.o
                0x00000000080056a8                NameModule
 .text.AddModuleToGroup
                0x00000000080057e8      0x1b8 BOS\BOS.o
                0x00000000080057e8                AddModuleToGroup
 .text.WriteToRemote
                0x00000000080059a0      0x460 BOS\BOS.o
                0x00000000080059a0                WriteToRemote
 .text.GetDateString
                0x0000000008005e00       0x5c BOS\BOS.o
                0x0000000008005e00                GetDateString
 .text.Bridge   0x0000000008005e5c       0x4c BOS\BOS.o
                0x0000000008005e5c                Bridge
 .text.Unbridge
                0x0000000008005ea8       0xcc BOS\BOS.o
                0x0000000008005ea8                Unbridge
 .text.EnableStopModebyUARTx
                0x0000000008005f74       0xb8 BOS\BOS.o
                0x0000000008005f74                EnableStopModebyUARTx
 .text.EnableStandbyModebyWakeupPinx
                0x000000000800602c       0x64 BOS\BOS.o
                0x000000000800602c                EnableStandbyModebyWakeupPinx
 .text.DisableStandbyModeWakeupPinx
                0x0000000008006090       0x9c BOS\BOS.o
                0x0000000008006090                DisableStandbyModeWakeupPinx
 .text.prvCLITask
                0x000000000800612c      0x278 BOS\BOS_CLI.o
                0x000000000800612c                prvCLITask
 .text.CLI_CommandParser
                0x00000000080063a4      0x574 BOS\BOS_CLI.o
                0x00000000080063a4                CLI_CommandParser
 .text.StringToLowerCase
                0x0000000008006918       0x6c BOS\BOS_CLI.o
                0x0000000008006918                StringToLowerCase
 .text.AddSnippet
                0x0000000008006984      0x1b4 BOS\BOS_CLI.o
                0x0000000008006984                AddSnippet
 .text.ParseSnippetCondition
                0x0000000008006b38      0x7f8 BOS\BOS_CLI.o
                0x0000000008006b38                ParseSnippetCondition
 .text.ParseSnippetCommand
                0x0000000008007330       0xc8 BOS\BOS_CLI.o
                0x0000000008007330                ParseSnippetCommand
 .text.CheckSnippetCondition
                0x00000000080073f8      0x1b4 BOS\BOS_CLI.o
                0x00000000080073f8                CheckSnippetCondition
 .text.ExecuteSnippet
                0x00000000080075ac       0xd0 BOS\BOS_CLI.o
                0x00000000080075ac                ExecuteSnippet
 .text.__NVIC_SystemReset
                0x000000000800767c       0x24 BOS\BOS_CLIcommands.o
 .text.RegisterUserCLICommands
                0x00000000080076a0        0xa BOS\BOS_CLIcommands.o
                0x00000000080076a0                RegisterUserCLICommands
 *fill*         0x00000000080076aa        0x2 
 .text.vRegisterCLICommands
                0x00000000080076ac      0x19c BOS\BOS_CLIcommands.o
                0x00000000080076ac                vRegisterCLICommands
 .text.prvTaskStatsCommand
                0x0000000008007848       0x40 BOS\BOS_CLIcommands.o
 .text.prvRunTimeStatsCommand
                0x0000000008007888       0x40 BOS\BOS_CLIcommands.o
 .text.pingCommand
                0x00000000080078c8       0x9c BOS\BOS_CLIcommands.o
 .text.bootloaderUpdateCommand
                0x0000000008007964      0x1fc BOS\BOS_CLIcommands.o
 .text.resetCommand
                0x0000000008007b60       0x10 BOS\BOS_CLIcommands.o
 .text.nameCommand
                0x0000000008007b70       0xe8 BOS\BOS_CLIcommands.o
 .text.groupCommand
                0x0000000008007c58      0x2fc BOS\BOS_CLIcommands.o
 .text.statusCommand
                0x0000000008007f54       0x1c BOS\BOS_CLIcommands.o
 .text.infoCommand
                0x0000000008007f70       0xfc BOS\BOS_CLIcommands.o
 .text.scastCommand
                0x000000000800806c      0x2dc BOS\BOS_CLIcommands.o
 .text.addbuttonCommand
                0x0000000008008348      0x150 BOS\BOS_CLIcommands.o
 .text.removebuttonCommand
                0x0000000008008498       0x94 BOS\BOS_CLIcommands.o
 .text.setCommand
                0x000000000800852c      0xbf8 BOS\BOS_CLIcommands.o
 .text.getCommand
                0x0000000008009124      0x3b4 BOS\BOS_CLIcommands.o
 .text.defaultCommand
                0x00000000080094d8       0xf4 BOS\BOS_CLIcommands.o
 .text.timeCommand
                0x00000000080095cc       0xd8 BOS\BOS_CLIcommands.o
 .text.dateCommand
                0x00000000080096a4       0x34 BOS\BOS_CLIcommands.o
 .text.setBaudrateCommand
                0x00000000080096d8       0xc0 BOS\BOS_CLIcommands.o
 .text.uuidCommand
                0x0000000008009798       0x70 BOS\BOS_CLIcommands.o
 .text.idcodeCommand
                0x0000000008009808       0xe0 BOS\BOS_CLIcommands.o
 .text.flashsizeCommand
                0x00000000080098e8       0x34 BOS\BOS_CLIcommands.o
 .text.snipCommand
                0x000000000800991c      0x3ac BOS\BOS_CLIcommands.o
 .text.actSnipCommand
                0x0000000008009cc8       0xb8 BOS\BOS_CLIcommands.o
 .text.pauseSnipCommand
                0x0000000008009d80       0xb8 BOS\BOS_CLIcommands.o
 .text.delSnipCommand
                0x0000000008009e38      0x1d4 BOS\BOS_CLIcommands.o
 .text.bridgeCommand
                0x000000000800a00c      0x11c BOS\BOS_CLIcommands.o
 .text.unbridgeCommand
                0x000000000800a128      0x11c BOS\BOS_CLIcommands.o
 .text.testportCommand
                0x000000000800a244      0x2e8 BOS\BOS_CLIcommands.o
 .text.ADCReadCommand
                0x000000000800a52c      0x134 BOS\BOS_CLIcommands.o
 .text.ReadTempCommand
                0x000000000800a660       0x54 BOS\BOS_CLIcommands.o
 .text.ReadVrefCommand
                0x000000000800a6b4       0x54 BOS\BOS_CLIcommands.o
 .text.GetReadPrecentageCommand
                0x000000000800a708       0x98 BOS\BOS_CLIcommands.o
 .text.StartDMAstream
                0x000000000800a7a0       0xb0 BOS\BOS_dma.o
                0x000000000800a7a0                StartDMAstream
 .text.ResetUartORE
                0x000000000800a850       0x48 BOS\BOS_dma.o
                0x000000000800a850                ResetUartORE
 .text.MX_FREERTOS_Init
                0x000000000800a898      0x214 BOS\BOS_freertos.o
                0x000000000800a898                MX_FREERTOS_Init
 .text.StartDefaultTask
                0x000000000800aaac      0x118 BOS\BOS_freertos.o
                0x000000000800aaac                StartDefaultTask
 .text.ExecuteMonitor
                0x000000000800abc4      0x4c8 BOS\BOS_freertos.o
                0x000000000800abc4                ExecuteMonitor
 .text.vMainConfigureTimerForRunTimeStats
                0x000000000800b08c       0x2c BOS\BOS_freertos.o
                0x000000000800b08c                vMainConfigureTimerForRunTimeStats
 .text.ulMainGetRunTimeCounterValue
                0x000000000800b0b8       0x90 BOS\BOS_freertos.o
                0x000000000800b0b8                ulMainGetRunTimeCounterValue
 .text.SetupDMAStreams
                0x000000000800b148      0x27c BOS\BOS_messaging.o
                0x000000000800b148                SetupDMAStreams
 .text.StreamTimerCallback
                0x000000000800b3c4       0x34 BOS\BOS_messaging.o
                0x000000000800b3c4                StreamTimerCallback
 .text.ForwardReceivedMessage
                0x000000000800b3f8       0x78 BOS\BOS_messaging.o
                0x000000000800b3f8                ForwardReceivedMessage
 .text.BroadcastReceivedMessage
                0x000000000800b470       0x70 BOS\BOS_messaging.o
                0x000000000800b470                BroadcastReceivedMessage
 .text.NotifyMessagingTask
                0x000000000800b4e0       0x90 BOS\BOS_messaging.o
                0x000000000800b4e0                NotifyMessagingTask
 .text.BroadcastMessage
                0x000000000800b570       0x94 BOS\BOS_messaging.o
                0x000000000800b570                BroadcastMessage
 .text.SendMessageToModule
                0x000000000800b604       0xa0 BOS\BOS_messaging.o
                0x000000000800b604                SendMessageToModule
 .text.SendMessageFromPort
                0x000000000800b6a4      0x6b4 BOS\BOS_messaging.o
                0x000000000800b6a4                SendMessageFromPort
 .text.StartScastDMAStream
                0x000000000800bd58      0x30c BOS\BOS_messaging.o
                0x000000000800bd58                StartScastDMAStream
 .text.__NVIC_SystemReset
                0x000000000800c064       0x24 BOS\BOS_msgparser.o
 .text.BackEndTask
                0x000000000800c088      0x858 BOS\BOS_msgparser.o
                0x000000000800c088                BackEndTask
 .text.PxMessagingTask
                0x000000000800c8e0     0x54c8 BOS\BOS_msgparser.o
                0x000000000800c8e0                PxMessagingTask
 .text.User_MessagingParser
                0x0000000008011da8       0x3a BOS\BOS_msgparser.o
                0x0000000008011da8                User_MessagingParser
 *fill*         0x0000000008011de2        0x2 
 .text.SystemClock_Config
                0x0000000008011de4      0x154 H05R0\H05R0.o
                0x0000000008011de4                SystemClock_Config
 .text.SaveToRO
                0x0000000008011f38      0x414 H05R0\H05R0.o
                0x0000000008011f38                SaveToRO
 .text.remoteBootloaderUpdate
                0x000000000801234c      0x178 H05R0\H05R0.o
                0x000000000801234c                remoteBootloaderUpdate
 .text.SetupPortForRemoteBootloaderUpdate
                0x00000000080124c4       0x52 H05R0\H05R0.o
                0x00000000080124c4                SetupPortForRemoteBootloaderUpdate
 *fill*         0x0000000008012516        0x2 
 .text.Module_Peripheral_Init
                0x0000000008012518      0x168 H05R0\H05R0.o
                0x0000000008012518                Module_Peripheral_Init
 .text.Module_MessagingTask
                0x0000000008012680      0x3a4 H05R0\H05R0.o
                0x0000000008012680                Module_MessagingTask
 .text.GetPort  0x0000000008012a24       0x80 H05R0\H05R0.o
                0x0000000008012a24                GetPort
 .text.RegisterModuleCLICommands
                0x0000000008012aa4       0xfc H05R0\H05R0.o
                0x0000000008012aa4                RegisterModuleCLICommands
 .text.LipoChargerTask
                0x0000000008012ba0      0x168 H05R0\H05R0.o
                0x0000000008012ba0                LipoChargerTask
 .text.WriteReg
                0x0000000008012d08       0xe0 H05R0\H05R0.o
                0x0000000008012d08                WriteReg
 .text.ReadReg  0x0000000008012de8      0x118 H05R0\H05R0.o
                0x0000000008012de8                ReadReg
 .text.Init_MAX17330
                0x0000000008012f00      0x19c H05R0\H05R0.o
                0x0000000008012f00                Init_MAX17330
 .text.ReadCellVoltage
                0x000000000801309c       0x78 H05R0\H05R0.o
                0x000000000801309c                ReadCellVoltage
 .text.ReadCellCurrent
                0x0000000008013114       0xa4 H05R0\H05R0.o
                0x0000000008013114                ReadCellCurrent
 .text.ReadCellPower
                0x00000000080131b8       0x98 H05R0\H05R0.o
                0x00000000080131b8                ReadCellPower
 .text.ReadTemperature
                0x0000000008013250       0x84 H05R0\H05R0.o
                0x0000000008013250                ReadTemperature
 .text.ReadCellCapacity
                0x00000000080132d4       0x78 H05R0\H05R0.o
                0x00000000080132d4                ReadCellCapacity
 .text.ReadCellStateOfCharge
                0x000000000801334c       0x5a H05R0\H05R0.o
                0x000000000801334c                ReadCellStateOfCharge
 *fill*         0x00000000080133a6        0x2 
 .text.ReadCellEstimatedTTE
                0x00000000080133a8       0x74 H05R0\H05R0.o
                0x00000000080133a8                ReadCellEstimatedTTE
 .text.ReadCellEstimatedTTF
                0x000000000801341c       0x74 H05R0\H05R0.o
                0x000000000801341c                ReadCellEstimatedTTF
 .text.ReadCellAge
                0x0000000008013490       0x5a H05R0\H05R0.o
                0x0000000008013490                ReadCellAge
 .text.ReadCellCycles
                0x00000000080134ea       0x58 H05R0\H05R0.o
                0x00000000080134ea                ReadCellCycles
 .text.ReadCellCalInterRes
                0x0000000008013542       0x6a H05R0\H05R0.o
                0x0000000008013542                ReadCellCalInterRes
 .text.ReadAllAnalogMeasurements
                0x00000000080135ac      0x222 H05R0\H05R0.o
                0x00000000080135ac                ReadAllAnalogMeasurements
 .text.ConvertTwosComplToDec
                0x00000000080137ce       0x38 H05R0\H05R0.o
                0x00000000080137ce                ConvertTwosComplToDec
 *fill*         0x0000000008013806        0x2 
 .text.ReadSetChargVoltage
                0x0000000008013808       0x78 H05R0\H05R0.o
                0x0000000008013808                ReadSetChargVoltage
 .text.ReadSetChargCurrent
                0x0000000008013880       0x78 H05R0\H05R0.o
                0x0000000008013880                ReadSetChargCurrent
 .text.Exportstreamtoterminal
                0x00000000080138f8      0x7cc H05R0\H05R0.o
                0x00000000080138f8                Exportstreamtoterminal
 .text.PollingSleepCLISafe
                0x00000000080140c4      0x108 H05R0\H05R0.o
 .text.CheckChargingStatus
                0x00000000080141cc       0x64 H05R0\H05R0.o
                0x00000000080141cc                CheckChargingStatus
 .text.Exporttoport
                0x0000000008014230      0xa0c H05R0\H05R0.o
                0x0000000008014230                Exporttoport
 .text.SampletoPort
                0x0000000008014c3c       0x60 H05R0\H05R0.o
                0x0000000008014c3c                SampletoPort
 .text.Exportstreamtoport
                0x0000000008014c9c       0xb4 H05R0\H05R0.o
                0x0000000008014c9c                Exportstreamtoport
 .text.StreamMemsToCLI
                0x0000000008014d50      0x178 H05R0\H05R0.o
 .text.SampleVoltageToString
                0x0000000008014ec8       0x40 H05R0\H05R0.o
                0x0000000008014ec8                SampleVoltageToString
 .text.SamplecurrentToString
                0x0000000008014f08       0x40 H05R0\H05R0.o
                0x0000000008014f08                SamplecurrentToString
 .text.SamplepowrToString
                0x0000000008014f48       0x40 H05R0\H05R0.o
                0x0000000008014f48                SamplepowrToString
 .text.SampleTempToString
                0x0000000008014f88       0x40 H05R0\H05R0.o
                0x0000000008014f88                SampleTempToString
 .text.SamplebatCapacityToString
                0x0000000008014fc8       0x40 H05R0\H05R0.o
                0x0000000008014fc8                SamplebatCapacityToString
 .text.SamplebatSOCToString
                0x0000000008015008       0x38 H05R0\H05R0.o
                0x0000000008015008                SamplebatSOCToString
 .text.CLI_ReadCellVoltageCommand
                0x0000000008015040       0x74 H05R0\H05R0.o
                0x0000000008015040                CLI_ReadCellVoltageCommand
 .text.CLI_ReadCellVoltageCommandstream
                0x00000000080150b4       0x84 H05R0\H05R0.o
                0x00000000080150b4                CLI_ReadCellVoltageCommandstream
 .text.CLI_ReadCellPowrCommandstream
                0x0000000008015138       0x84 H05R0\H05R0.o
                0x0000000008015138                CLI_ReadCellPowrCommandstream
 .text.CLI_ReadCellsocCommandstream
                0x00000000080151bc       0x84 H05R0\H05R0.o
                0x00000000080151bc                CLI_ReadCellsocCommandstream
 .text.CLI_ReadCellcapacityCommandstream
                0x0000000008015240       0x84 H05R0\H05R0.o
                0x0000000008015240                CLI_ReadCellcapacityCommandstream
 .text.CLI_ReadCelltempCommandstream
                0x00000000080152c4       0x84 H05R0\H05R0.o
                0x00000000080152c4                CLI_ReadCelltempCommandstream
 .text.CLI_ReadCellcurrentCommandstream
                0x0000000008015348       0x84 H05R0\H05R0.o
                0x0000000008015348                CLI_ReadCellcurrentCommandstream
 .text.CLI_ReadCellCurrentCommand
                0x00000000080153cc       0x74 H05R0\H05R0.o
                0x00000000080153cc                CLI_ReadCellCurrentCommand
 .text.CLI_ReadCellPowerCommand
                0x0000000008015440       0x74 H05R0\H05R0.o
                0x0000000008015440                CLI_ReadCellPowerCommand
 .text.CLI_ReadTemperatureCommand
                0x00000000080154b4       0x74 H05R0\H05R0.o
                0x00000000080154b4                CLI_ReadTemperatureCommand
 .text.CLI_ReadCellCapacityCommand
                0x0000000008015528       0x74 H05R0\H05R0.o
                0x0000000008015528                CLI_ReadCellCapacityCommand
 .text.CLI_ReadCellStateOfChargeCommand
                0x000000000801559c       0x70 H05R0\H05R0.o
                0x000000000801559c                CLI_ReadCellStateOfChargeCommand
 .text.CLI_ReadCellEstimatedTTECommand
                0x000000000801560c       0x6c H05R0\H05R0.o
                0x000000000801560c                CLI_ReadCellEstimatedTTECommand
 .text.CLI_ReadCellEstimatedTTFCommand
                0x0000000008015678       0x6c H05R0\H05R0.o
                0x0000000008015678                CLI_ReadCellEstimatedTTFCommand
 .text.CLI_ReadCellAgeCommand
                0x00000000080156e4       0x70 H05R0\H05R0.o
                0x00000000080156e4                CLI_ReadCellAgeCommand
 .text.CLI_ReadCellCyclesCommand
                0x0000000008015754       0x70 H05R0\H05R0.o
                0x0000000008015754                CLI_ReadCellCyclesCommand
 .text.CLI_ReadCellCalInterResCommand
                0x00000000080157c4       0x74 H05R0\H05R0.o
                0x00000000080157c4                CLI_ReadCellCalInterResCommand
 .text.CLI_ReadSetChargVoltageCommand
                0x0000000008015838       0x74 H05R0\H05R0.o
                0x0000000008015838                CLI_ReadSetChargVoltageCommand
 .text.CLI_ReadSetChargCurrentCommand
                0x00000000080158ac       0x74 H05R0\H05R0.o
                0x00000000080158ac                CLI_ReadSetChargCurrentCommand
 .text.CLI_ReadAllAnalogMeasurementsCommand
                0x0000000008015920      0x18c H05R0\H05R0.o
                0x0000000008015920                CLI_ReadAllAnalogMeasurementsCommand
 .text.LL_DMAMUX_SetRequestID
                0x0000000008015aac       0x3c H05R0\H05R0_dma.o
 .text.DMA_Init
                0x0000000008015ae8       0xa8 H05R0\H05R0_dma.o
                0x0000000008015ae8                DMA_Init
 .text.DMA_MSG_RX_CH_Init
                0x0000000008015b90       0x4c H05R0\H05R0_dma.o
                0x0000000008015b90                DMA_MSG_RX_CH_Init
 .text.DMA_STREAM_CH_Init
                0x0000000008015bdc       0x4c H05R0\H05R0_dma.o
                0x0000000008015bdc                DMA_STREAM_CH_Init
 .text.SetupMessagingRxDMAs
                0x0000000008015c28       0x9c H05R0\H05R0_dma.o
                0x0000000008015c28                SetupMessagingRxDMAs
 .text.DMA_MSG_RX_Setup
                0x0000000008015cc4       0x38 H05R0\H05R0_dma.o
                0x0000000008015cc4                DMA_MSG_RX_Setup
 .text.DMA_MSG_TX_UnSetup
                0x0000000008015cfc       0x28 H05R0\H05R0_dma.o
                0x0000000008015cfc                DMA_MSG_TX_UnSetup
 .text.DMA_STREAM_Setup
                0x0000000008015d24       0x68 H05R0\H05R0_dma.o
                0x0000000008015d24                DMA_STREAM_Setup
 .text.StopStreamDMA
                0x0000000008015d8c       0x70 H05R0\H05R0_dma.o
                0x0000000008015d8c                StopStreamDMA
 .text.StopMsgDMA
                0x0000000008015dfc       0x4c H05R0\H05R0_dma.o
                0x0000000008015dfc                StopMsgDMA
 .text.SwitchMsgDMAToStream
                0x0000000008015e48       0x50 H05R0\H05R0_dma.o
                0x0000000008015e48                SwitchMsgDMAToStream
 .text.SwitchStreamDMAToMsg
                0x0000000008015e98       0xd8 H05R0\H05R0_dma.o
                0x0000000008015e98                SwitchStreamDMAToMsg
 .text.UnSetupDMAInterrupts
                0x0000000008015f70       0xe4 H05R0\H05R0_dma.o
                0x0000000008015f70                UnSetupDMAInterrupts
 .text.RemapAndLinkDMAtoUARTRx
                0x0000000008016054      0x134 H05R0\H05R0_dma.o
                0x0000000008016054                RemapAndLinkDMAtoUARTRx
 .text.CRC_Init
                0x0000000008016188       0x44 H05R0\H05R0_dma.o
                0x0000000008016188                CRC_Init
 .text.HAL_CRC_MspInit
                0x00000000080161cc       0x30 H05R0\H05R0_dma.o
                0x00000000080161cc                HAL_CRC_MspInit
 .text.CalculateCRC8
                0x00000000080161fc      0x154 H05R0\H05R0_dma.o
                0x00000000080161fc                CalculateCRC8
 .text.EE_Init  0x0000000008016350      0x684 H05R0\H05R0_eeprom.o
                0x0000000008016350                EE_Init
 .text.EE_ReadVariable
                0x00000000080169d4       0xc0 H05R0\H05R0_eeprom.o
                0x00000000080169d4                EE_ReadVariable
 .text.EE_WriteVariable
                0x0000000008016a94       0x64 H05R0\H05R0_eeprom.o
                0x0000000008016a94                EE_WriteVariable
 .text.EE_Format
                0x0000000008016af8      0x14c H05R0\H05R0_eeprom.o
                0x0000000008016af8                EE_Format
 .text.EE_FindValidPage
                0x0000000008016c44       0x90 H05R0\H05R0_eeprom.o
 .text.EE_VerifyPageFullWriteVariable
                0x0000000008016cd4      0x160 H05R0\H05R0_eeprom.o
 .text.EE_PageTransfer
                0x0000000008016e34      0x20c H05R0\H05R0_eeprom.o
 .text.EraseSector
                0x0000000008017040       0x60 H05R0\H05R0_eeprom.o
                0x0000000008017040                EraseSector
 .text.GPIO_Init
                0x00000000080170a0       0x90 H05R0\H05R0_gpio.o
                0x00000000080170a0                GPIO_Init
 .text.MX_GPIO_Init
                0x0000000008017130       0xd0 H05R0\H05R0_gpio.o
                0x0000000008017130                MX_GPIO_Init
 .text.IND_LED_Init
                0x0000000008017200       0x38 H05R0\H05R0_gpio.o
                0x0000000008017200                IND_LED_Init
 .text.IsFactoryReset
                0x0000000008017238      0x15c H05R0\H05R0_gpio.o
                0x0000000008017238                IsFactoryReset
 .text.GetPortGPIOs
                0x0000000008017394      0x11c H05R0\H05R0_gpio.o
                0x0000000008017394                GetPortGPIOs
 .text.MX_I2C2_Init
                0x00000000080174b0       0x68 H05R0\H05R0_i2c.o
                0x00000000080174b0                MX_I2C2_Init
 .text.HAL_I2C_MspInit
                0x0000000008017518       0xb8 H05R0\H05R0_i2c.o
                0x0000000008017518                HAL_I2C_MspInit
 .text.WriteI2C
                0x00000000080175d0       0x6a H05R0\H05R0_i2c.o
                0x00000000080175d0                WriteI2C
 .text.ReadI2C  0x000000000801763a       0x64 H05R0\H05R0_i2c.o
                0x000000000801763a                ReadI2C
 .text.buttonPressedCallback
                0x000000000801769e       0x14 H05R0\H05R0_inputs.o
                0x000000000801769e                buttonPressedCallback
 *fill*         0x00000000080176b2        0x2 
 .text.CheckAttachedButtons
                0x00000000080176b4      0x7a8 H05R0\H05R0_inputs.o
                0x00000000080176b4                CheckAttachedButtons
 .text.CheckForTimedButtonPress
                0x0000000008017e5c       0xfc H05R0\H05R0_inputs.o
                0x0000000008017e5c                CheckForTimedButtonPress
 .text.CheckForTimedButtonRelease
                0x0000000008017f58       0xfc H05R0\H05R0_inputs.o
                0x0000000008017f58                CheckForTimedButtonRelease
 .text.AddPortButton
                0x0000000008018054      0x268 H05R0\H05R0_inputs.o
                0x0000000008018054                AddPortButton
 .text.RemovePortButton
                0x00000000080182bc      0x200 H05R0\H05R0_inputs.o
                0x00000000080182bc                RemovePortButton
 .text.SetButtonEvents
                0x00000000080184bc      0x77c H05R0\H05R0_inputs.o
                0x00000000080184bc                SetButtonEvents
 .text.MX_ADC_Init
                0x0000000008018c38       0x88 H05R0\H05R0_inputs.o
                0x0000000008018c38                MX_ADC_Init
 .text.HAL_ADC_MspInit
                0x0000000008018cc0       0xc4 H05R0\H05R0_inputs.o
                0x0000000008018cc0                HAL_ADC_MspInit
 .text.ADCSelectChannel
                0x0000000008018d84       0xac H05R0\H05R0_inputs.o
                0x0000000008018d84                ADCSelectChannel
 .text.ReadADCChannel
                0x0000000008018e30      0x10c H05R0\H05R0_inputs.o
                0x0000000008018e30                ReadADCChannel
 .text.ReadTempAndVref
                0x0000000008018f3c      0x1f0 H05R0\H05R0_inputs.o
                0x0000000008018f3c                ReadTempAndVref
 .text.GetReadPrecentage
                0x000000000801912c      0x220 H05R0\H05R0_inputs.o
                0x000000000801912c                GetReadPrecentage
 .text.Get_channel
                0x000000000801934c       0xac H05R0\H05R0_inputs.o
                0x000000000801934c                Get_channel
 .text.Error_Handler
                0x00000000080193f8       0x10 H05R0\H05R0_inputs.o
                0x00000000080193f8                Error_Handler
 .text.Get_Rank
                0x0000000008019408       0xa4 H05R0\H05R0_inputs.o
                0x0000000008019408                Get_Rank
 .text.buttonReleasedCallback
                0x00000000080194ac       0x14 H05R0\H05R0_inputs.o
                0x00000000080194ac                buttonReleasedCallback
 .text.buttonClickedCallback
                0x00000000080194c0       0x14 H05R0\H05R0_inputs.o
                0x00000000080194c0                buttonClickedCallback
 .text.buttonDblClickedCallback
                0x00000000080194d4       0x14 H05R0\H05R0_inputs.o
                0x00000000080194d4                buttonDblClickedCallback
 .text.buttonPressedForXCallback
                0x00000000080194e8       0x1a H05R0\H05R0_inputs.o
                0x00000000080194e8                buttonPressedForXCallback
 .text.buttonReleasedForYCallback
                0x0000000008019502       0x1a H05R0\H05R0_inputs.o
                0x0000000008019502                buttonReleasedForYCallback
 .text.__NVIC_SystemReset
                0x000000000801951c       0x24 H05R0\H05R0_it.o
 .text.SysTick_Handler
                0x0000000008019540       0x12 H05R0\H05R0_it.o
                0x0000000008019540                SysTick_Handler
 *fill*         0x0000000008019552        0x2 
 .text.HardFault_Handler
                0x0000000008019554       0x40 H05R0\H05R0_it.o
                0x0000000008019554                HardFault_Handler
 .text.EXTI0_1_IRQHandler
                0x0000000008019594        0xa H05R0\H05R0_it.o
                0x0000000008019594                EXTI0_1_IRQHandler
 *fill*         0x000000000801959e        0x2 
 .text.USART1_IRQHandler
                0x00000000080195a0       0x30 H05R0\H05R0_it.o
                0x00000000080195a0                USART1_IRQHandler
 .text.USART2_LPUART2_IRQHandler
                0x00000000080195d0       0x30 H05R0\H05R0_it.o
                0x00000000080195d0                USART2_LPUART2_IRQHandler
 .text.USART3_4_5_6_LPUART1_IRQHandler
                0x0000000008019600       0x48 H05R0\H05R0_it.o
                0x0000000008019600                USART3_4_5_6_LPUART1_IRQHandler
 .text.HAL_UART_TxCpltCallback
                0x0000000008019648       0x48 H05R0\H05R0_it.o
                0x0000000008019648                HAL_UART_TxCpltCallback
 .text.HAL_UART_ErrorCallback
                0x0000000008019690       0xd4 H05R0\H05R0_it.o
                0x0000000008019690                HAL_UART_ErrorCallback
 .text.HAL_UART_RxCpltCallback
                0x0000000008019764       0x10 H05R0\H05R0_it.o
                0x0000000008019764                HAL_UART_RxCpltCallback
 .text.HAL_UARTEx_WakeupCallback
                0x0000000008019774       0x5c H05R0\H05R0_it.o
                0x0000000008019774                HAL_UARTEx_WakeupCallback
 .text.TIM14_IRQHandler
                0x00000000080197d0       0x18 H05R0\H05R0_it.o
                0x00000000080197d0                TIM14_IRQHandler
 .text.HAL_TIM_PeriodElapsedCallback
                0x00000000080197e8       0x28 H05R0\H05R0_it.o
                0x00000000080197e8                HAL_TIM_PeriodElapsedCallback
 .text.vApplicationStackOverflowHook
                0x0000000008019810       0x44 H05R0\H05R0_it.o
                0x0000000008019810                vApplicationStackOverflowHook
 .text.vApplicationMallocFailedHook
                0x0000000008019854       0x40 H05R0\H05R0_it.o
                0x0000000008019854                vApplicationMallocFailedHook
 .text.RTC_Init
                0x0000000008019894       0xc4 H05R0\H05R0_rtc.o
                0x0000000008019894                RTC_Init
 .text.RTC_CalendarConfig
                0x0000000008019958      0x18c H05R0\H05R0_rtc.o
                0x0000000008019958                RTC_CalendarConfig
 .text.BOS_CalendarConfig
                0x0000000008019ae4      0x128 H05R0\H05R0_rtc.o
                0x0000000008019ae4                BOS_CalendarConfig
 .text.GetTimeDate
                0x0000000008019c0c       0x90 H05R0\H05R0_rtc.o
                0x0000000008019c0c                GetTimeDate
 .text.TIM_USEC_Init
                0x0000000008019c9c       0x74 H05R0\H05R0_timers.o
                0x0000000008019c9c                TIM_USEC_Init
 .text.TIM_MSEC_Init
                0x0000000008019d10       0x78 H05R0\H05R0_timers.o
                0x0000000008019d10                TIM_MSEC_Init
 .text.MX_TIM3_Init
                0x0000000008019d88      0x134 H05R0\H05R0_timers.o
                0x0000000008019d88                MX_TIM3_Init
 .text.MX_TIM14_Init
                0x0000000008019ebc       0x50 H05R0\H05R0_timers.o
                0x0000000008019ebc                MX_TIM14_Init
 .text.HAL_TIM_Base_MspInit
                0x0000000008019f0c       0x78 H05R0\H05R0_timers.o
                0x0000000008019f0c                HAL_TIM_Base_MspInit
 .text.StartMicroDelay
                0x0000000008019f84       0x48 H05R0\H05R0_timers.o
                0x0000000008019f84                StartMicroDelay
 .text.StartMilliDelay
                0x0000000008019fcc       0x48 H05R0\H05R0_timers.o
                0x0000000008019fcc                StartMilliDelay
 .text.MX_USART1_UART_Init
                0x000000000801a014       0x7c H05R0\H05R0_uart.o
                0x000000000801a014                MX_USART1_UART_Init
 .text.MX_USART2_UART_Init
                0x000000000801a090       0x7c H05R0\H05R0_uart.o
                0x000000000801a090                MX_USART2_UART_Init
 .text.MX_USART3_UART_Init
                0x000000000801a10c       0x7c H05R0\H05R0_uart.o
                0x000000000801a10c                MX_USART3_UART_Init
 .text.MX_USART5_UART_Init
                0x000000000801a188       0x60 H05R0\H05R0_uart.o
                0x000000000801a188                MX_USART5_UART_Init
 .text.MX_USART6_UART_Init
                0x000000000801a1e8       0x60 H05R0\H05R0_uart.o
                0x000000000801a1e8                MX_USART6_UART_Init
 .text.HAL_UART_MspInit
                0x000000000801a248      0x5ac H05R0\H05R0_uart.o
                0x000000000801a248                HAL_UART_MspInit
 .text.writePxMutex
                0x000000000801a7f4       0xac H05R0\H05R0_uart.o
                0x000000000801a7f4                writePxMutex
 .text.writePxITMutex
                0x000000000801a8a0       0x78 H05R0\H05R0_uart.o
                0x000000000801a8a0                writePxITMutex
 .text.UpdateBaudrate
                0x000000000801a918       0x3e H05R0\H05R0_uart.o
                0x000000000801a918                UpdateBaudrate
 *fill*         0x000000000801a956        0x2 
 .text.GetUart  0x000000000801a958       0x54 H05R0\H05R0_uart.o
                0x000000000801a958                GetUart
 .text.SwapUartPins
                0x000000000801a9ac       0xd0 H05R0\H05R0_uart.o
                0x000000000801a9ac                SwapUartPins
 .text.ReadPortsDir
                0x000000000801aa7c       0xa8 H05R0\H05R0_uart.o
                0x000000000801aa7c                ReadPortsDir
 .text.ReadPortsDirMSG
                0x000000000801ab24       0x80 H05R0\H05R0_uart.o
                0x000000000801ab24                ReadPortsDirMSG
 .text.Reset_Handler
                0x000000000801aba4       0x90 H05R0\startup_stm32g0b1ceuxn.o
                0x000000000801aba4                Reset_Handler
 .text.Default_Handler
                0x000000000801ac34        0x2 H05R0\startup_stm32g0b1ceuxn.o
                0x000000000801ac34                I2C2_3_IRQHandler
                0x000000000801ac34                TIM1_CC_IRQHandler
                0x000000000801ac34                ADC1_COMP_IRQHandler
                0x000000000801ac34                NMI_Handler
                0x000000000801ac34                I2C1_IRQHandler
                0x000000000801ac34                TIM7_LPTIM2_IRQHandler
                0x000000000801ac34                TIM17_FDCAN_IT1_IRQHandler
                0x000000000801ac34                DMA1_Ch4_7_DMA2_Ch1_5_DMAMUX1_OVR_IRQHandler
                0x000000000801ac34                RCC_CRS_IRQHandler
                0x000000000801ac34                RTC_TAMP_IRQHandler
                0x000000000801ac34                SPI1_IRQHandler
                0x000000000801ac34                USB_UCPD1_2_IRQHandler
                0x000000000801ac34                EXTI2_3_IRQHandler
                0x000000000801ac34                PVD_VDDIO2_IRQHandler
                0x000000000801ac34                EXTI4_15_IRQHandler
                0x000000000801ac34                DMA1_Channel1_IRQHandler
                0x000000000801ac34                Default_Handler
                0x000000000801ac34                CEC_IRQHandler
                0x000000000801ac34                TIM15_IRQHandler
                0x000000000801ac34                TIM3_TIM4_IRQHandler
                0x000000000801ac34                SPI2_3_IRQHandler
                0x000000000801ac34                TIM6_DAC_LPTIM1_IRQHandler
                0x000000000801ac34                WWDG_IRQHandler
                0x000000000801ac34                TIM2_IRQHandler
                0x000000000801ac34                DMA1_Channel2_3_IRQHandler
                0x000000000801ac34                FLASH_IRQHandler
                0x000000000801ac34                TIM16_FDCAN_IT0_IRQHandler
                0x000000000801ac34                TIM1_BRK_UP_TRG_COM_IRQHandler
 .text.SystemInit
                0x000000000801ac36        0xa Thirdparty\CMSIS\STM32G0xx\Device\ST\STM32G0xx\Source\Templates\system_stm32g0xx.o
                0x000000000801ac36                SystemInit
 .text.inHandlerMode
                0x000000000801ac40       0x1c Thirdparty\Middleware\STM32G0xx\FreeRTOS\Source\CMSIS_RTOS\cmsis_os.o
 .text.osKernelStart
                0x000000000801ac5c       0x10 Thirdparty\Middleware\STM32G0xx\FreeRTOS\Source\CMSIS_RTOS\cmsis_os.o
                0x000000000801ac5c                osKernelStart
 .text.osDelay  0x000000000801ac6c       0x28 Thirdparty\Middleware\STM32G0xx\FreeRTOS\Source\CMSIS_RTOS\cmsis_os.o
                0x000000000801ac6c                osDelay
 .text.osSemaphoreCreate
                0x000000000801ac94       0x4a Thirdparty\Middleware\STM32G0xx\FreeRTOS\Source\CMSIS_RTOS\cmsis_os.o
                0x000000000801ac94                osSemaphoreCreate
 *fill*         0x000000000801acde        0x2 
 .text.osSemaphoreWait
                0x000000000801ace0       0x94 Thirdparty\Middleware\STM32G0xx\FreeRTOS\Source\CMSIS_RTOS\cmsis_os.o
                0x000000000801ace0                osSemaphoreWait
 .text.osSemaphoreRelease
                0x000000000801ad74       0x64 Thirdparty\Middleware\STM32G0xx\FreeRTOS\Source\CMSIS_RTOS\cmsis_os.o
                0x000000000801ad74                osSemaphoreRelease
 .text.osSystickHandler
                0x000000000801add8       0x18 Thirdparty\Middleware\STM32G0xx\FreeRTOS\Source\CMSIS_RTOS\cmsis_os.o
                0x000000000801add8                osSystickHandler
 .text.FreeRTOS_CLIRegisterCommand
                0x000000000801adf0       0x50 Thirdparty\Middleware\STM32G0xx\FreeRTOS\Source\FreeRTOS_CLI.o
                0x000000000801adf0                FreeRTOS_CLIRegisterCommand
 .text.FreeRTOS_CLIProcessCommand
                0x000000000801ae40      0x11c Thirdparty\Middleware\STM32G0xx\FreeRTOS\Source\FreeRTOS_CLI.o
                0x000000000801ae40                FreeRTOS_CLIProcessCommand
 .text.FreeRTOS_CLIGetOutputBuffer
                0x000000000801af5c       0x10 Thirdparty\Middleware\STM32G0xx\FreeRTOS\Source\FreeRTOS_CLI.o
                0x000000000801af5c                FreeRTOS_CLIGetOutputBuffer
 .text.FreeRTOS_CLIGetParameter
                0x000000000801af6c       0xbc Thirdparty\Middleware\STM32G0xx\FreeRTOS\Source\FreeRTOS_CLI.o
                0x000000000801af6c                FreeRTOS_CLIGetParameter
 .text.prvHelpCommand
                0x000000000801b028      0x154 Thirdparty\Middleware\STM32G0xx\FreeRTOS\Source\FreeRTOS_CLI.o
 .text.prvGetNumberOfParameters
                0x000000000801b17c       0x7a Thirdparty\Middleware\STM32G0xx\FreeRTOS\Source\FreeRTOS_CLI.o
 .text.vListInitialise
                0x000000000801b1f6       0x3c Thirdparty\Middleware\STM32G0xx\FreeRTOS\Source\list.o
                0x000000000801b1f6                vListInitialise
 .text.vListInitialiseItem
                0x000000000801b232       0x16 Thirdparty\Middleware\STM32G0xx\FreeRTOS\Source\list.o
                0x000000000801b232                vListInitialiseItem
 .text.vListInsertEnd
                0x000000000801b248       0x44 Thirdparty\Middleware\STM32G0xx\FreeRTOS\Source\list.o
                0x000000000801b248                vListInsertEnd
 .text.vListInsert
                0x000000000801b28c       0x6c Thirdparty\Middleware\STM32G0xx\FreeRTOS\Source\list.o
                0x000000000801b28c                vListInsert
 .text.uxListRemove
                0x000000000801b2f8       0x50 Thirdparty\Middleware\STM32G0xx\FreeRTOS\Source\list.o
                0x000000000801b2f8                uxListRemove
 .text.pxPortInitialiseStack
                0x000000000801b348       0x54 Thirdparty\Middleware\STM32G0xx\FreeRTOS\Source\portable\GCC\ARM_CM0\port.o
                0x000000000801b348                pxPortInitialiseStack
 .text.prvTaskExitError
                0x000000000801b39c       0x1e Thirdparty\Middleware\STM32G0xx\FreeRTOS\Source\portable\GCC\ARM_CM0\port.o
 .text.SVC_Handler
                0x000000000801b3ba        0xa Thirdparty\Middleware\STM32G0xx\FreeRTOS\Source\portable\GCC\ARM_CM0\port.o
                0x000000000801b3ba                SVC_Handler
 *fill*         0x000000000801b3c4        0xc 
 .text.vPortStartFirstTask
                0x000000000801b3d0       0x38 Thirdparty\Middleware\STM32G0xx\FreeRTOS\Source\portable\GCC\ARM_CM0\port.o
 .text.xPortStartScheduler
                0x000000000801b408       0x48 Thirdparty\Middleware\STM32G0xx\FreeRTOS\Source\portable\GCC\ARM_CM0\port.o
                0x000000000801b408                xPortStartScheduler
 .text.vPortYield
                0x000000000801b450       0x20 Thirdparty\Middleware\STM32G0xx\FreeRTOS\Source\portable\GCC\ARM_CM0\port.o
                0x000000000801b450                vPortYield
 .text.vPortEnterCritical
                0x000000000801b470       0x24 Thirdparty\Middleware\STM32G0xx\FreeRTOS\Source\portable\GCC\ARM_CM0\port.o
                0x000000000801b470                vPortEnterCritical
 .text.vPortExitCritical
                0x000000000801b494       0x24 Thirdparty\Middleware\STM32G0xx\FreeRTOS\Source\portable\GCC\ARM_CM0\port.o
                0x000000000801b494                vPortExitCritical
 .text.ulSetInterruptMaskFromISR
                0x000000000801b4b8        0xc Thirdparty\Middleware\STM32G0xx\FreeRTOS\Source\portable\GCC\ARM_CM0\port.o
                0x000000000801b4b8                ulSetInterruptMaskFromISR
 .text.vClearInterruptMaskFromISR
                0x000000000801b4c4        0x8 Thirdparty\Middleware\STM32G0xx\FreeRTOS\Source\portable\GCC\ARM_CM0\port.o
                0x000000000801b4c4                vClearInterruptMaskFromISR
 *fill*         0x000000000801b4cc        0x4 
 .text.PendSV_Handler
                0x000000000801b4d0       0x48 Thirdparty\Middleware\STM32G0xx\FreeRTOS\Source\portable\GCC\ARM_CM0\port.o
                0x000000000801b4d0                PendSV_Handler
 .text.xPortSysTickHandler
                0x000000000801b518       0x34 Thirdparty\Middleware\STM32G0xx\FreeRTOS\Source\portable\GCC\ARM_CM0\port.o
                0x000000000801b518                xPortSysTickHandler
 .text.vPortSetupTimerInterrupt
                0x000000000801b54c       0x44 Thirdparty\Middleware\STM32G0xx\FreeRTOS\Source\portable\GCC\ARM_CM0\port.o
                0x000000000801b54c                vPortSetupTimerInterrupt
 .text.pvPortMalloc
                0x000000000801b590      0x140 Thirdparty\Middleware\STM32G0xx\FreeRTOS\Source\portable\MemMang\heap_4.o
                0x000000000801b590                pvPortMalloc
 .text.vPortFree
                0x000000000801b6d0       0x80 Thirdparty\Middleware\STM32G0xx\FreeRTOS\Source\portable\MemMang\heap_4.o
                0x000000000801b6d0                vPortFree
 .text.prvHeapInit
                0x000000000801b750       0xc0 Thirdparty\Middleware\STM32G0xx\FreeRTOS\Source\portable\MemMang\heap_4.o
 .text.prvInsertBlockIntoFreeList
                0x000000000801b810       0xb0 Thirdparty\Middleware\STM32G0xx\FreeRTOS\Source\portable\MemMang\heap_4.o
 .text.xQueueGenericReset
                0x000000000801b8c0       0x9e Thirdparty\Middleware\STM32G0xx\FreeRTOS\Source\queue.o
                0x000000000801b8c0                xQueueGenericReset
 .text.xQueueGenericCreate
                0x000000000801b95e       0x52 Thirdparty\Middleware\STM32G0xx\FreeRTOS\Source\queue.o
                0x000000000801b95e                xQueueGenericCreate
 .text.prvInitialiseNewQueue
                0x000000000801b9b0       0x4e Thirdparty\Middleware\STM32G0xx\FreeRTOS\Source\queue.o
 .text.xQueueCreateCountingSemaphore
                0x000000000801b9fe       0x30 Thirdparty\Middleware\STM32G0xx\FreeRTOS\Source\queue.o
                0x000000000801b9fe                xQueueCreateCountingSemaphore
 .text.xQueueGenericSend
                0x000000000801ba2e      0x12a Thirdparty\Middleware\STM32G0xx\FreeRTOS\Source\queue.o
                0x000000000801ba2e                xQueueGenericSend
 .text.xQueueGenericSendFromISR
                0x000000000801bb58       0xa6 Thirdparty\Middleware\STM32G0xx\FreeRTOS\Source\queue.o
                0x000000000801bb58                xQueueGenericSendFromISR
 .text.xQueueGiveFromISR
                0x000000000801bbfe       0x96 Thirdparty\Middleware\STM32G0xx\FreeRTOS\Source\queue.o
                0x000000000801bbfe                xQueueGiveFromISR
 .text.xQueueReceive
                0x000000000801bc94      0x128 Thirdparty\Middleware\STM32G0xx\FreeRTOS\Source\queue.o
                0x000000000801bc94                xQueueReceive
 .text.xQueueSemaphoreTake
                0x000000000801bdbc      0x178 Thirdparty\Middleware\STM32G0xx\FreeRTOS\Source\queue.o
                0x000000000801bdbc                xQueueSemaphoreTake
 .text.xQueueReceiveFromISR
                0x000000000801bf34       0xa0 Thirdparty\Middleware\STM32G0xx\FreeRTOS\Source\queue.o
                0x000000000801bf34                xQueueReceiveFromISR
 .text.prvGetDisinheritPriorityAfterTimeout
                0x000000000801bfd4       0x2c Thirdparty\Middleware\STM32G0xx\FreeRTOS\Source\queue.o
 .text.prvCopyDataToQueue
                0x000000000801c000       0xd6 Thirdparty\Middleware\STM32G0xx\FreeRTOS\Source\queue.o
 .text.prvCopyDataFromQueue
                0x000000000801c0d6       0x4c Thirdparty\Middleware\STM32G0xx\FreeRTOS\Source\queue.o
 .text.prvUnlockQueue
                0x000000000801c122       0xbc Thirdparty\Middleware\STM32G0xx\FreeRTOS\Source\queue.o
 .text.prvIsQueueEmpty
                0x000000000801c1de       0x2c Thirdparty\Middleware\STM32G0xx\FreeRTOS\Source\queue.o
 .text.prvIsQueueFull
                0x000000000801c20a       0x30 Thirdparty\Middleware\STM32G0xx\FreeRTOS\Source\queue.o
 *fill*         0x000000000801c23a        0x2 
 .text.vQueueAddToRegistry
                0x000000000801c23c       0x50 Thirdparty\Middleware\STM32G0xx\FreeRTOS\Source\queue.o
                0x000000000801c23c                vQueueAddToRegistry
 .text.vQueueWaitForMessageRestricted
                0x000000000801c28c       0x66 Thirdparty\Middleware\STM32G0xx\FreeRTOS\Source\queue.o
                0x000000000801c28c                vQueueWaitForMessageRestricted
 .text.xTaskCreate
                0x000000000801c2f2       0x90 Thirdparty\Middleware\STM32G0xx\FreeRTOS\Source\tasks.o
                0x000000000801c2f2                xTaskCreate
 *fill*         0x000000000801c382        0x2 
 .text.prvInitialiseNewTask
                0x000000000801c384      0x10c Thirdparty\Middleware\STM32G0xx\FreeRTOS\Source\tasks.o
 .text.prvAddNewTaskToReadyList
                0x000000000801c490       0xd0 Thirdparty\Middleware\STM32G0xx\FreeRTOS\Source\tasks.o
 .text.vTaskDelay
                0x000000000801c560       0x3a Thirdparty\Middleware\STM32G0xx\FreeRTOS\Source\tasks.o
                0x000000000801c560                vTaskDelay
 *fill*         0x000000000801c59a        0x2 
 .text.eTaskGetState
                0x000000000801c59c       0xd0 Thirdparty\Middleware\STM32G0xx\FreeRTOS\Source\tasks.o
                0x000000000801c59c                eTaskGetState
 .text.uxTaskPriorityGet
                0x000000000801c66c       0x34 Thirdparty\Middleware\STM32G0xx\FreeRTOS\Source\tasks.o
                0x000000000801c66c                uxTaskPriorityGet
 .text.vTaskPrioritySet
                0x000000000801c6a0      0x110 Thirdparty\Middleware\STM32G0xx\FreeRTOS\Source\tasks.o
                0x000000000801c6a0                vTaskPrioritySet
 .text.vTaskStartScheduler
                0x000000000801c7b0       0x74 Thirdparty\Middleware\STM32G0xx\FreeRTOS\Source\tasks.o
                0x000000000801c7b0                vTaskStartScheduler
 .text.vTaskSuspendAll
                0x000000000801c824       0x18 Thirdparty\Middleware\STM32G0xx\FreeRTOS\Source\tasks.o
                0x000000000801c824                vTaskSuspendAll
 .text.xTaskResumeAll
                0x000000000801c83c      0x10c Thirdparty\Middleware\STM32G0xx\FreeRTOS\Source\tasks.o
                0x000000000801c83c                xTaskResumeAll
 .text.xTaskGetTickCount
                0x000000000801c948       0x1c Thirdparty\Middleware\STM32G0xx\FreeRTOS\Source\tasks.o
                0x000000000801c948                xTaskGetTickCount
 .text.xTaskGetTickCountFromISR
                0x000000000801c964       0x20 Thirdparty\Middleware\STM32G0xx\FreeRTOS\Source\tasks.o
                0x000000000801c964                xTaskGetTickCountFromISR
 .text.uxTaskGetSystemState
                0x000000000801c984      0x120 Thirdparty\Middleware\STM32G0xx\FreeRTOS\Source\tasks.o
                0x000000000801c984                uxTaskGetSystemState
 .text.xTaskIncrementTick
                0x000000000801caa4      0x150 Thirdparty\Middleware\STM32G0xx\FreeRTOS\Source\tasks.o
                0x000000000801caa4                xTaskIncrementTick
 .text.vTaskSwitchContext
                0x000000000801cbf4      0x124 Thirdparty\Middleware\STM32G0xx\FreeRTOS\Source\tasks.o
                0x000000000801cbf4                vTaskSwitchContext
 .text.vTaskPlaceOnEventList
                0x000000000801cd18       0x34 Thirdparty\Middleware\STM32G0xx\FreeRTOS\Source\tasks.o
                0x000000000801cd18                vTaskPlaceOnEventList
 .text.vTaskPlaceOnEventListRestricted
                0x000000000801cd4c       0x44 Thirdparty\Middleware\STM32G0xx\FreeRTOS\Source\tasks.o
                0x000000000801cd4c                vTaskPlaceOnEventListRestricted
 .text.xTaskRemoveFromEventList
                0x000000000801cd90       0xb0 Thirdparty\Middleware\STM32G0xx\FreeRTOS\Source\tasks.o
                0x000000000801cd90                xTaskRemoveFromEventList
 .text.vTaskInternalSetTimeOutState
                0x000000000801ce40       0x28 Thirdparty\Middleware\STM32G0xx\FreeRTOS\Source\tasks.o
                0x000000000801ce40                vTaskInternalSetTimeOutState
 .text.xTaskCheckForTimeOut
                0x000000000801ce68       0x8c Thirdparty\Middleware\STM32G0xx\FreeRTOS\Source\tasks.o
                0x000000000801ce68                xTaskCheckForTimeOut
 .text.vTaskMissedYield
                0x000000000801cef4       0x14 Thirdparty\Middleware\STM32G0xx\FreeRTOS\Source\tasks.o
                0x000000000801cef4                vTaskMissedYield
 .text.prvIdleTask
                0x000000000801cf08       0x20 Thirdparty\Middleware\STM32G0xx\FreeRTOS\Source\tasks.o
 .text.prvInitialiseTaskLists
                0x000000000801cf28       0x88 Thirdparty\Middleware\STM32G0xx\FreeRTOS\Source\tasks.o
 .text.prvCheckTasksWaitingTermination
                0x000000000801cfb0       0x5c Thirdparty\Middleware\STM32G0xx\FreeRTOS\Source\tasks.o
 .text.vTaskGetInfo
                0x000000000801d00c       0xd8 Thirdparty\Middleware\STM32G0xx\FreeRTOS\Source\tasks.o
                0x000000000801d00c                vTaskGetInfo
 .text.prvListTasksWithinSingleList
                0x000000000801d0e4       0xa6 Thirdparty\Middleware\STM32G0xx\FreeRTOS\Source\tasks.o
 .text.prvTaskCheckFreeStackSpace
                0x000000000801d18a       0x34 Thirdparty\Middleware\STM32G0xx\FreeRTOS\Source\tasks.o
 .text.prvDeleteTCB
                0x000000000801d1be       0x22 Thirdparty\Middleware\STM32G0xx\FreeRTOS\Source\tasks.o
 .text.prvResetNextTaskUnblockTime
                0x000000000801d1e0       0x3c Thirdparty\Middleware\STM32G0xx\FreeRTOS\Source\tasks.o
 .text.xTaskGetSchedulerState
                0x000000000801d21c       0x38 Thirdparty\Middleware\STM32G0xx\FreeRTOS\Source\tasks.o
                0x000000000801d21c                xTaskGetSchedulerState
 .text.xTaskPriorityInherit
                0x000000000801d254       0xd0 Thirdparty\Middleware\STM32G0xx\FreeRTOS\Source\tasks.o
                0x000000000801d254                xTaskPriorityInherit
 .text.xTaskPriorityDisinherit
                0x000000000801d324       0x98 Thirdparty\Middleware\STM32G0xx\FreeRTOS\Source\tasks.o
                0x000000000801d324                xTaskPriorityDisinherit
 .text.vTaskPriorityDisinheritAfterTimeout
                0x000000000801d3bc       0xc0 Thirdparty\Middleware\STM32G0xx\FreeRTOS\Source\tasks.o
                0x000000000801d3bc                vTaskPriorityDisinheritAfterTimeout
 .text.prvWriteNameToBuffer
                0x000000000801d47c       0x52 Thirdparty\Middleware\STM32G0xx\FreeRTOS\Source\tasks.o
 *fill*         0x000000000801d4ce        0x2 
 .text.vTaskList
                0x000000000801d4d0      0x14c Thirdparty\Middleware\STM32G0xx\FreeRTOS\Source\tasks.o
                0x000000000801d4d0                vTaskList
 .text.vTaskGetRunTimeStats
                0x000000000801d61c      0x118 Thirdparty\Middleware\STM32G0xx\FreeRTOS\Source\tasks.o
                0x000000000801d61c                vTaskGetRunTimeStats
 .text.pvTaskIncrementMutexHeldCount
                0x000000000801d734       0x24 Thirdparty\Middleware\STM32G0xx\FreeRTOS\Source\tasks.o
                0x000000000801d734                pvTaskIncrementMutexHeldCount
 .text.ulTaskNotifyTake
                0x000000000801d758       0x84 Thirdparty\Middleware\STM32G0xx\FreeRTOS\Source\tasks.o
                0x000000000801d758                ulTaskNotifyTake
 .text.xTaskGenericNotify
                0x000000000801d7dc      0x104 Thirdparty\Middleware\STM32G0xx\FreeRTOS\Source\tasks.o
                0x000000000801d7dc                xTaskGenericNotify
 .text.xTaskGenericNotifyFromISR
                0x000000000801d8e0      0x140 Thirdparty\Middleware\STM32G0xx\FreeRTOS\Source\tasks.o
                0x000000000801d8e0                xTaskGenericNotifyFromISR
 .text.prvAddCurrentTaskToDelayedList
                0x000000000801da20       0xa8 Thirdparty\Middleware\STM32G0xx\FreeRTOS\Source\tasks.o
 .text.xTimerCreateTimerTask
                0x000000000801dac8       0x4c Thirdparty\Middleware\STM32G0xx\FreeRTOS\Source\timers.o
                0x000000000801dac8                xTimerCreateTimerTask
 .text.xTimerCreate
                0x000000000801db14       0x46 Thirdparty\Middleware\STM32G0xx\FreeRTOS\Source\timers.o
                0x000000000801db14                xTimerCreate
 .text.prvInitialiseNewTimer
                0x000000000801db5a       0x5a Thirdparty\Middleware\STM32G0xx\FreeRTOS\Source\timers.o
 .text.xTimerGenericCommand
                0x000000000801dbb4       0x8c Thirdparty\Middleware\STM32G0xx\FreeRTOS\Source\timers.o
                0x000000000801dbb4                xTimerGenericCommand
 .text.prvProcessExpiredTimer
                0x000000000801dc40       0x80 Thirdparty\Middleware\STM32G0xx\FreeRTOS\Source\timers.o
 .text.prvTimerTask
                0x000000000801dcc0       0x28 Thirdparty\Middleware\STM32G0xx\FreeRTOS\Source\timers.o
 .text.prvProcessTimerOrBlockTask
                0x000000000801dce8       0x90 Thirdparty\Middleware\STM32G0xx\FreeRTOS\Source\timers.o
 .text.prvGetNextExpireTime
                0x000000000801dd78       0x44 Thirdparty\Middleware\STM32G0xx\FreeRTOS\Source\timers.o
 .text.prvSampleTimeNow
                0x000000000801ddbc       0x40 Thirdparty\Middleware\STM32G0xx\FreeRTOS\Source\timers.o
 .text.prvInsertTimerInActiveList
                0x000000000801ddfc       0x84 Thirdparty\Middleware\STM32G0xx\FreeRTOS\Source\timers.o
 .text.prvProcessReceivedCommands
                0x000000000801de80      0x16c Thirdparty\Middleware\STM32G0xx\FreeRTOS\Source\timers.o
 .text.prvSwitchTimerLists
                0x000000000801dfec       0xb0 Thirdparty\Middleware\STM32G0xx\FreeRTOS\Source\timers.o
 .text.prvCheckForValidListAndQueue
                0x000000000801e09c       0x74 Thirdparty\Middleware\STM32G0xx\FreeRTOS\Source\timers.o
 .text.pvTimerGetTimerID
                0x000000000801e110       0x24 Thirdparty\Middleware\STM32G0xx\FreeRTOS\Source\timers.o
                0x000000000801e110                pvTimerGetTimerID
 .text.HAL_Init
                0x000000000801e134       0x40 Thirdparty\STM32G0xx_HAL_Driver\Src\stm32g0xx_hal.o
                0x000000000801e134                HAL_Init
 .text.HAL_InitTick
                0x000000000801e174       0x94 Thirdparty\STM32G0xx_HAL_Driver\Src\stm32g0xx_hal.o
                0x000000000801e174                HAL_InitTick
 .text.HAL_IncTick
                0x000000000801e208       0x24 Thirdparty\STM32G0xx_HAL_Driver\Src\stm32g0xx_hal.o
                0x000000000801e208                HAL_IncTick
 .text.HAL_GetTick
                0x000000000801e22c       0x14 Thirdparty\STM32G0xx_HAL_Driver\Src\stm32g0xx_hal.o
                0x000000000801e22c                HAL_GetTick
 .text.HAL_Delay
                0x000000000801e240       0x48 Thirdparty\STM32G0xx_HAL_Driver\Src\stm32g0xx_hal.o
                0x000000000801e240                HAL_Delay
 .text.HAL_GetREVID
                0x000000000801e288       0x18 Thirdparty\STM32G0xx_HAL_Driver\Src\stm32g0xx_hal.o
                0x000000000801e288                HAL_GetREVID
 .text.HAL_GetDEVID
                0x000000000801e2a0       0x18 Thirdparty\STM32G0xx_HAL_Driver\Src\stm32g0xx_hal.o
                0x000000000801e2a0                HAL_GetDEVID
 .text.LL_ADC_SetCommonPathInternalCh
                0x000000000801e2b8       0x28 Thirdparty\STM32G0xx_HAL_Driver\Src\stm32g0xx_hal_adc.o
 .text.LL_ADC_GetCommonPathInternalCh
                0x000000000801e2e0       0x1a Thirdparty\STM32G0xx_HAL_Driver\Src\stm32g0xx_hal_adc.o
 .text.LL_ADC_SetSamplingTimeCommonChannels
                0x000000000801e2fa       0x3a Thirdparty\STM32G0xx_HAL_Driver\Src\stm32g0xx_hal_adc.o
 .text.LL_ADC_GetSamplingTimeCommonChannels
                0x000000000801e334       0x2e Thirdparty\STM32G0xx_HAL_Driver\Src\stm32g0xx_hal_adc.o
 .text.LL_ADC_REG_IsTriggerSourceSWStart
                0x000000000801e362       0x22 Thirdparty\STM32G0xx_HAL_Driver\Src\stm32g0xx_hal_adc.o
 .text.LL_ADC_REG_SetSequencerRanks
                0x000000000801e384       0x40 Thirdparty\STM32G0xx_HAL_Driver\Src\stm32g0xx_hal_adc.o
 .text.LL_ADC_REG_SetSequencerChAdd
                0x000000000801e3c4       0x22 Thirdparty\STM32G0xx_HAL_Driver\Src\stm32g0xx_hal_adc.o
 .text.LL_ADC_REG_SetSequencerChRem
                0x000000000801e3e6       0x24 Thirdparty\STM32G0xx_HAL_Driver\Src\stm32g0xx_hal_adc.o
 *fill*         0x000000000801e40a        0x2 
 .text.LL_ADC_SetChannelSamplingTime
                0x000000000801e40c       0x38 Thirdparty\STM32G0xx_HAL_Driver\Src\stm32g0xx_hal_adc.o
 .text.LL_ADC_EnableInternalRegulator
                0x000000000801e444       0x28 Thirdparty\STM32G0xx_HAL_Driver\Src\stm32g0xx_hal_adc.o
 .text.LL_ADC_IsInternalRegulatorEnabled
                0x000000000801e46c       0x28 Thirdparty\STM32G0xx_HAL_Driver\Src\stm32g0xx_hal_adc.o
 .text.LL_ADC_Enable
                0x000000000801e494       0x24 Thirdparty\STM32G0xx_HAL_Driver\Src\stm32g0xx_hal_adc.o
 .text.LL_ADC_Disable
                0x000000000801e4b8       0x24 Thirdparty\STM32G0xx_HAL_Driver\Src\stm32g0xx_hal_adc.o
 .text.LL_ADC_IsEnabled
                0x000000000801e4dc       0x22 Thirdparty\STM32G0xx_HAL_Driver\Src\stm32g0xx_hal_adc.o
 .text.LL_ADC_IsDisableOngoing
                0x000000000801e4fe       0x22 Thirdparty\STM32G0xx_HAL_Driver\Src\stm32g0xx_hal_adc.o
 .text.LL_ADC_REG_StartConversion
                0x000000000801e520       0x24 Thirdparty\STM32G0xx_HAL_Driver\Src\stm32g0xx_hal_adc.o
 .text.LL_ADC_REG_StopConversion
                0x000000000801e544       0x24 Thirdparty\STM32G0xx_HAL_Driver\Src\stm32g0xx_hal_adc.o
 .text.LL_ADC_REG_IsConversionOngoing
                0x000000000801e568       0x22 Thirdparty\STM32G0xx_HAL_Driver\Src\stm32g0xx_hal_adc.o
 *fill*         0x000000000801e58a        0x2 
 .text.HAL_ADC_Init
                0x000000000801e58c      0x350 Thirdparty\STM32G0xx_HAL_Driver\Src\stm32g0xx_hal_adc.o
                0x000000000801e58c                HAL_ADC_Init
 .text.HAL_ADC_Start
                0x000000000801e8dc       0x9c Thirdparty\STM32G0xx_HAL_Driver\Src\stm32g0xx_hal_adc.o
                0x000000000801e8dc                HAL_ADC_Start
 .text.HAL_ADC_Stop
                0x000000000801e978       0x78 Thirdparty\STM32G0xx_HAL_Driver\Src\stm32g0xx_hal_adc.o
                0x000000000801e978                HAL_ADC_Stop
 .text.HAL_ADC_PollForConversion
                0x000000000801e9f0      0x128 Thirdparty\STM32G0xx_HAL_Driver\Src\stm32g0xx_hal_adc.o
                0x000000000801e9f0                HAL_ADC_PollForConversion
 .text.HAL_ADC_GetValue
                0x000000000801eb18       0x16 Thirdparty\STM32G0xx_HAL_Driver\Src\stm32g0xx_hal_adc.o
                0x000000000801eb18                HAL_ADC_GetValue
 *fill*         0x000000000801eb2e        0x2 
 .text.HAL_ADC_ConfigChannel
                0x000000000801eb30      0x3b0 Thirdparty\STM32G0xx_HAL_Driver\Src\stm32g0xx_hal_adc.o
                0x000000000801eb30                HAL_ADC_ConfigChannel
 .text.ADC_ConversionStop
                0x000000000801eee0       0x84 Thirdparty\STM32G0xx_HAL_Driver\Src\stm32g0xx_hal_adc.o
                0x000000000801eee0                ADC_ConversionStop
 .text.ADC_Enable
                0x000000000801ef64      0x10c Thirdparty\STM32G0xx_HAL_Driver\Src\stm32g0xx_hal_adc.o
                0x000000000801ef64                ADC_Enable
 .text.ADC_Disable
                0x000000000801f070       0xbc Thirdparty\STM32G0xx_HAL_Driver\Src\stm32g0xx_hal_adc.o
                0x000000000801f070                ADC_Disable
 .text.__NVIC_EnableIRQ
                0x000000000801f12c       0x34 Thirdparty\STM32G0xx_HAL_Driver\Src\stm32g0xx_hal_cortex.o
 .text.__NVIC_DisableIRQ
                0x000000000801f160       0x44 Thirdparty\STM32G0xx_HAL_Driver\Src\stm32g0xx_hal_cortex.o
 .text.__NVIC_SetPriority
                0x000000000801f1a4       0xdc Thirdparty\STM32G0xx_HAL_Driver\Src\stm32g0xx_hal_cortex.o
 .text.SysTick_Config
                0x000000000801f280       0x48 Thirdparty\STM32G0xx_HAL_Driver\Src\stm32g0xx_hal_cortex.o
 .text.HAL_NVIC_SetPriority
                0x000000000801f2c8       0x2a Thirdparty\STM32G0xx_HAL_Driver\Src\stm32g0xx_hal_cortex.o
                0x000000000801f2c8                HAL_NVIC_SetPriority
 .text.HAL_NVIC_EnableIRQ
                0x000000000801f2f2       0x20 Thirdparty\STM32G0xx_HAL_Driver\Src\stm32g0xx_hal_cortex.o
                0x000000000801f2f2                HAL_NVIC_EnableIRQ
 .text.HAL_NVIC_DisableIRQ
                0x000000000801f312       0x20 Thirdparty\STM32G0xx_HAL_Driver\Src\stm32g0xx_hal_cortex.o
                0x000000000801f312                HAL_NVIC_DisableIRQ
 .text.HAL_SYSTICK_Config
                0x000000000801f332       0x1a Thirdparty\STM32G0xx_HAL_Driver\Src\stm32g0xx_hal_cortex.o
                0x000000000801f332                HAL_SYSTICK_Config
 .text.HAL_SYSTICK_CLKSourceConfig
                0x000000000801f34c       0x34 Thirdparty\STM32G0xx_HAL_Driver\Src\stm32g0xx_hal_cortex.o
                0x000000000801f34c                HAL_SYSTICK_CLKSourceConfig
 .text.HAL_CRC_Init
                0x000000000801f380       0xcc Thirdparty\STM32G0xx_HAL_Driver\Src\stm32g0xx_hal_crc.o
                0x000000000801f380                HAL_CRC_Init
 .text.HAL_CRC_Accumulate
                0x000000000801f44c       0x8e Thirdparty\STM32G0xx_HAL_Driver\Src\stm32g0xx_hal_crc.o
                0x000000000801f44c                HAL_CRC_Accumulate
 .text.HAL_CRC_Calculate
                0x000000000801f4da       0x9e Thirdparty\STM32G0xx_HAL_Driver\Src\stm32g0xx_hal_crc.o
                0x000000000801f4da                HAL_CRC_Calculate
 .text.CRC_Handle_8
                0x000000000801f578      0x122 Thirdparty\STM32G0xx_HAL_Driver\Src\stm32g0xx_hal_crc.o
 .text.CRC_Handle_16
                0x000000000801f69a       0x6e Thirdparty\STM32G0xx_HAL_Driver\Src\stm32g0xx_hal_crc.o
 .text.HAL_CRCEx_Polynomial_Set
                0x000000000801f708       0xda Thirdparty\STM32G0xx_HAL_Driver\Src\stm32g0xx_hal_crc_ex.o
                0x000000000801f708                HAL_CRCEx_Polynomial_Set
 *fill*         0x000000000801f7e2        0x2 
 .text.HAL_DMA_Init
                0x000000000801f7e4      0x158 Thirdparty\STM32G0xx_HAL_Driver\Src\stm32g0xx_hal_dma.o
                0x000000000801f7e4                HAL_DMA_Init
 .text.HAL_DMA_Start_IT
                0x000000000801f93c      0x10c Thirdparty\STM32G0xx_HAL_Driver\Src\stm32g0xx_hal_dma.o
                0x000000000801f93c                HAL_DMA_Start_IT
 .text.HAL_DMA_Abort
                0x000000000801fa48       0xc0 Thirdparty\STM32G0xx_HAL_Driver\Src\stm32g0xx_hal_dma.o
                0x000000000801fa48                HAL_DMA_Abort
 .text.HAL_DMA_Abort_IT
                0x000000000801fb08       0xd0 Thirdparty\STM32G0xx_HAL_Driver\Src\stm32g0xx_hal_dma.o
                0x000000000801fb08                HAL_DMA_Abort_IT
 .text.HAL_DMA_GetError
                0x000000000801fbd8       0x14 Thirdparty\STM32G0xx_HAL_Driver\Src\stm32g0xx_hal_dma.o
                0x000000000801fbd8                HAL_DMA_GetError
 .text.DMA_SetConfig