Archive member included to satisfy reference by file (symbol)

C:/ST/STM32CubeIDE_1.17.0/STM32CubeIDE/plugins/com.st.stm32cube.ide.mcu.externaltools.gnu-tools-for-stm32.12.3.rel1.win32_1.1.0.202410251130/tools/bin/../lib/gcc/arm-none-eabi/12.3.1/../../../../arm-none-eabi/lib/thumb/v6-m/nofp\libc.a(libc_a-atof.o)
                              BOS\BOS_CLI.o (atof)
C:/ST/STM32CubeIDE_1.17.0/STM32CubeIDE/plugins/com.st.stm32cube.ide.mcu.externaltools.gnu-tools-for-stm32.12.3.rel1.win32_1.1.0.202410251130/tools/bin/../lib/gcc/arm-none-eabi/12.3.1/../../../../arm-none-eabi/lib/thumb/v6-m/nofp\libc.a(libc_a-atoi.o)
                              BOS\BOS_CLIcommands.o (atoi)
C:/ST/STM32CubeIDE_1.17.0/STM32CubeIDE/plugins/com.st.stm32cube.ide.mcu.externaltools.gnu-tools-for-stm32.12.3.rel1.win32_1.1.0.202410251130/tools/bin/../lib/gcc/arm-none-eabi/12.3.1/../../../../arm-none-eabi/lib/thumb/v6-m/nofp\libc.a(libc_a-atol.o)
                              BOS\BOS.o (atol)
C:/ST/STM32CubeIDE_1.17.0/STM32CubeIDE/plugins/com.st.stm32cube.ide.mcu.externaltools.gnu-tools-for-stm32.12.3.rel1.win32_1.1.0.202410251130/tools/bin/../lib/gcc/arm-none-eabi/12.3.1/../../../../arm-none-eabi/lib/thumb/v6-m/nofp\libc.a(libc_a-exit.o)
                              C:/ST/STM32CubeIDE_1.17.0/STM32CubeIDE/plugins/com.st.stm32cube.ide.mcu.externaltools.gnu-tools-for-stm32.12.3.rel1.win32_1.1.0.202410251130/tools/bin/../lib/gcc/arm-none-eabi/12.3.1/../../../../arm-none-eabi/lib/thumb/v6-m/nofp/crt0.o (exit)
C:/ST/STM32CubeIDE_1.17.0/STM32CubeIDE/plugins/com.st.stm32cube.ide.mcu.externaltools.gnu-tools-for-stm32.12.3.rel1.win32_1.1.0.202410251130/tools/bin/../lib/gcc/arm-none-eabi/12.3.1/../../../../arm-none-eabi/lib/thumb/v6-m/nofp\libc.a(libc_a-malloc.o)
                              BOS\BOS.o (malloc)
C:/ST/STM32CubeIDE_1.17.0/STM32CubeIDE/plugins/com.st.stm32cube.ide.mcu.externaltools.gnu-tools-for-stm32.12.3.rel1.win32_1.1.0.202410251130/tools/bin/../lib/gcc/arm-none-eabi/12.3.1/../../../../arm-none-eabi/lib/thumb/v6-m/nofp\libc.a(libc_a-mallocr.o)
                              C:/ST/STM32CubeIDE_1.17.0/STM32CubeIDE/plugins/com.st.stm32cube.ide.mcu.externaltools.gnu-tools-for-stm32.12.3.rel1.win32_1.1.0.202410251130/tools/bin/../lib/gcc/arm-none-eabi/12.3.1/../../../../arm-none-eabi/lib/thumb/v6-m/nofp\libc.a(libc_a-malloc.o) (_malloc_r)
C:/ST/STM32CubeIDE_1.17.0/STM32CubeIDE/plugins/com.st.stm32cube.ide.mcu.externaltools.gnu-tools-for-stm32.12.3.rel1.win32_1.1.0.202410251130/tools/bin/../lib/gcc/arm-none-eabi/12.3.1/../../../../arm-none-eabi/lib/thumb/v6-m/nofp\libc.a(libc_a-mlock.o)
                              C:/ST/STM32CubeIDE_1.17.0/STM32CubeIDE/plugins/com.st.stm32cube.ide.mcu.externaltools.gnu-tools-for-stm32.12.3.rel1.win32_1.1.0.202410251130/tools/bin/../lib/gcc/arm-none-eabi/12.3.1/../../../../arm-none-eabi/lib/thumb/v6-m/nofp\libc.a(libc_a-mallocr.o) (__malloc_lock)
C:/ST/STM32CubeIDE_1.17.0/STM32CubeIDE/plugins/com.st.stm32cube.ide.mcu.externaltools.gnu-tools-for-stm32.12.3.rel1.win32_1.1.0.202410251130/tools/bin/../lib/gcc/arm-none-eabi/12.3.1/../../../../arm-none-eabi/lib/thumb/v6-m/nofp\libc.a(libc_a-rand.o)
                              BOS\BOS_CLIcommands.o (rand)
C:/ST/STM32CubeIDE_1.17.0/STM32CubeIDE/plugins/com.st.stm32cube.ide.mcu.externaltools.gnu-tools-for-stm32.12.3.rel1.win32_1.1.0.202410251130/tools/bin/../lib/gcc/arm-none-eabi/12.3.1/../../../../arm-none-eabi/lib/thumb/v6-m/nofp\libc.a(libc_a-realloc.o)
                              BOS\BOS_CLI.o (realloc)
C:/ST/STM32CubeIDE_1.17.0/STM32CubeIDE/plugins/com.st.stm32cube.ide.mcu.externaltools.gnu-tools-for-stm32.12.3.rel1.win32_1.1.0.202410251130/tools/bin/../lib/gcc/arm-none-eabi/12.3.1/../../../../arm-none-eabi/lib/thumb/v6-m/nofp\libc.a(libc_a-reallocr.o)
                              C:/ST/STM32CubeIDE_1.17.0/STM32CubeIDE/plugins/com.st.stm32cube.ide.mcu.externaltools.gnu-tools-for-stm32.12.3.rel1.win32_1.1.0.202410251130/tools/bin/../lib/gcc/arm-none-eabi/12.3.1/../../../../arm-none-eabi/lib/thumb/v6-m/nofp\libc.a(libc_a-realloc.o) (_realloc_r)
C:/ST/STM32CubeIDE_1.17.0/STM32CubeIDE/plugins/com.st.stm32cube.ide.mcu.externaltools.gnu-tools-for-stm32.12.3.rel1.win32_1.1.0.202410251130/tools/bin/../lib/gcc/arm-none-eabi/12.3.1/../../../../arm-none-eabi/lib/thumb/v6-m/nofp\libc.a(libc_a-strtod.o)
                              C:/ST/STM32CubeIDE_1.17.0/STM32CubeIDE/plugins/com.st.stm32cube.ide.mcu.externaltools.gnu-tools-for-stm32.12.3.rel1.win32_1.1.0.202410251130/tools/bin/../lib/gcc/arm-none-eabi/12.3.1/../../../../arm-none-eabi/lib/thumb/v6-m/nofp\libc.a(libc_a-atof.o) (strtod)
C:/ST/STM32CubeIDE_1.17.0/STM32CubeIDE/plugins/com.st.stm32cube.ide.mcu.externaltools.gnu-tools-for-stm32.12.3.rel1.win32_1.1.0.202410251130/tools/bin/../lib/gcc/arm-none-eabi/12.3.1/../../../../arm-none-eabi/lib/thumb/v6-m/nofp\libc.a(libc_a-strtol.o)
[...]
Memory Configuration

Name             Origin             Length             Attributes
RAM              0x20000000         0x00024000         xrw
FLASH            0x08000000         0x00080000         xr
*default*        0x00000000         0xffffffff

Linker script and memory map

LOAD C:/ST/STM32CubeIDE_1.17.0/STM32CubeIDE/plugins/com.st.stm32cube.ide.mcu.externaltools.gnu-tools-for-stm32.12.3.rel1.win32_1.1.0.202410251130/tools/bin/../lib/gcc/arm-none-eabi/12.3.1/thumb/v6-m/nofp/crti.o
LOAD C:/ST/STM32CubeIDE_1.17.0/STM32CubeIDE/plugins/com.st.stm32cube.ide.mcu.externaltools.gnu-tools-for-stm32.12.3.rel1.win32_1.1.0.202410251130/tools/bin/../lib/gcc/arm-none-eabi/12.3.1/thumb/v6-m/nofp/crtbegin.o
LOAD C:/ST/STM32CubeIDE_1.17.0/STM32CubeIDE/plugins/com.st.stm32cube.ide.mcu.externaltools.gnu-tools-for-stm32.12.3.rel1.win32_1.1.0.202410251130/tools/bin/../lib/gcc/arm-none-eabi/12.3.1/../../../../arm-none-eabi/lib/thumb/v6-m/nofp/crt0.o
LOAD BOS\BOS.o
LOAD BOS\BOS_CLI.o
LOAD BOS\BOS_CLIcommands.o
LOAD BOS\BOS_dma.o
LOAD BOS\BOS_freertos.o
LOAD BOS\BOS_messaging.o
LOAD BOS\BOS_msgparser.o
LOAD H05R0\H05R0.o
LOAD H05R0\H05R0_adc.o
LOAD H05R0\H05R0_dma.o
LOAD H05R0\H05R0_eeprom.o
LOAD H05R0\H05R0_gpio.o
LOAD H05R0\H05R0_i2c.o
LOAD H05R0\H05R0_inputs.o
LOAD H05R0\H05R0_it.o
LOAD H05R0\H05R0_rtc.o
LOAD H05R0\H05R0_timers.o
LOAD H05R0\H05R0_uart.o
LOAD H05R0\startup_stm32g0b1ceuxn.o
LOAD Thirdparty\CMSIS\STM32G0xx\Device\ST\STM32G0xx\Source\Templates\system_stm32g0xx.o
LOAD Thirdparty\EEPROM_Emul\Core\eeprom_emul.o
LOAD Thirdparty\EEPROM_Emul\Porting\STM32G0\flash_interface.o
LOAD Thirdparty\Middleware\STM32G0xx\FreeRTOS\Source\CMSIS_RTOS\cmsis_os.o
LOAD Thirdparty\Middleware\STM32G0xx\FreeRTOS\Source\FreeRTOS_CLI.o
LOAD Thirdparty\Middleware\STM32G0xx\FreeRTOS\Source\croutine.o
LOAD Thirdparty\Middleware\STM32G0xx\FreeRTOS\Source\event_groups.o
LOAD Thirdparty\Middleware\STM32G0xx\FreeRTOS\Source\list.o
LOAD Thirdparty\Middleware\STM32G0xx\FreeRTOS\Source\portable\GCC\ARM_CM0\port.o
LOAD Thirdparty\Middleware\STM32G0xx\FreeRTOS\Source\portable\MemMang\heap_4.o
LOAD Thirdparty\Middleware\STM32G0xx\FreeRTOS\Source\queue.o
LOAD Thirdparty\Middleware\STM32G0xx\FreeRTOS\Source\stream_buffer.o
LOAD Thirdparty\Middleware\STM32G0xx\FreeRTOS\Source\tasks.o
LOAD Thirdparty\Middleware\STM32G0xx\FreeRTOS\Source\timers.o
LOAD Thirdparty\STM32G0xx_HAL_Driver\Src\stm32g0xx_hal.o
LOAD Thirdparty\STM32G0xx_HAL_Driver\Src\stm32g0xx_hal_adc.o
LOAD Thirdparty\STM32G0xx_HAL_Driver\Src\stm32g0xx_hal_adc_ex.o
LOAD Thirdparty\STM32G0xx_HAL_Driver\Src\stm32g0xx_hal_cec.o
LOAD Thirdparty\STM32G0xx_HAL_Driver\Src\stm32g0xx_hal_comp.o
LOAD Thirdparty\STM32G0xx_HAL_Driver\Src\stm32g0xx_hal_cortex.o
LOAD Thirdparty\STM32G0xx_HAL_Driver\Src\stm32g0xx_hal_crc.o
LOAD Thirdparty\STM32G0xx_HAL_Driver\Src\stm32g0xx_hal_crc_ex.o
LOAD Thirdparty\STM32G0xx_HAL_Driver\Src\stm32g0xx_hal_cryp.o
LOAD Thirdparty\STM32G0xx_HAL_Driver\Src\stm32g0xx_hal_cryp_ex.o
LOAD Thirdparty\STM32G0xx_HAL_Driver\Src\stm32g0xx_hal_dac.o
LOAD Thirdparty\STM32G0xx_HAL_Driver\Src\stm32g0xx_hal_dac_ex.o
LOAD Thirdparty\STM32G0xx_HAL_Driver\Src\stm32g0xx_hal_dma.o
LOAD Thirdparty\STM32G0xx_HAL_Driver\Src\stm32g0xx_hal_dma_ex.o
LOAD Thirdparty\STM32G0xx_HAL_Driver\Src\stm32g0xx_hal_exti.o
LOAD Thirdparty\STM32G0xx_HAL_Driver\Src\stm32g0xx_hal_fdcan.o
LOAD Thirdparty\STM32G0xx_HAL_Driver\Src\stm32g0xx_hal_flash.o
LOAD Thirdparty\STM32G0xx_HAL_Driver\Src\stm32g0xx_hal_flash_ex.o
LOAD Thirdparty\STM32G0xx_HAL_Driver\Src\stm32g0xx_hal_gpio.o
LOAD Thirdparty\STM32G0xx_HAL_Driver\Src\stm32g0xx_hal_hcd.o
LOAD Thirdparty\STM32G0xx_HAL_Driver\Src\stm32g0xx_hal_i2c.o
LOAD Thirdparty\STM32G0xx_HAL_Driver\Src\stm32g0xx_hal_i2c_ex.o
LOAD Thirdparty\STM32G0xx_HAL_Driver\Src\stm32g0xx_hal_i2s.o
LOAD Thirdparty\STM32G0xx_HAL_Driver\Src\stm32g0xx_hal_irda.o
LOAD Thirdparty\STM32G0xx_HAL_Driver\Src\stm32g0xx_hal_iwdg.o
LOAD Thirdparty\STM32G0xx_HAL_Driver\Src\stm32g0xx_hal_lptim.o
LOAD Thirdparty\STM32G0xx_HAL_Driver\Src\stm32g0xx_hal_pcd.o
LOAD Thirdparty\STM32G0xx_HAL_Driver\Src\stm32g0xx_hal_pcd_ex.o
LOAD Thirdparty\STM32G0xx_HAL_Driver\Src\stm32g0xx_hal_pwr.o
LOAD Thirdparty\STM32G0xx_HAL_Driver\Src\stm32g0xx_hal_pwr_ex.o
LOAD Thirdparty\STM32G0xx_HAL_Driver\Src\stm32g0xx_hal_rcc.o
LOAD Thirdparty\STM32G0xx_HAL_Driver\Src\stm32g0xx_hal_rcc_ex.o
LOAD Thirdparty\STM32G0xx_HAL_Driver\Src\stm32g0xx_hal_rng.o
LOAD Thirdparty\STM32G0xx_HAL_Driver\Src\stm32g0xx_hal_rtc.o
LOAD Thirdparty\STM32G0xx_HAL_Driver\Src\stm32g0xx_hal_rtc_ex.o
LOAD Thirdparty\STM32G0xx_HAL_Driver\Src\stm32g0xx_hal_smartcard.o
LOAD Thirdparty\STM32G0xx_HAL_Driver\Src\stm32g0xx_hal_smartcard_ex.o
LOAD Thirdparty\STM32G0xx_HAL_Driver\Src\stm32g0xx_hal_smbus.o
LOAD Thirdparty\STM32G0xx_HAL_Driver\Src\stm32g0xx_hal_smbus_ex.o
LOAD Thirdparty\STM32G0xx_HAL_Driver\Src\stm32g0xx_hal_spi.o
LOAD Thirdparty\STM32G0xx_HAL_Driver\Src\stm32g0xx_hal_spi_ex.o
LOAD Thirdparty\STM32G0xx_HAL_Driver\Src\stm32g0xx_hal_tim.o
LOAD Thirdparty\STM32G0xx_HAL_Driver\Src\stm32g0xx_hal_tim_ex.o
LOAD Thirdparty\STM32G0xx_HAL_Driver\Src\stm32g0xx_hal_uart.o
LOAD Thirdparty\STM32G0xx_HAL_Driver\Src\stm32g0xx_hal_uart_ex.o
LOAD Thirdparty\STM32G0xx_HAL_Driver\Src\stm32g0xx_hal_usart.o
LOAD Thirdparty\STM32G0xx_HAL_Driver\Src\stm32g0xx_hal_usart_ex.o
LOAD Thirdparty\STM32G0xx_HAL_Driver\Src\stm32g0xx_hal_wwdg.o
LOAD Thirdparty\STM32G0xx_HAL_Driver\Src\stm32g0xx_ll_adc.o
LOAD Thirdparty\STM32G0xx_HAL_Driver\Src\stm32g0xx_ll_comp.o
LOAD Thirdparty\STM32G0xx_HAL_Driver\Src\stm32g0xx_ll_crc.o
LOAD Thirdparty\STM32G0xx_HAL_Driver\Src\stm32g0xx_ll_crs.o
LOAD Thirdparty\STM32G0xx_HAL_Driver\Src\stm32g0xx_ll_dac.o
LOAD Thirdparty\STM32G0xx_HAL_Driver\Src\stm32g0xx_ll_dma.o
LOAD Thirdparty\STM32G0xx_HAL_Driver\Src\stm32g0xx_ll_exti.o
LOAD Thirdparty\STM32G0xx_HAL_Driver\Src\stm32g0xx_ll_gpio.o
LOAD Thirdparty\STM32G0xx_HAL_Driver\Src\stm32g0xx_ll_i2c.o
LOAD Thirdparty\STM32G0xx_HAL_Driver\Src\stm32g0xx_ll_lptim.o
LOAD Thirdparty\STM32G0xx_HAL_Driver\Src\stm32g0xx_ll_lpuart.o
LOAD Thirdparty\STM32G0xx_HAL_Driver\Src\stm32g0xx_ll_pwr.o
LOAD Thirdparty\STM32G0xx_HAL_Driver\Src\stm32g0xx_ll_rcc.o
LOAD Thirdparty\STM32G0xx_HAL_Driver\Src\stm32g0xx_ll_rng.o
LOAD Thirdparty\STM32G0xx_HAL_Driver\Src\stm32g0xx_ll_rtc.o
LOAD Thirdparty\STM32G0xx_HAL_Driver\Src\stm32g0xx_ll_spi.o
LOAD Thirdparty\STM32G0xx_HAL_Driver\Src\stm32g0xx_ll_tim.o
LOAD Thirdparty\STM32G0xx_HAL_Driver\Src\stm32g0xx_ll_ucpd.o
LOAD Thirdparty\STM32G0xx_HAL_Driver\Src\stm32g0xx_ll_usart.o
LOAD Thirdparty\STM32G0xx_HAL_Driver\Src\stm32g0xx_ll_usb.o
LOAD Thirdparty\STM32G0xx_HAL_Driver\Src\stm32g0xx_ll_utils.o
LOAD User\main.o
LOAD syscalls.o
START GROUP
LOAD C:/ST/STM32CubeIDE_1.17.0/STM32CubeIDE/plugins/com.st.stm32cube.ide.mcu.externaltools.gnu-tools-for-stm32.12.3.rel1.win32_1.1.0.202410251130/tools/bin/../lib/gcc/arm-none-eabi/12.3.1/../../../../arm-none-eabi/lib/thumb/v6-m/nofp\libc.a
LOAD C:/ST/STM32CubeIDE_1.17.0/STM32CubeIDE/plugins/com.st.stm32cube.ide.mcu.externaltools.gnu-tools-for-stm32.12.3.rel1.win32_1.1.0.202410251130/tools/bin/../lib/gcc/arm-none-eabi/12.3.1/../../../../arm-none-eabi/lib/thumb/v6-m/nofp\libm.a
END GROUP
START GROUP
LOAD C:/ST/STM32CubeIDE_1.17.0/STM32CubeIDE/plugins/com.st.stm32cube.ide.mcu.externaltools.gnu-tools-for-stm32.12.3.rel1.win32_1.1.0.202410251130/tools/bin/../lib/gcc/arm-none-eabi/12.3.1/thumb/v6-m/nofp\libgcc.a
LOAD C:/ST/STM32CubeIDE_1.17.0/STM32CubeIDE/plugins/com.st.stm32cube.ide.mcu.externaltools.gnu-tools-for-stm32.12.3.rel1.win32_1.1.0.202410251130/tools/bin/../lib/gcc/arm-none-eabi/12.3.1/../../../../arm-none-eabi/lib/thumb/v6-m/nofp\libc.a
END GROUP
START GROUP
LOAD C:/ST/STM32CubeIDE_1.17.0/STM32CubeIDE/plugins/com.st.stm32cube.ide.mcu.externaltools.gnu-tools-for-stm32.12.3.rel1.win32_1.1.0.202410251130/tools/bin/../lib/gcc/arm-none-eabi/12.3.1/thumb/v6-m/nofp\libgcc.a
LOAD C:/ST/STM32CubeIDE_1.17.0/STM32CubeIDE/plugins/com.st.stm32cube.ide.mcu.externaltools.gnu-tools-for-stm32.12.3.rel1.win32_1.1.0.202410251130/tools/bin/../lib/gcc/arm-none-eabi/12.3.1/../../../../arm-none-eabi/lib/thumb/v6-m/nofp\libc.a
LOAD C:/ST/STM32CubeIDE_1.17.0/STM32CubeIDE/plugins/com.st.stm32cube.ide.mcu.externaltools.gnu-tools-for-stm32.12.3.rel1.win32_1.1.0.202410251130/tools/bin/../lib/gcc/arm-none-eabi/12.3.1/../../../../arm-none-eabi/lib/thumb/v6-m/nofp\libnosys.a
END GROUP
LOAD C:/ST/STM32CubeIDE_1.17.0/STM32CubeIDE/plugins/com.st.stm32cube.ide.mcu.externaltools.gnu-tools-for-stm32.12.3.rel1.win32_1.1.0.202410251130/tools/bin/../lib/gcc/arm-none-eabi/12.3.1/thumb/v6-m/nofp/crtend.o
LOAD C:/ST/STM32CubeIDE_1.17.0/STM32CubeIDE/plugins/com.st.stm32cube.ide.mcu.externaltools.gnu-tools-for-stm32.12.3.rel1.win32_1.1.0.202410251130/tools/bin/../lib/gcc/arm-none-eabi/12.3.1/thumb/v6-m/nofp/crtn.o
                0x20024000                        _estack = (ORIGIN (RAM) + LENGTH (RAM))
                0x00000200                        _Min_Heap_Size = 0x200
                0x00000400                        _Min_Stack_Size = 0x400

.isr_vector     0x08000000       0xbc
                0x08000000                        . = ALIGN (0x4)
 *(.isr_vector)
 .isr_vector    0x08000000       0xbc H05R0\startup_stm32g0b1ceuxn.o
                0x08000000                g_pfnVectors
                0x080000bc                        . = ALIGN (0x4)

.text           0x080000c0    0x2bd80
                0x080000c0                        . = ALIGN (0x4)
 *(.text)
 .text          0x080000c0       0x48 C:/ST/STM32CubeIDE_1.17.0/STM32CubeIDE/plugins/com.st.stm32cube.ide.mcu.externaltools.gnu-tools-for-stm32.12.3.rel1.win32_1.1.0.202410251130/tools/bin/../lib/gcc/arm-none-eabi/12.3.1/thumb/v6-m/nofp/crtbegin.o
 .text          0x08000108       0x14 C:/ST/STM32CubeIDE_1.17.0/STM32CubeIDE/plugins/com.st.stm32cube.ide.mcu.externaltools.gnu-tools-for-stm32.12.3.rel1.win32_1.1.0.202410251130/tools/bin/../lib/gcc/arm-none-eabi/12.3.1/../../../../arm-none-eabi/lib/thumb/v6-m/nofp\libc.a(libc_a-strcmp.o)
                0x08000108                strcmp
 .text          0x0800011c        0xe C:/ST/STM32CubeIDE_1.17.0/STM32CubeIDE/plugins/com.st.stm32cube.ide.mcu.externaltools.gnu-tools-for-stm32.12.3.rel1.win32_1.1.0.202410251130/tools/bin/../lib/gcc/arm-none-eabi/12.3.1/../../../../arm-none-eabi/lib/thumb/v6-m/nofp\libc.a(libc_a-strlen.o)
                0x0800011c                strlen
 *fill*         0x0800012a        0x2 
 .text          0x0800012c       0x14 C:/ST/STM32CubeIDE_1.17.0/STM32CubeIDE/plugins/com.st.stm32cube.ide.mcu.externaltools.gnu-tools-for-stm32.12.3.rel1.win32_1.1.0.202410251130/tools/bin/../lib/gcc/arm-none-eabi/12.3.1/thumb/v6-m/nofp\libgcc.a(_thumb1_case_uqi.o)
                0x0800012c                __gnu_thumb1_case_uqi
 .text          0x08000140       0x14 C:/ST/STM32CubeIDE_1.17.0/STM32CubeIDE/plugins/com.st.stm32cube.ide.mcu.externaltools.gnu-tools-for-stm32.12.3.rel1.win32_1.1.0.202410251130/tools/bin/../lib/gcc/arm-none-eabi/12.3.1/thumb/v6-m/nofp\libgcc.a(_thumb1_case_uhi.o)
                0x08000140                __gnu_thumb1_case_uhi
 .text          0x08000154      0x114 C:/ST/STM32CubeIDE_1.17.0/STM32CubeIDE/plugins/com.st.stm32cube.ide.mcu.externaltools.gnu-tools-for-stm32.12.3.rel1.win32_1.1.0.202410251130/tools/bin/../lib/gcc/arm-none-eabi/12.3.1/thumb/v6-m/nofp\libgcc.a(_udivsi3.o)
                0x08000154                __aeabi_uidiv
                0x08000154                __udivsi3
                0x08000260                __aeabi_uidivmod
 .text          0x08000268      0x1d4 C:/ST/STM32CubeIDE_1.17.0/STM32CubeIDE/plugins/com.st.stm32cube.ide.mcu.externaltools.gnu-tools-for-stm32.12.3.rel1.win32_1.1.0.202410251130/tools/bin/../lib/gcc/arm-none-eabi/12.3.1/thumb/v6-m/nofp\libgcc.a(_divsi3.o)
                0x08000268                __divsi3
                0x08000268                __aeabi_idiv
                0x08000434                __aeabi_idivmod
 .text          0x0800043c        0x4 C:/ST/STM32CubeIDE_1.17.0/STM32CubeIDE/plugins/com.st.stm32cube.ide.mcu.externaltools.gnu-tools-for-stm32.12.3.rel1.win32_1.1.0.202410251130/tools/bin/../lib/gcc/arm-none-eabi/12.3.1/thumb/v6-m/nofp\libgcc.a(_dvmd_tls.o)
                0x0800043c                __aeabi_idiv0
                0x0800043c                __aeabi_ldiv0
 .text          0x08000440       0x7c C:/ST/STM32CubeIDE_1.17.0/STM32CubeIDE/plugins/com.st.stm32cube.ide.mcu.externaltools.gnu-tools-for-stm32.12.3.rel1.win32_1.1.0.202410251130/tools/bin/../lib/gcc/arm-none-eabi/12.3.1/thumb/v6-m/nofp\libgcc.a(_arm_cmpdf2.o)
                0x08000440                __aeabi_cdrcmple
                0x08000450                __aeabi_cdcmple
                0x08000450                __aeabi_cdcmpeq
                0x08000460                __aeabi_dcmpeq
                0x0800046c                __aeabi_dcmplt
                0x08000480                __aeabi_dcmple
                0x08000494                __aeabi_dcmpgt
                0x080004a8                __aeabi_dcmpge
 .text          0x080004bc       0x74 C:/ST/STM32CubeIDE_1.17.0/STM32CubeIDE/plugins/com.st.stm32cube.ide.mcu.externaltools.gnu-tools-for-stm32.12.3.rel1.win32_1.1.0.202410251130/tools/bin/../lib/gcc/arm-none-eabi/12.3.1/thumb/v6-m/nofp\libgcc.a(_arm_cmpsf2.o)
                0x080004bc                __aeabi_cfrcmple
                0x080004c4                __aeabi_cfcmpeq
                0x080004c4                __aeabi_cfcmple
                0x080004d4                __aeabi_fcmpeq
                0x080004e0                __aeabi_fcmplt
                0x080004f4                __aeabi_fcmple
                0x08000508                __aeabi_fcmpgt
                0x0800051c                __aeabi_fcmpge
 .text          0x08000530       0x40 C:/ST/STM32CubeIDE_1.17.0/STM32CubeIDE/plugins/com.st.stm32cube.ide.mcu.externaltools.gnu-tools-for-stm32.12.3.rel1.win32_1.1.0.202410251130/tools/bin/../lib/gcc/arm-none-eabi/12.3.1/thumb/v6-m/nofp\libgcc.a(_aeabi_uldivmod.o)
                0x08000530                __aeabi_uldivmod
 .text          0x08000570       0x5c C:/ST/STM32CubeIDE_1.17.0/STM32CubeIDE/plugins/com.st.stm32cube.ide.mcu.externaltools.gnu-tools-for-stm32.12.3.rel1.win32_1.1.0.202410251130/tools/bin/../lib/gcc/arm-none-eabi/12.3.1/thumb/v6-m/nofp\libgcc.a(_muldi3.o)
                0x08000570                __muldi3
                0x08000570                __aeabi_lmul
 .text          0x080005cc       0x3c C:/ST/STM32CubeIDE_1.17.0/STM32CubeIDE/plugins/com.st.stm32cube.ide.mcu.externaltools.gnu-tools-for-stm32.12.3.rel1.win32_1.1.0.202410251130/tools/bin/../lib/gcc/arm-none-eabi/12.3.1/thumb/v6-m/nofp\libgcc.a(_fixunsdfsi.o)
                0x080005cc                __aeabi_d2uiz
                0x080005cc                __fixunsdfsi
 .text          0x08000608       0x38 C:/ST/STM32CubeIDE_1.17.0/STM32CubeIDE/plugins/com.st.stm32cube.ide.mcu.externaltools.gnu-tools-for-stm32.12.3.rel1.win32_1.1.0.202410251130/tools/bin/../lib/gcc/arm-none-eabi/12.3.1/thumb/v6-m/nofp\libgcc.a(_fixdfdi.o)
                0x08000608                __fixdfdi
                0x08000608                __aeabi_d2lz
 .text          0x08000640       0x3c C:/ST/STM32CubeIDE_1.17.0/STM32CubeIDE/plugins/com.st.stm32cube.ide.mcu.externaltools.gnu-tools-for-stm32.12.3.rel1.win32_1.1.0.202410251130/tools/bin/../lib/gcc/arm-none-eabi/12.3.1/thumb/v6-m/nofp\libgcc.a(_fixunsdfdi.o)
                0x08000640                __fixunsdfdi
                0x08000640                __aeabi_d2ulz
 .text          0x0800067c       0x2c C:/ST/STM32CubeIDE_1.17.0/STM32CubeIDE/plugins/com.st.stm32cube.ide.mcu.externaltools.gnu-tools-for-stm32.12.3.rel1.win32_1.1.0.202410251130/tools/bin/../lib/gcc/arm-none-eabi/12.3.1/thumb/v6-m/nofp\libgcc.a(_floatdidf.o)
                0x0800067c                __aeabi_l2d
                0x0800067c                __floatdidf
 .text          0x080006a8      0x198 C:/ST/STM32CubeIDE_1.17.0/STM32CubeIDE/plugins/com.st.stm32cube.ide.mcu.externaltools.gnu-tools-for-stm32.12.3.rel1.win32_1.1.0.202410251130/tools/bin/../lib/gcc/arm-none-eabi/12.3.1/thumb/v6-m/nofp\libgcc.a(_udivmoddi4.o)
                0x080006a8                __udivmoddi4
 .text          0x08000840      0x240 C:/ST/STM32CubeIDE_1.17.0/STM32CubeIDE/plugins/com.st.stm32cube.ide.mcu.externaltools.gnu-tools-for-stm32.12.3.rel1.win32_1.1.0.202410251130/tools/bin/../lib/gcc/arm-none-eabi/12.3.1/thumb/v6-m/nofp\libgcc.a(divsf3.o)
                0x08000840                __aeabi_fdiv
 .text          0x08000a80       0x50 C:/ST/STM32CubeIDE_1.17.0/STM32CubeIDE/plugins/com.st.stm32cube.ide.mcu.externaltools.gnu-tools-for-stm32.12.3.rel1.win32_1.1.0.202410251130/tools/bin/../lib/gcc/arm-none-eabi/12.3.1/thumb/v6-m/nofp\libgcc.a(eqsf2.o)
                0x08000a80                __eqsf2
                0x08000a80                __nesf2
 .text          0x08000ad0       0xa0 C:/ST/STM32CubeIDE_1.17.0/STM32CubeIDE/plugins/com.st.stm32cube.ide.mcu.externaltools.gnu-tools-for-stm32.12.3.rel1.win32_1.1.0.202410251130/tools/bin/../lib/gcc/arm-none-eabi/12.3.1/thumb/v6-m/nofp\libgcc.a(gesf2.o)
                0x08000ad0                __gesf2
                0x08000ad0                __gtsf2
 .text          0x08000b70       0x9c C:/ST/STM32CubeIDE_1.17.0/STM32CubeIDE/plugins/com.st.stm32cube.ide.mcu.externaltools.gnu-tools-for-stm32.12.3.rel1.win32_1.1.0.202410251130/tools/bin/../lib/gcc/arm-none-eabi/12.3.1/thumb/v6-m/nofp\libgcc.a(lesf2.o)
                0x08000b70                __ltsf2
                0x08000b70                __lesf2
 .text          0x08000c0c      0x27c C:/ST/STM32CubeIDE_1.17.0/STM32CubeIDE/plugins/com.st.stm32cube.ide.mcu.externaltools.gnu-tools-for-stm32.12.3.rel1.win32_1.1.0.202410251130/tools/bin/../lib/gcc/arm-none-eabi/12.3.1/thumb/v6-m/nofp\libgcc.a(mulsf3.o)
                0x08000c0c                __aeabi_fmul
 .text          0x08000e88       0x98 C:/ST/STM32CubeIDE_1.17.0/STM32CubeIDE/plugins/com.st.stm32cube.ide.mcu.externaltools.gnu-tools-for-stm32.12.3.rel1.win32_1.1.0.202410251130/tools/bin/../lib/gcc/arm-none-eabi/12.3.1/thumb/v6-m/nofp\libgcc.a(floatsisf.o)
                0x08000e88                __aeabi_i2f
 .text          0x08000f20       0x84 C:/ST/STM32CubeIDE_1.17.0/STM32CubeIDE/plugins/com.st.stm32cube.ide.mcu.externaltools.gnu-tools-for-stm32.12.3.rel1.win32_1.1.0.202410251130/tools/bin/../lib/gcc/arm-none-eabi/12.3.1/thumb/v6-m/nofp\libgcc.a(floatunsisf.o)
                0x08000f20                __aeabi_ui2f
 .text          0x08000fa4      0x6c8 C:/ST/STM32CubeIDE_1.17.0/STM32CubeIDE/plugins/com.st.stm32cube.ide.mcu.externaltools.gnu-tools-for-stm32.12.3.rel1.win32_1.1.0.202410251130/tools/bin/../lib/gcc/arm-none-eabi/12.3.1/thumb/v6-m/nofp\libgcc.a(adddf3.o)
                0x08000fa4                __aeabi_dadd
 .text          0x0800166c      0x634 C:/ST/STM32CubeIDE_1.17.0/STM32CubeIDE/plugins/com.st.stm32cube.ide.mcu.externaltools.gnu-tools-for-stm32.12.3.rel1.win32_1.1.0.202410251130/tools/bin/../lib/gcc/arm-none-eabi/12.3.1/thumb/v6-m/nofp\libgcc.a(divdf3.o)
                0x0800166c                __aeabi_ddiv
 .text          0x08001ca0       0x88 C:/ST/STM32CubeIDE_1.17.0/STM32CubeIDE/plugins/com.st.stm32cube.ide.mcu.externaltools.gnu-tools-for-stm32.12.3.rel1.win32_1.1.0.202410251130/tools/bin/../lib/gcc/arm-none-eabi/12.3.1/thumb/v6-m/nofp\libgcc.a(eqdf2.o)
                0x08001ca0                __nedf2
                0x08001ca0                __eqdf2
 .text          0x08001d28       0xe8 C:/ST/STM32CubeIDE_1.17.0/STM32CubeIDE/plugins/com.st.stm32cube.ide.mcu.externaltools.gnu-tools-for-stm32.12.3.rel1.win32_1.1.0.202410251130/tools/bin/../lib/gcc/arm-none-eabi/12.3.1/thumb/v6-m/nofp\libgcc.a(gedf2.o)
                0x08001d28                __gedf2
                0x08001d28                __gtdf2
 .text          0x08001e10       0xe4 C:/ST/STM32CubeIDE_1.17.0/STM32CubeIDE/plugins/com.st.stm32cube.ide.mcu.externaltools.gnu-tools-for-stm32.12.3.rel1.win32_1.1.0.202410251130/tools/bin/../lib/gcc/arm-none-eabi/12.3.1/thumb/v6-m/nofp\libgcc.a(ledf2.o)
                0x08001e10                __ledf2
                0x08001e10                __ltdf2
 .text          0x08001ef4      0x590 C:/ST/STM32CubeIDE_1.17.0/STM32CubeIDE/plugins/com.st.stm32cube.ide.mcu.externaltools.gnu-tools-for-stm32.12.3.rel1.win32_1.1.0.202410251130/tools/bin/../lib/gcc/arm-none-eabi/12.3.1/thumb/v6-m/nofp\libgcc.a(muldf3.o)
                0x08001ef4                __aeabi_dmul
 .text          0x08002484      0x738 C:/ST/STM32CubeIDE_1.17.0/STM32CubeIDE/plugins/com.st.stm32cube.ide.mcu.externaltools.gnu-tools-for-stm32.12.3.rel1.win32_1.1.0.202410251130/tools/bin/../lib/gcc/arm-none-eabi/12.3.1/thumb/v6-m/nofp\libgcc.a(subdf3.o)
                0x08002484                __aeabi_dsub
 .text          0x08002bbc       0x44 C:/ST/STM32CubeIDE_1.17.0/STM32CubeIDE/plugins/com.st.stm32cube.ide.mcu.externaltools.gnu-tools-for-stm32.12.3.rel1.win32_1.1.0.202410251130/tools/bin/../lib/gcc/arm-none-eabi/12.3.1/thumb/v6-m/nofp\libgcc.a(unorddf2.o)
                0x08002bbc                __aeabi_dcmpun
 .text          0x08002c00       0x78 C:/ST/STM32CubeIDE_1.17.0/STM32CubeIDE/plugins/com.st.stm32cube.ide.mcu.externaltools.gnu-tools-for-stm32.12.3.rel1.win32_1.1.0.202410251130/tools/bin/../lib/gcc/arm-none-eabi/12.3.1/thumb/v6-m/nofp\libgcc.a(fixdfsi.o)
                0x08002c00                __aeabi_d2iz
 .text          0x08002c78       0x5c C:/ST/STM32CubeIDE_1.17.0/STM32CubeIDE/plugins/com.st.stm32cube.ide.mcu.externaltools.gnu-tools-for-stm32.12.3.rel1.win32_1.1.0.202410251130/tools/bin/../lib/gcc/arm-none-eabi/12.3.1/thumb/v6-m/nofp\libgcc.a(floatsidf.o)
                0x08002c78                __aeabi_i2d
 .text          0x08002cd4       0x48 C:/ST/STM32CubeIDE_1.17.0/STM32CubeIDE/plugins/com.st.stm32cube.ide.mcu.externaltools.gnu-tools-for-stm32.12.3.rel1.win32_1.1.0.202410251130/tools/bin/../lib/gcc/arm-none-eabi/12.3.1/thumb/v6-m/nofp\libgcc.a(floatunsidf.o)
                0x08002cd4                __aeabi_ui2d
 .text          0x08002d1c       0x90 C:/ST/STM32CubeIDE_1.17.0/STM32CubeIDE/plugins/com.st.stm32cube.ide.mcu.externaltools.gnu-tools-for-stm32.12.3.rel1.win32_1.1.0.202410251130/tools/bin/../lib/gcc/arm-none-eabi/12.3.1/thumb/v6-m/nofp\libgcc.a(extendsfdf2.o)
                0x08002d1c                __aeabi_f2d
 .text          0x08002dac      0x108 C:/ST/STM32CubeIDE_1.17.0/STM32CubeIDE/plugins/com.st.stm32cube.ide.mcu.externaltools.gnu-tools-for-stm32.12.3.rel1.win32_1.1.0.202410251130/tools/bin/../lib/gcc/arm-none-eabi/12.3.1/thumb/v6-m/nofp\libgcc.a(truncdfsf2.o)
                0x08002dac                __aeabi_d2f
 .text          0x08002eb4       0x3c C:/ST/STM32CubeIDE_1.17.0/STM32CubeIDE/plugins/com.st.stm32cube.ide.mcu.externaltools.gnu-tools-for-stm32.12.3.rel1.win32_1.1.0.202410251130/tools/bin/../lib/gcc/arm-none-eabi/12.3.1/thumb/v6-m/nofp\libgcc.a(_clzsi2.o)
                0x08002eb4                __clzsi2
 .text          0x08002ef0       0x18 C:/ST/STM32CubeIDE_1.17.0/STM32CubeIDE/plugins/com.st.stm32cube.ide.mcu.externaltools.gnu-tools-for-stm32.12.3.rel1.win32_1.1.0.202410251130/tools/bin/../lib/gcc/arm-none-eabi/12.3.1/thumb/v6-m/nofp\libgcc.a(_clzdi2.o)
                0x08002ef0                __clzdi2
 *(.text*)
 .text.__NVIC_SystemReset
                0x08002f08       0x24 BOS\BOS.o
 .text.LoadEEvars
                0x08002f2c       0x2a BOS\BOS.o
                0x08002f2c                LoadEEvars
 *fill*         0x08002f56        0x2 
 .text.LoadROtopology
                0x08002f58       0xfc BOS\BOS.o
                0x08002f58                LoadROtopology
 .text.LoadEEportsDir
                0x08003054       0x68 BOS\BOS.o
                0x08003054                LoadEEportsDir
 .text.LoadEEalias
                0x080030bc       0xd8 BOS\BOS.o
                0x080030bc                LoadEEalias
 .text.LoadEEgroup
                0x08003194      0x120 BOS\BOS.o
                0x08003194                LoadEEgroup
 .text.LoadEEstreams
                0x080032b4      0x228 BOS\BOS.o
                0x080032b4                LoadEEstreams
 .text.LoadEEparams
                0x080034dc      0x2e4 BOS\BOS.o
                0x080034dc                LoadEEparams
 .text.LoadEEbuttons
                0x080037c0      0x124 BOS\BOS.o
                0x080037c0                LoadEEbuttons
 .text.LoadROsnippets
                0x080038e4      0x1d8 BOS\BOS.o
                0x080038e4                LoadROsnippets
 .text.SaveEEportsDir
                0x08003abc       0x78 BOS\BOS.o
                0x08003abc                SaveEEportsDir
 .text.SaveEEalias
                0x08003b34       0xd0 BOS\BOS.o
                0x08003b34                SaveEEalias
 .text.SaveEEstreams
                0x08003c04       0xdc BOS\BOS.o
                0x08003c04                SaveEEstreams
 .text.SaveEEparams
                0x08003ce0       0xb4 BOS\BOS.o
                0x08003ce0                SaveEEparams
 .text.ClearEEportsDir
                0x08003d94       0x84 BOS\BOS.o
                0x08003d94                ClearEEportsDir
 .text.IsLowerCLIbaud
                0x08003e18       0xe8 BOS\BOS.o
                0x08003e18                IsLowerCLIbaud
 .text.IsModuleParameter
                0x08003f00       0x64 BOS\BOS.o
                0x08003f00                IsModuleParameter
 .text.IsMathOperator
                0x08003f64       0xc4 BOS\BOS.o
                0x08003f64                IsMathOperator
 .text.BOS_Init
                0x08004028      0x13c BOS\BOS.o
                0x08004028                BOS_Init
 .text.Module_Init
                0x08004164       0x1e BOS\BOS.o
                0x08004164                Module_Init
 *fill*         0x08004182        0x2 
 .text.Explore  0x08004184      0xa5c BOS\BOS.o
                0x08004184                Explore
 .text.ExploreNeighbors
                0x08004be0       0x90 BOS\BOS.o
                0x08004be0                ExploreNeighbors
 .text.FindBroadcastRoutes
                0x08004c70      0x3b0 BOS\BOS.o
                0x08004c70                FindBroadcastRoutes
 .text.FindRoute
                0x08005020      0x2d8 BOS\BOS.o
                0x08005020                FindRoute
 .text.minArr   0x080052f8       0x88 BOS\BOS.o
                0x080052f8                minArr
 .text.QnotEmpty
                0x08005380       0x50 BOS\BOS.o
                0x08005380                QnotEmpty
 .text.DisplayTopology
                0x080053d0      0x258 BOS\BOS.o
                0x080053d0                DisplayTopology
 .text.DisplayPortsDir
                0x08005628      0x118 BOS\BOS.o
                0x08005628                DisplayPortsDir
 .text.DisplayModuleStatus
                0x08005740      0x3b4 BOS\BOS.o
                0x08005740                DisplayModuleStatus
 .text.GetID    0x08005af4      0x15c BOS\BOS.o
                0x08005af4                GetID
 .text.NameModule
                0x08005c50      0x140 BOS\BOS.o
                0x08005c50                NameModule
 .text.AddModuleToGroup
                0x08005d90      0x1b8 BOS\BOS.o
                0x08005d90                AddModuleToGroup
 .text.WriteToRemote
                0x08005f48      0x418 BOS\BOS.o
                0x08005f48                WriteToRemote
 .text.GetDateString
                0x08006360       0x5c BOS\BOS.o
                0x08006360                GetDateString
 .text.Bridge   0x080063bc       0x4c BOS\BOS.o
                0x080063bc                Bridge
 .text.Unbridge
                0x08006408       0xbc BOS\BOS.o
                0x08006408                Unbridge
 .text.EncodeValueToBytes
                0x080064c4       0x84 BOS\BOS.o
                0x080064c4                EncodeValueToBytes
 .text.DecodeBytesToValue
                0x08006548       0x84 BOS\BOS.o
                0x08006548                DecodeBytesToValue
 .text.prvCLITask
                0x080065cc      0x254 BOS\BOS_CLI.o
                0x080065cc                prvCLITask
 .text.CLI_CommandParser
                0x08006820      0x57c BOS\BOS_CLI.o
                0x08006820                CLI_CommandParser
 .text.StringToLowerCase
                0x08006d9c       0x6c BOS\BOS_CLI.o
                0x08006d9c                StringToLowerCase
 .text.AddSnippet
                0x08006e08      0x118 BOS\BOS_CLI.o
                0x08006e08                AddSnippet
 .text.ParseSnippetCondition
                0x08006f20      0x2e8 BOS\BOS_CLI.o
                0x08006f20                ParseSnippetCondition
 .text.CheckSnippetCondition
                0x08007208      0x1cc BOS\BOS_CLI.o
                0x08007208                CheckSnippetCondition
 .text.ExecuteSnippet
                0x080073d4       0xdc BOS\BOS_CLI.o
                0x080073d4                ExecuteSnippet
 .text.ParseSnippetCommand
                0x080074b0       0xe0 BOS\BOS_CLI.o
                0x080074b0                ParseSnippetCommand
 .text.__NVIC_SystemReset
                0x08007590       0x24 BOS\BOS_CLIcommands.o
 .text.RegisterUserCLICommands
                0x080075b4        0xa BOS\BOS_CLIcommands.o
                0x080075b4                RegisterUserCLICommands
 *fill*         0x080075be        0x2 
 .text.vRegisterCLICommands
                0x080075c0      0x1a4 BOS\BOS_CLIcommands.o
                0x080075c0                vRegisterCLICommands
 .text.prvTaskStatsCommand
                0x08007764       0x40 BOS\BOS_CLIcommands.o
 .text.prvRunTimeStatsCommand
                0x080077a4       0x40 BOS\BOS_CLIcommands.o
 .text.pingCommand
                0x080077e4       0x9c BOS\BOS_CLIcommands.o
 .text.bootloaderUpdateCommand
                0x08007880      0x200 BOS\BOS_CLIcommands.o
 .text.exploreCommand
                0x08007a80       0xf8 BOS\BOS_CLIcommands.o
 .text.resetCommand
                0x08007b78       0x10 BOS\BOS_CLIcommands.o
 .text.nameCommand
                0x08007b88       0xe8 BOS\BOS_CLIcommands.o
 .text.groupCommand
                0x08007c70      0x2fc BOS\BOS_CLIcommands.o
 .text.statusCommand
                0x08007f6c       0x1c BOS\BOS_CLIcommands.o
 .text.infoCommand
                0x08007f88       0xfc BOS\BOS_CLIcommands.o
 .text.addbuttonCommand
                0x08008084      0x110 BOS\BOS_CLIcommands.o
 .text.removebuttonCommand
                0x08008194       0x94 BOS\BOS_CLIcommands.o
 .text.setCommand
                0x08008228      0xba8 BOS\BOS_CLIcommands.o
 .text.getCommand
                0x08008dd0      0x39c BOS\BOS_CLIcommands.o
 .text.defaultCommand
                0x0800916c       0xf8 BOS\BOS_CLIcommands.o
 .text.timeCommand
                0x08009264       0xd8 BOS\BOS_CLIcommands.o
 .text.dateCommand
                0x0800933c       0x34 BOS\BOS_CLIcommands.o
 .text.setBaudrateCommand
                0x08009370       0xc0 BOS\BOS_CLIcommands.o
 .text.uuidCommand
                0x08009430       0x90 BOS\BOS_CLIcommands.o
 .text.idcodeCommand
                0x080094c0       0x7c BOS\BOS_CLIcommands.o
 .text.flashsizeCommand
                0x0800953c       0x34 BOS\BOS_CLIcommands.o
 .text.snipCommand
                0x08009570      0x328 BOS\BOS_CLIcommands.o
 .text.actSnipCommand
                0x08009898       0xb8 BOS\BOS_CLIcommands.o
 .text.pauseSnipCommand
                0x08009950       0xb8 BOS\BOS_CLIcommands.o
 .text.delSnipCommand
                0x08009a08      0x1d4 BOS\BOS_CLIcommands.o
 .text.bridgeCommand
                0x08009bdc      0x11c BOS\BOS_CLIcommands.o
 .text.unbridgeCommand
                0x08009cf8      0x11c BOS\BOS_CLIcommands.o
 .text.testportCommand
                0x08009e14      0x2d8 BOS\BOS_CLIcommands.o
 .text.ADCReadCommand
                0x0800a0ec      0x114 BOS\BOS_CLIcommands.o
 .text.ReadTempCommand
                0x0800a200       0x54 BOS\BOS_CLIcommands.o
 .text.ReadVrefCommand
                0x0800a254       0x54 BOS\BOS_CLIcommands.o
 .text.GetReadPercentageCommand
                0x0800a2a8      0x108 BOS\BOS_CLIcommands.o
 .text.StartDMAstream
                0x0800a3b0       0xb0 BOS\BOS_dma.o
                0x0800a3b0                StartDMAstream
 .text.DMA_IRQHandler
                0x0800a460      0x118 BOS\BOS_dma.o
                0x0800a460                DMA_IRQHandler
 .text.ResetUartORE
                0x0800a578       0x48 BOS\BOS_dma.o
                0x0800a578                ResetUartORE
 .text.MX_FREERTOS_Init
                0x0800a5c0      0x214 BOS\BOS_freertos.o
                0x0800a5c0                MX_FREERTOS_Init
 .text.StartDefaultTask
                0x0800a7d4      0x108 BOS\BOS_freertos.o
                0x0800a7d4                StartDefaultTask
 .text.vMainConfigureTimerForRunTimeStats
                0x0800a8dc       0x2c BOS\BOS_freertos.o
                0x0800a8dc                vMainConfigureTimerForRunTimeStats
 .text.ulMainGetRunTimeCounterValue
                0x0800a908       0x9c BOS\BOS_freertos.o
                0x0800a908                ulMainGetRunTimeCounterValue
 .text.SetupDMAStreams
                0x0800a9a4      0x3c8 BOS\BOS_messaging.o
                0x0800a9a4                SetupDMAStreams
 .text.StreamTimerCallback
                0x0800ad6c       0xa4 BOS\BOS_messaging.o
                0x0800ad6c                StreamTimerCallback
 .text.ForwardReceivedMessage
                0x0800ae10       0x8c BOS\BOS_messaging.o
                0x0800ae10                ForwardReceivedMessage
 .text.BroadcastReceivedMessage
                0x0800ae9c       0x70 BOS\BOS_messaging.o
                0x0800ae9c                BroadcastReceivedMessage
 .text.NotifyMessagingTask
                0x0800af0c       0x90 BOS\BOS_messaging.o
                0x0800af0c                NotifyMessagingTask
 .text.BroadcastMessage
                0x0800af9c       0x94 BOS\BOS_messaging.o
                0x0800af9c                BroadcastMessage
 .text.SendMessageToModule
                0x0800b030       0xa4 BOS\BOS_messaging.o
                0x0800b030                SendMessageToModule
 .text.SendLargeMessageToModule
                0x0800b0d4      0x10c BOS\BOS_messaging.o
                0x0800b0d4                SendLargeMessageToModule
 .text.SendMessageFromPort
                0x0800b1e0      0x4e8 BOS\BOS_messaging.o
                0x0800b1e0                SendMessageFromPort
 .text.StartScastDMAStream
                0x0800b6c8      0x314 BOS\BOS_messaging.o
                0x0800b6c8                StartScastDMAStream
 .text.__NVIC_SystemReset
                0x0800b9dc       0x24 BOS\BOS_msgparser.o
 .text.BackEndTask
                0x0800ba00      0xbb8 BOS\BOS_msgparser.o
                0x0800ba00                BackEndTask
 .text.PxMessagingTask
                0x0800c5b8      0x728 BOS\BOS_msgparser.o
                0x0800c5b8                PxMessagingTask
 .text.User_MessagingParser
                0x0800cce0       0x3a BOS\BOS_msgparser.o
                0x0800cce0                User_MessagingParser
 *fill*         0x0800cd1a        0x2 
 .text.HandlePingCode
                0x0800cd1c       0x74 BOS\BOS_msgparser.o
 .text.HandlePingResponseCode
                0x0800cd90       0xd4 BOS\BOS_msgparser.o
 .text.HandleHiCode
                0x0800ce64      0x110 BOS\BOS_msgparser.o
 .text.HandleHiResponseCode
                0x0800cf74       0xc8 BOS\BOS_msgparser.o
 .text.HandleEthernetDefaultValuesCode
                0x0800d03c      0x3e8 BOS\BOS_msgparser.o
 .text.HandleExploreAdjacentCode
                0x0800d424       0xe4 BOS\BOS_msgparser.o
 .text.HandleExploreAdjacentResponseCode
                0x0800d508       0xfc BOS\BOS_msgparser.o
 .text.HandlePortDirectionCode
                0x0800d604       0xcc BOS\BOS_msgparser.o
 .text.HandleModuleIDCode
                0x0800d6d0       0xec BOS\BOS_msgparser.o
 .text.HandleTopologyCode
                0x0800d7bc      0x12c BOS\BOS_msgparser.o
 .text.HandleReadPortDirectionResponseCode
                0x0800d8e8       0xd0 BOS\BOS_msgparser.o
 .text.HandleBaudRateCode
                0x0800d9b8      0x190 BOS\BOS_msgparser.o
 .text.HandleExploreEEPROMCode
                0x0800db48       0x4c BOS\BOS_msgparser.o
 .text.HandleDefArrayCode
                0x0800db94       0x50 BOS\BOS_msgparser.o
 .text.HandleCLICommandCode
                0x0800dbe4      0x1a8 BOS\BOS_msgparser.o
 .text.HandleCLIResponseCode
                0x0800dd8c      0x114 BOS\BOS_msgparser.o
 .text.HandleUpdateCode
                0x0800dea0       0x48 BOS\BOS_msgparser.o
 .text.HandleUpdateViaPortCode
                0x0800dee8       0x94 BOS\BOS_msgparser.o
 .text.HandleDMAChannelCode
                0x0800df7c      0x544 BOS\BOS_msgparser.o
 .text.HandleDMASingleCastStreamCode
                0x0800e4c0      0x14c BOS\BOS_msgparser.o
 .text.HandleReadRemoteCode
                0x0800e60c      0x4b4 BOS\BOS_msgparser.o
 .text.HandleReadRemoteResponseCode
                0x0800eac0      0x35c BOS\BOS_msgparser.o
 .text.HandleWriteRemoteCode
                0x0800ee1c      0x96c BOS\BOS_msgparser.o
 .text.HandleWriteRemoteResponseCode
                0x0800f788       0x58 BOS\BOS_msgparser.o
 .text.HandlePortForwardCode
                0x0800f7e0       0xa8 BOS\BOS_msgparser.o
 .text.HandleReadADCVauleCode
                0x0800f888       0xcc BOS\BOS_msgparser.o
 .text.HandleReadTempAndVrefCode
                0x0800f954       0x48 BOS\BOS_msgparser.o
 .text.HandleAckAcceptedCode
                0x0800f99c       0x3c BOS\BOS_msgparser.o
 .text.HandleRejectedCode
                0x0800f9d8       0x3c BOS\BOS_msgparser.o
 .text.HandleReadResponseCode
                0x0800fa14      0x5c0 BOS\BOS_msgparser.o
 .text.HandleStopModeUartxCode
                0x0800ffd4       0x74 BOS\BOS_msgparser.o
 .text.HandleEnStandbyModeWakeupPinxCode
                0x08010048       0x74 BOS\BOS_msgparser.o
 .text.HandleRawDataCode
                0x080100bc       0xe4 BOS\BOS_msgparser.o
 .text.HandleDefaultCode
                0x080101a0       0xac BOS\BOS_msgparser.o
 .text.SystemClock_Config
                0x0801024c       0xb4 H05R0\H05R0.o
                0x0801024c                SystemClock_Config
 .text.EnableStopModebyUARTx
                0x08010300       0xb8 H05R0\H05R0.o
                0x08010300                EnableStopModebyUARTx
 .text.EnableStandbyModebyWakeupPinx
                0x080103b8       0x64 H05R0\H05R0.o
                0x080103b8                EnableStandbyModebyWakeupPinx
 .text.DisableStandbyModeWakeupPinx
                0x0801041c       0x9c H05R0\H05R0.o
                0x0801041c                DisableStandbyModeWakeupPinx
 .text.SaveTopologyToRO
                0x080104b8      0x1bc H05R0\H05R0.o
                0x080104b8                SaveTopologyToRO
 .text.SaveSnippetsToRO
                0x08010674      0x1f8 H05R0\H05R0.o
                0x08010674                SaveSnippetsToRO
 .text.ClearROtopology
                0x0801086c       0x38 H05R0\H05R0.o
                0x0801086c                ClearROtopology
 .text.RemoteBootloaderUpdate
                0x080108a4      0x178 H05R0\H05R0.o
                0x080108a4                RemoteBootloaderUpdate
 .text.SetupPortForRemoteBootloaderUpdate
                0x08010a1c       0x52 H05R0\H05R0.o
                0x08010a1c                SetupPortForRemoteBootloaderUpdate
 *fill*         0x08010a6e        0x2 
 .text.Module_Peripheral_Init
                0x08010a70      0x18c H05R0\H05R0.o
                0x08010a70                Module_Peripheral_Init
 .text.Module_MessagingTask
                0x08010bfc      0x33c H05R0\H05R0.o
                0x08010bfc                Module_MessagingTask
 .text.GetPort  0x08010f38       0x80 H05R0\H05R0.o
                0x08010f38                GetPort
 .text.RegisterModuleCLICommands
                0x08010fb8       0x3c H05R0\H05R0.o
                0x08010fb8                RegisterModuleCLICommands
 .text.GetModuleParameter
                0x08010ff4      0x14c H05R0\H05R0.o
                0x08010ff4                GetModuleParameter
 .text.SampleVoltageToString
                0x08011140       0x3c H05R0\H05R0.o
                0x08011140                SampleVoltageToString
 .text.SampleCurrentToString
                0x0801117c       0x3c H05R0\H05R0.o
                0x0801117c                SampleCurrentToString
 .text.SamplePowerToString
                0x080111b8       0x3c H05R0\H05R0.o
                0x080111b8                SamplePowerToString
 .text.SampleTemperatureToString
                0x080111f4       0x3c H05R0\H05R0.o
                0x080111f4                SampleTemperatureToString
 .text.SampleCapacityToString
                0x08011230       0x3c H05R0\H05R0.o
                0x08011230                SampleCapacityToString
 .text.SampleAgeToString
                0x0801126c       0x30 H05R0\H05R0.o
                0x0801126c                SampleAgeToString
 .text.SampleCyclesToString
                0x0801129c       0x30 H05R0\H05R0.o
                0x0801129c                SampleCyclesToString
 .text.SampleSOCToString
                0x080112cc       0x30 H05R0\H05R0.o
                0x080112cc                SampleSOCToString
 .text.SampleStatusChargingToString
                0x080112fc       0x54 H05R0\H05R0.o
                0x080112fc                SampleStatusChargingToString
 .text.SampleVBUSVoltToString
                0x08011350       0x3c H05R0\H05R0.o
                0x08011350                SampleVBUSVoltToString
 .text.SampleChargerCurrentToString
                0x0801138c       0x3c H05R0\H05R0.o
                0x0801138c                SampleChargerCurrentToString
 .text.SampleVoltageBuf
                0x080113c8       0x20 H05R0\H05R0.o
                0x080113c8                SampleVoltageBuf
 .text.SampleCurrentBuf
                0x080113e8       0x20 H05R0\H05R0.o
                0x080113e8                SampleCurrentBuf
 .text.SamplePowerBuf
                0x08011408       0x20 H05R0\H05R0.o
                0x08011408                SamplePowerBuf
 .text.SampleTemperatureBuf
                0x08011428       0x20 H05R0\H05R0.o
                0x08011428                SampleTemperatureBuf
 .text.SampleCapacityBuf
                0x08011448       0x20 H05R0\H05R0.o
                0x08011448                SampleCapacityBuf
 .text.SampleAgeBuf
                0x08011468       0x2a H05R0\H05R0.o
                0x08011468                SampleAgeBuf
 .text.SampleCyclesBuf
                0x08011492       0x2a H05R0\H05R0.o
                0x08011492                SampleCyclesBuf
 .text.SampleSOCBuf
                0x080114bc       0x2a H05R0\H05R0.o
                0x080114bc                SampleSOCBuf
 .text.SampleStatusChargingBuf
                0x080114e6       0x2a H05R0\H05R0.o
                0x080114e6                SampleStatusChargingBuf
 .text.SampleChargerCurrentBuf
                0x08011510       0x20 H05R0\H05R0.o
                0x08011510                SampleChargerCurrentBuf
 .text.SampleVBUSVoltBuf
                0x08011530       0x20 H05R0\H05R0.o
                0x08011530                SampleVBUSVoltBuf
 .text.StreamToBuf
                0x08011550       0xb8 H05R0\H05R0.o
 .text.LipoChargerTask
                0x08011608       0xa0 H05R0\H05R0.o
                0x08011608                LipoChargerTask
 .text.StreamTimeCallback
                0x080116a8       0xcc H05R0\H05R0.o
                0x080116a8                StreamTimeCallback
 .text.WriteReg
                0x08011774       0xd4 H05R0\H05R0.o
                0x08011774                WriteReg
 .text.ReadReg  0x08011848       0xfc H05R0\H05R0.o
                0x08011848                ReadReg
 .text.Init_MAX17330
                0x08011944      0x178 H05R0\H05R0.o
                0x08011944                Init_MAX17330
 .text.ConvertTwosComplToDec
                0x08011abc       0x38 H05R0\H05R0.o
                0x08011abc                ConvertTwosComplToDec
 .text.MCULDOEnable
                0x08011af4       0x48 H05R0\H05R0.o
                0x08011af4                MCULDOEnable
 .text.ReadCellVoltage
                0x08011b3c       0x74 H05R0\H05R0.o
                0x08011b3c                ReadCellVoltage
 .text.ReadCellCurrent
                0x08011bb0       0xa4 H05R0\H05R0.o
                0x08011bb0                ReadCellCurrent
 .text.ReadCellPower
                0x08011c54       0x98 H05R0\H05R0.o
                0x08011c54                ReadCellPower
 .text.ReadTemperature
                0x08011cec       0x84 H05R0\H05R0.o
                0x08011cec                ReadTemperature
 .text.ReadCellCapacity
                0x08011d70       0x78 H05R0\H05R0.o
                0x08011d70                ReadCellCapacity
 .text.ReadCellStateOfCharge
                0x08011de8       0x5a H05R0\H05R0.o
                0x08011de8                ReadCellStateOfCharge
 .text.ReadCellAge
                0x08011e42       0x5a H05R0\H05R0.o
                0x08011e42                ReadCellAge
 .text.ReadCellCycles
                0x08011e9c       0x58 H05R0\H05R0.o
                0x08011e9c                ReadCellCycles
 .text.ReadChargerCurrent
                0x08011ef4       0xa4 H05R0\H05R0.o
                0x08011ef4                ReadChargerCurrent
 .text.ReadVBUSVoltage
                0x08011f98       0x90 H05R0\H05R0.o
                0x08011f98                ReadVBUSVoltage
 .text.Enable3_3Output
                0x08012028       0x30 H05R0\H05R0.o
                0x08012028                Enable3_3Output
 .text.Disable3_3Output
                0x08012058       0x30 H05R0\H05R0.o
                0x08012058                Disable3_3Output
 .text.EnableVBusOutput
                0x08012088       0x2c H05R0\H05R0.o
                0x08012088                EnableVBusOutput
 .text.DisableVBusOutput
                0x080120b4       0x2c H05R0\H05R0.o
                0x080120b4                DisableVBusOutput
 .text.CheckChargingStatus
                0x080120e0       0x74 H05R0\H05R0.o
                0x080120e0                CheckChargingStatus
 .text.SampleToTerminal
                0x08012154      0x2f0 H05R0\H05R0.o
                0x08012154                SampleToTerminal
 .text.PollingSleepCLISafe
                0x08012444      0x108 H05R0\H05R0.o
 .text.SampleToPort
                0x0801254c      0x8b8 H05R0\H05R0.o
                0x0801254c                SampleToPort
 .text.StreamToCLI
                0x08012e04      0x178 H05R0\H05R0.o
 .text.StreamtoPort
                0x08012f7c       0xfc H05R0\H05R0.o
                0x08012f7c                StreamtoPort
 .text.StreamToBuffer
                0x08013078      0x110 H05R0\H05R0.o
                0x08013078                StreamToBuffer
 .text.SampleSensorCommand
                0x08013188      0x25c H05R0\H05R0.o
 .text.StreamCommandParser
                0x080133e4      0x116 H05R0\H05R0.o
 *fill*         0x080134fa        0x2 
 .text.StreamSensorCommand
                0x080134fc      0x48c H05R0\H05R0.o
 .text.EnableCommand
                0x08013988       0xac H05R0\H05R0.o
 .text.DisableCommand
                0x08013a34       0xac H05R0\H05R0.o
 .text.MX_ADC_Init
                0x08013ae0        0xe H05R0\H05R0_adc.o
                0x08013ae0                MX_ADC_Init
 *fill*         0x08013aee        0x2 
 .text.MX_ADC1_Init
                0x08013af0       0xc4 H05R0\H05R0_adc.o
                0x08013af0                MX_ADC1_Init
 .text.HAL_MspInit
                0x08013bb4       0x60 H05R0\H05R0_adc.o
                0x08013bb4                HAL_MspInit
 .text.HAL_ADC_MspInit
                0x08013c14       0x88 H05R0\H05R0_adc.o
                0x08013c14                HAL_ADC_MspInit
 .text.SelectADCChannel
                0x08013c9c       0x80 H05R0\H05R0_adc.o
                0x08013c9c                SelectADCChannel
 .text.ReadADCValue
                0x08013d1c       0x72 H05R0\H05R0_adc.o
                0x08013d1c                ReadADCValue
 *fill*         0x08013d8e        0x2 
 .text.DMA_Init
                0x08013d90       0x74 H05R0\H05R0_dma.o
                0x08013d90                DMA_Init
 .text.SetupMessagingRxDMAs
                0x08013e04       0xf4 H05R0\H05R0_dma.o
                0x08013e04                SetupMessagingRxDMAs
 .text.DMA_MSG_RX_Setup
                0x08013ef8       0x68 H05R0\H05R0_dma.o
                0x08013ef8                DMA_MSG_RX_Setup
 .text.DMA_STREAM_Setup
                0x08013f60      0x110 H05R0\H05R0_dma.o
                0x08013f60                DMA_STREAM_Setup
 .text.StopDMA  0x08014070       0x98 H05R0\H05R0_dma.o
                0x08014070                StopDMA
 .text.SwitchMsgDMAToStream
                0x08014108       0x52 H05R0\H05R0_dma.o
                0x08014108                SwitchMsgDMAToStream
 *fill*         0x0801415a        0x2 
 .text.SwitchStreamDMAToMsg
                0x0801415c       0xc8 H05R0\H05R0_dma.o
                0x0801415c                SwitchStreamDMAToMsg
 .text.CRC_Init
                0x08014224       0x44 H05R0\H05R0_dma.o
                0x08014224                CRC_Init
 .text.HAL_CRC_MspInit
                0x08014268       0x30 H05R0\H05R0_dma.o
                0x08014268                HAL_CRC_MspInit
 .text.CalculateCRC8
                0x08014298      0x154 H05R0\H05R0_dma.o
                0x08014298                CalculateCRC8
 .text.__NVIC_SystemReset
                0x080143ec       0x24 H05R0\H05R0_eeprom.o
 .text.EE_Init  0x08014410       0x56 H05R0\H05R0_eeprom.o
                0x08014410                EE_Init
 .text.EE_ReadVariable
                0x08014466       0x42 H05R0\H05R0_eeprom.o
                0x08014466                EE_ReadVariable
 .text.EE_WriteVariable
                0x080144a8       0x72 H05R0\H05R0_eeprom.o
                0x080144a8                EE_WriteVariable
 .text.EE_Format
                0x0801451a       0x3a H05R0\H05R0_eeprom.o
                0x0801451a                EE_Format
 .text.EE_FormatForFactoryReset
                0x08014554       0x2c H05R0\H05R0_eeprom.o
                0x08014554                EE_FormatForFactoryReset
 .text.GPIO_Init
                0x08014580       0x90 H05R0\H05R0_gpio.o
                0x08014580                GPIO_Init
 .text.IND_LED_Init
                0x08014610       0x38 H05R0\H05R0_gpio.o
                0x08014610                IND_LED_Init
 .text.LipoGPIOInit
                0x08014648      0x110 H05R0\H05R0_gpio.o
                0x08014648                LipoGPIOInit
 .text.IsFactoryReset
                0x08014758      0x15c H05R0\H05R0_gpio.o
                0x08014758                IsFactoryReset
 .text.GetPortGPIOs
                0x080148b4      0x11c H05R0\H05R0_gpio.o
                0x080148b4                GetPortGPIOs
 .text.MX_I2C_Init
                0x080149d0        0xe H05R0\H05R0_i2c.o
                0x080149d0                MX_I2C_Init
 *fill*         0x080149de        0x2 
 .text.MX_I2C2_Init
                0x080149e0       0x68 H05R0\H05R0_i2c.o
                0x080149e0                MX_I2C2_Init
 .text.HAL_I2C_MspInit
                0x08014a48       0xb8 H05R0\H05R0_i2c.o
                0x08014a48                HAL_I2C_MspInit
 .text.WriteI2C
                0x08014b00       0x72 H05R0\H05R0_i2c.o
                0x08014b00                WriteI2C
 .text.ReadI2C  0x08014b72       0x6c H05R0\H05R0_i2c.o
                0x08014b72                ReadI2C
 *fill*         0x08014bde        0x2 
 .text.GetChannel
                0x08014be0       0x88 H05R0\H05R0_inputs.o
                0x08014be0                GetChannel
 .text.GetRank  0x08014c68       0x80 H05R0\H05R0_inputs.o
                0x08014c68                GetRank
 .text.CheckAttachedButtons
                0x08014ce8      0x504 H05R0\H05R0_inputs.o
                0x08014ce8                CheckAttachedButtons
 .text.AddPortButton
                0x080151ec      0x268 H05R0\H05R0_inputs.o
                0x080151ec                AddPortButton
 .text.RemovePortButton
                0x08015454      0x194 H05R0\H05R0_inputs.o
                0x08015454                RemovePortButton
 .text.SetButtonEvents
                0x080155e8      0x1b8 H05R0\H05R0_inputs.o
                0x080155e8                SetButtonEvents
 .text.ADCSelectPort
                0x080157a0       0x98 H05R0\H05R0_inputs.o
                0x080157a0                ADCSelectPort
 .text.ReadADCChannel
                0x08015838      0x1a0 H05R0\H05R0_inputs.o
                0x08015838                ReadADCChannel
 .text.ReadTempAndVref
                0x080159d8      0x1dc H05R0\H05R0_inputs.o
                0x080159d8                ReadTempAndVref
 .text.GetReadPercentage
                0x08015bb4       0x6c H05R0\H05R0_inputs.o
                0x08015bb4                GetReadPercentage
 .text.buttonReleasedCallback
                0x08015c20       0x14 H05R0\H05R0_inputs.o
                0x08015c20                buttonReleasedCallback
 .text.buttonClickedCallback
                0x08015c34       0x14 H05R0\H05R0_inputs.o
                0x08015c34                buttonClickedCallback
 .text.buttonDblClickedCallback
                0x08015c48       0x14 H05R0\H05R0_inputs.o
                0x08015c48                buttonDblClickedCallback
 .text.__NVIC_SystemReset
                0x08015c5c       0x24 H05R0\H05R0_it.o
 .text.SysTick_Handler
                0x08015c80       0x12 H05R0\H05R0_it.o
                0x08015c80                SysTick_Handler
 *fill*         0x08015c92        0x2 
 .text.HardFault_Handler
                0x08015c94       0x40 H05R0\H05R0_it.o
                0x08015c94                HardFault_Handler
 .text.HAL_UARTEx_RxEventCallback
                0x08015cd4       0x74 H05R0\H05R0_it.o
                0x08015cd4                HAL_UARTEx_RxEventCallback
 .text.USART1_IRQHandler
                0x08015d48       0xac H05R0\H05R0_it.o
                0x08015d48                USART1_IRQHandler
 .text.USART2_LPUART2_IRQHandler
                0x08015df4       0xac H05R0\H05R0_it.o
                0x08015df4                USART2_LPUART2_IRQHandler
 .text.USART3_4_5_6_LPUART1_IRQHandler
                0x08015ea0      0x1bc H05R0\H05R0_it.o
                0x08015ea0                USART3_4_5_6_LPUART1_IRQHandler
 .text.DMA1_Channel1_IRQHandler
                0x0801605c       0x20 H05R0\H05R0_it.o
                0x0801605c                DMA1_Channel1_IRQHandler
 .text.DMA1_Channel2_3_IRQHandler
                0x0801607c       0x54 H05R0\H05R0_it.o
                0x0801607c                DMA1_Channel2_3_IRQHandler
 .text.DMA1_Ch4_7_DMA2_Ch1_5_DMAMUX1_OVR_IRQHandler
                0x080160d0       0x5c H05R0\H05R0_it.o
                0x080160d0                DMA1_Ch4_7_DMA2_Ch1_5_DMAMUX1_OVR_IRQHandler
 .text.HAL_UART_TxCpltCallback
                0x0801612c       0x48 H05R0\H05R0_it.o
                0x0801612c                HAL_UART_TxCpltCallback
 .text.HAL_UART_ErrorCallback
                0x08016174       0xd4 H05R0\H05R0_it.o
                0x08016174                HAL_UART_ErrorCallback
 .text.HAL_UART_RxCpltCallback
                0x08016248       0x10 H05R0\H05R0_it.o
                0x08016248                HAL_UART_RxCpltCallback
 .text.HAL_UARTEx_WakeupCallback
                0x08016258       0x5c H05R0\H05R0_it.o
                0x08016258                HAL_UARTEx_WakeupCallback
 .text.vApplicationStackOverflowHook
                0x080162b4       0x44 H05R0\H05R0_it.o
                0x080162b4                vApplicationStackOverflowHook
 .text.vApplicationMallocFailedHook
                0x080162f8       0x40 H05R0\H05R0_it.o
                0x080162f8                vApplicationMallocFailedHook
 .text.RTC_Init
                0x08016338       0xd8 H05R0\H05R0_rtc.o
                0x08016338                RTC_Init
 .text.RTC_CalendarConfig
                0x08016410      0x18c H05R0\H05R0_rtc.o
                0x08016410                RTC_CalendarConfig
 .text.BOS_CalendarConfig
                0x0801659c      0x194 H05R0\H05R0_rtc.o
                0x0801659c                BOS_CalendarConfig
 .text.GetTimeDate
                0x08016730       0x90 H05R0\H05R0_rtc.o
                0x08016730                GetTimeDate
 .text.HAL_RTC_MspInit
                0x080167c0       0x74 H05R0\H05R0_rtc.o
                0x080167c0                HAL_RTC_MspInit
 .text.HAL_RTC_MspDeInit
                0x08016834       0x44 H05R0\H05R0_rtc.o
                0x08016834                HAL_RTC_MspDeInit
 .text.TIM_USEC_Init
                0x08016878       0x74 H05R0\H05R0_timers.o
                0x08016878                TIM_USEC_Init
 .text.TIM_MSEC_Init
                0x080168ec       0x78 H05R0\H05R0_timers.o
                0x080168ec                TIM_MSEC_Init
 .text.HAL_TIM_Base_MspInit
                0x08016964       0x48 H05R0\H05R0_timers.o
                0x08016964                HAL_TIM_Base_MspInit
 .text.StartMicroDelay
                0x080169ac       0x48 H05R0\H05R0_timers.o
                0x080169ac                StartMicroDelay
 .text.StartMilliDelay
                0x080169f4       0x48 H05R0\H05R0_timers.o
                0x080169f4                StartMilliDelay
 .text.MX_USART1_UART_Init
                0x08016a3c       0x7c H05R0\H05R0_uart.o
                0x08016a3c                MX_USART1_UART_Init
 .text.MX_USART2_UART_Init
                0x08016ab8       0x7c H05R0\H05R0_uart.o
                0x08016ab8                MX_USART2_UART_Init
 .text.MX_USART3_UART_Init
                0x08016b34       0x7c H05R0\H05R0_uart.o
                0x08016b34                MX_USART3_UART_Init
 .text.MX_USART4_UART_Init
                0x08016bb0       0x60 H05R0\H05R0_uart.o
                0x08016bb0                MX_USART4_UART_Init
 .text.MX_USART6_UART_Init
                0x08016c10       0x60 H05R0\H05R0_uart.o
                0x08016c10                MX_USART6_UART_Init
 .text.HAL_UART_MspInit
                0x08016c70      0x52c H05R0\H05R0_uart.o
                0x08016c70                HAL_UART_MspInit
 .text.writePxMutex
                0x0801719c       0xac H05R0\H05R0_uart.o
                0x0801719c                writePxMutex
 .text.writePxITMutex
                0x08017248       0x80 H05R0\H05R0_uart.o
                0x08017248                writePxITMutex
 .text.UpdateBaudrate
                0x080172c8       0x3e H05R0\H05R0_uart.o
                0x080172c8                UpdateBaudrate
 *fill*         0x08017306        0x2 
 .text.GetUart  0x08017308       0x54 H05R0\H05R0_uart.o
                0x08017308                GetUart
 .text.SwapUartPins
                0x0801735c      0x118 H05R0\H05R0_uart.o
                0x0801735c                SwapUartPins
 .text.ReadPortsDir
                0x08017474       0xa8 H05R0\H05R0_uart.o
                0x08017474                ReadPortsDir
 .text.ReadPortsDirMSG
                0x0801751c       0x80 H05R0\H05R0_uart.o
                0x0801751c                ReadPortsDirMSG
 .text.UpdateMyPortsDir
                0x0801759c       0x84 H05R0\H05R0_uart.o
                0x0801759c                UpdateMyPortsDir
 .text.Reset_Handler
                0x08017620       0x90 H05R0\startup_stm32g0b1ceuxn.o
                0x08017620                Reset_Handler
 .text.Default_Handler
                0x080176b0        0x2 H05R0\startup_stm32g0b1ceuxn.o
                0x080176b0                I2C2_3_IRQHandler
                0x080176b0                TIM1_CC_IRQHandler
                0x080176b0                ADC1_COMP_IRQHandler
                0x080176b0                NMI_Handler
                0x080176b0                I2C1_IRQHandler
                0x080176b0                TIM7_LPTIM2_IRQHandler
                0x080176b0                TIM17_FDCAN_IT1_IRQHandler
                0x080176b0                RCC_CRS_IRQHandler
                0x080176b0                RTC_TAMP_IRQHandler
                0x080176b0                SPI1_IRQHandler
                0x080176b0                USB_UCPD1_2_IRQHandler
                0x080176b0                EXTI2_3_IRQHandler
                0x080176b0                PVD_VDDIO2_IRQHandler
                0x080176b0                EXTI4_15_IRQHandler
                0x080176b0                Default_Handler
                0x080176b0                CEC_IRQHandler
                0x080176b0                TIM14_IRQHandler
                0x080176b0                TIM15_IRQHandler
                0x080176b0                TIM3_TIM4_IRQHandler
                0x080176b0                EXTI0_1_IRQHandler
                0x080176b0                SPI2_3_IRQHandler
                0x080176b0                TIM6_DAC_LPTIM1_IRQHandler
                0x080176b0                WWDG_IRQHandler
                0x080176b0                TIM2_IRQHandler
                0x080176b0                FLASH_IRQHandler
                0x080176b0                TIM16_FDCAN_IT0_IRQHandler
                0x080176b0                TIM1_BRK_UP_TRG_COM_IRQHandler
 .text.SystemInit
                0x080176b2        0xa Thirdparty\CMSIS\STM32G0xx\Device\ST\STM32G0xx\Source\Templates\system_stm32g0xx.o
                0x080176b2                SystemInit
 .text.LL_CRC_ResetCRCCalculationUnit
                0x080176bc       0x1c Thirdparty\EEPROM_Emul\Core\eeprom_emul.o
 .text.LL_CRC_SetPolynomialSize
                0x080176d8       0x24 Thirdparty\EEPROM_Emul\Core\eeprom_emul.o
 .text.LL_CRC_SetPolynomialCoef
                0x080176fc       0x18 Thirdparty\EEPROM_Emul\Core\eeprom_emul.o
 .text.LL_CRC_FeedData32
                0x08017714       0x18 Thirdparty\EEPROM_Emul\Core\eeprom_emul.o
 .text.LL_CRC_FeedData16
                0x0801772c       0x22 Thirdparty\EEPROM_Emul\Core\eeprom_emul.o
 .text.LL_CRC_ReadData16
                0x0801774e       0x16 Thirdparty\EEPROM_Emul\Core\eeprom_emul.o
 .text.LL_AHB1_GRP1_EnableClock
                0x08017764       0x2c Thirdparty\EEPROM_Emul\Core\eeprom_emul.o
 .text.EEPROM_Init
                0x08017790     0x1874 Thirdparty\EEPROM_Emul\Core\eeprom_emul.o
                0x08017790                EEPROM_Init
 .text.EEPROM_Format
                0x08019004      0x2a8 Thirdparty\EEPROM_Emul\Core\eeprom_emul.o
                0x08019004                EEPROM_Format
 .text.EE_ReadVariable16bits
                0x080192ac       0x60 Thirdparty\EEPROM_Emul\Core\eeprom_emul.o
                0x080192ac                EE_ReadVariable16bits
 .text.EE_WriteVariable16bits
                0x0801930c       0x48 Thirdparty\EEPROM_Emul\Core\eeprom_emul.o
                0x0801930c                EE_WriteVariable16bits
 .text.EE_CleanUp
                0x08019354      0x2a4 Thirdparty\EEPROM_Emul\Core\eeprom_emul.o
                0x08019354                EE_CleanUp
 .text.ReadVariable
                0x080195f8      0x340 Thirdparty\EEPROM_Emul\Core\eeprom_emul.o
 .text.WriteVariable
                0x08019938       0x52 Thirdparty\EEPROM_Emul\Core\eeprom_emul.o
 .text.VerifyPageFullyErased
                0x0801998a       0x4e Thirdparty\EEPROM_Emul\Core\eeprom_emul.o
 .text.FindPage
                0x080199d8      0x444 Thirdparty\EEPROM_Emul\Core\eeprom_emul.o
 .text.PagesTransfer
                0x08019e1c      0x8ec Thirdparty\EEPROM_Emul\Core\eeprom_emul.o
 .text.VerifyPagesFullWriteVariable
                0x0801a708      0x1ac Thirdparty\EEPROM_Emul\Core\eeprom_emul.o
 .text.SetPageState
                0x0801a8b4      0x364 Thirdparty\EEPROM_Emul\Core\eeprom_emul.o
 .text.GetPageState
                0x0801ac18       0xa0 Thirdparty\EEPROM_Emul\Core\eeprom_emul.o
 .text.ConfigureCrc
                0x0801acb8       0x34 Thirdparty\EEPROM_Emul\Core\eeprom_emul.o
                0x0801acb8                ConfigureCrc
 .text.CalculateCrc
                0x0801acec       0x48 Thirdparty\EEPROM_Emul\Core\eeprom_emul.o
                0x0801acec                CalculateCrc
 .text.FI_WriteDoubleWord
                0x0801ad34       0x22 Thirdparty\EEPROM_Emul\Porting\STM32G0\flash_interface.o
                0x0801ad34                FI_WriteDoubleWord
 *fill*         0x0801ad56        0x2 
 .text.FI_PageErase
                0x0801ad58      0x120 Thirdparty\EEPROM_Emul\Porting\STM32G0\flash_interface.o
                0x0801ad58                FI_PageErase
 .text.FI_CacheFlush
                0x0801ae78        0xa Thirdparty\EEPROM_Emul\Porting\STM32G0\flash_interface.o
                0x0801ae78                FI_CacheFlush
 *fill*         0x0801ae82        0x2 
 .text.GetBankNumber
                0x0801ae84       0x90 Thirdparty\EEPROM_Emul\Porting\STM32G0\flash_interface.o
 .text.FI_CheckBankConfig
                0x0801af14       0x18 Thirdparty\EEPROM_Emul\Porting\STM32G0\flash_interface.o
                0x0801af14                FI_CheckBankConfig
 .text.inHandlerMode
                0x0801af2c       0x1c Thirdparty\Middleware\STM32G0xx\FreeRTOS\Source\CMSIS_RTOS\cmsis_os.o
 .text.osKernelStart
                0x0801af48       0x10 Thirdparty\Middleware\STM32G0xx\FreeRTOS\Source\CMSIS_RTOS\cmsis_os.o
                0x0801af48                osKernelStart
 .text.osDelay  0x0801af58       0x28 Thirdparty\Middleware\STM32G0xx\FreeRTOS\Source\CMSIS_RTOS\cmsis_os.o
                0x0801af58                osDelay
 .text.osSemaphoreCreate
                0x0801af80       0x4a Thirdparty\Middleware\STM32G0xx\FreeRTOS\Source\CMSIS_RTOS\cmsis_os.o
                0x0801af80                osSemaphoreCreate
 *fill*         0x0801afca        0x2 
 .text.osSemaphoreWait
                0x0801afcc       0x94 Thirdparty\Middleware\STM32G0xx\FreeRTOS\Source\CMSIS_RTOS\cmsis_os.o
                0x0801afcc                osSemaphoreWait
 .text.osSemaphoreRelease
                0x0801b060       0x64 Thirdparty\Middleware\STM32G0xx\FreeRTOS\Source\CMSIS_RTOS\cmsis_os.o
                0x0801b060                osSemaphoreRelease
 .text.osSystickHandler
                0x0801b0c4       0x18 Thirdparty\Middleware\STM32G0xx\FreeRTOS\Source\CMSIS_RTOS\cmsis_os.o
                0x0801b0c4                osSystickHandler
 .text.FreeRTOS_CLIRegisterCommand
                0x0801b0dc       0x50 Thirdparty\Middleware\STM32G0xx\FreeRTOS\Source\FreeRTOS_CLI.o
                0x0801b0dc                FreeRTOS_CLIRegisterCommand
 .text.FreeRTOS_CLIProcessCommand
                0x0801b12c      0x11c Thirdparty\Middleware\STM32G0xx\FreeRTOS\Source\FreeRTOS_CLI.o
                0x0801b12c                FreeRTOS_CLIProcessCommand
 .text.FreeRTOS_CLIGetOutputBuffer
                0x0801b248       0x10 Thirdparty\Middleware\STM32G0xx\FreeRTOS\Source\FreeRTOS_CLI.o
                0x0801b248                FreeRTOS_CLIGetOutputBuffer
 .text.FreeRTOS_CLIGetParameter
                0x0801b258       0xbc Thirdparty\Middleware\STM32G0xx\FreeRTOS\Source\FreeRTOS_CLI.o
                0x0801b258                FreeRTOS_CLIGetParameter
 .text.prvHelpCommand
                0x0801b314      0x154 Thirdparty\Middleware\STM32G0xx\FreeRTOS\Source\FreeRTOS_CLI.o
 .text.prvGetNumberOfParameters
                0x0801b468       0x7a Thirdparty\Middleware\STM32G0xx\FreeRTOS\Source\FreeRTOS_CLI.o
 .text.vListInitialise
                0x0801b4e2       0x3c Thirdparty\Middleware\STM32G0xx\FreeRTOS\Source\list.o
                0x0801b4e2                vListInitialise
 .text.vListInitialiseItem
                0x0801b51e       0x16 Thirdparty\Middleware\STM32G0xx\FreeRTOS\Source\list.o
                0x0801b51e                vListInitialiseItem
 .text.vListInsertEnd
                0x0801b534       0x44 Thirdparty\Middleware\STM32G0xx\FreeRTOS\Source\list.o
                0x0801b534                vListInsertEnd
 .text.vListInsert
                0x0801b578       0x6c Thirdparty\Middleware\STM32G0xx\FreeRTOS\Source\list.o
                0x0801b578                vListInsert
 .text.uxListRemove
                0x0801b5e4       0x50 Thirdparty\Middleware\STM32G0xx\FreeRTOS\Source\list.o
                0x0801b5e4                uxListRemove
 .text.pxPortInitialiseStack
                0x0801b634       0x54 Thirdparty\Middleware\STM32G0xx\FreeRTOS\Source\portable\GCC\ARM_CM0\port.o
                0x0801b634                pxPortInitialiseStack
 .text.prvTaskExitError
                0x0801b688       0x1e Thirdparty\Middleware\STM32G0xx\FreeRTOS\Source\portable\GCC\ARM_CM0\port.o
 .text.SVC_Handler
                0x0801b6a6        0xa Thirdparty\Middleware\STM32G0xx\FreeRTOS\Source\portable\GCC\ARM_CM0\port.o
                0x0801b6a6                SVC_Handler
 .text.vPortStartFirstTask
                0x0801b6b0       0x38 Thirdparty\Middleware\STM32G0xx\FreeRTOS\Source\portable\GCC\ARM_CM0\port.o
 .text.xPortStartScheduler
                0x0801b6e8       0x48 Thirdparty\Middleware\STM32G0xx\FreeRTOS\Source\portable\GCC\ARM_CM0\port.o
                0x0801b6e8                xPortStartScheduler
 .text.vPortYield
                0x0801b730       0x20 Thirdparty\Middleware\STM32G0xx\FreeRTOS\Source\portable\GCC\ARM_CM0\port.o
                0x0801b730                vPortYield
 .text.vPortEnterCritical
                0x0801b750       0x24 Thirdparty\Middleware\STM32G0xx\FreeRTOS\Source\portable\GCC\ARM_CM0\port.o
                0x0801b750                vPortEnterCritical
 .text.vPortExitCritical
                0x0801b774       0x24 Thirdparty\Middleware\STM32G0xx\FreeRTOS\Source\portable\GCC\ARM_CM0\port.o
                0x0801b774                vPortExitCritical
 .text.ulSetInterruptMaskFromISR
                0x0801b798        0xc Thirdparty\Middleware\STM32G0xx\FreeRTOS\Source\portable\GCC\ARM_CM0\port.o
                0x0801b798                ulSetInterruptMaskFromISR
 .text.vClearInterruptMaskFromISR
                0x0801b7a4        0x8 Thirdparty\Middleware\STM32G0xx\FreeRTOS\Source\portable\GCC\ARM_CM0\port.o
                0x0801b7a4                vClearInterruptMaskFromISR
 *fill*         0x0801b7ac        0x4 
 .text.PendSV_Handler
                0x0801b7b0       0x48 Thirdparty\Middleware\STM32G0xx\FreeRTOS\Source\portable\GCC\ARM_CM0\port.o
                0x0801b7b0                PendSV_Handler
 .text.xPortSysTickHandler
                0x0801b7f8       0x34 Thirdparty\Middleware\STM32G0xx\FreeRTOS\Source\portable\GCC\ARM_CM0\port.o
                0x0801b7f8                xPortSysTickHandler
 .text.vPortSetupTimerInterrupt
                0x0801b82c       0x44 Thirdparty\Middleware\STM32G0xx\FreeRTOS\Source\portable\GCC\ARM_CM0\port.o
                0x0801b82c                vPortSetupTimerInterrupt
 .text.pvPortMalloc
                0x0801b870      0x140 Thirdparty\Middleware\STM32G0xx\FreeRTOS\Source\portable\MemMang\heap_4.o
                0x0801b870                pvPortMalloc
 .text.vPortFree
                0x0801b9b0       0x80 Thirdparty\Middleware\STM32G0xx\FreeRTOS\Source\portable\MemMang\heap_4.o
                0x0801b9b0                vPortFree
 .text.prvHeapInit
                0x0801ba30       0xc0 Thirdparty\Middleware\STM32G0xx\FreeRTOS\Source\portable\MemMang\heap_4.o
 .text.prvInsertBlockIntoFreeList
                0x0801baf0       0xb0 Thirdparty\Middleware\STM32G0xx\FreeRTOS\Source\portable\MemMang\heap_4.o
 .text.xQueueGenericReset
                0x0801bba0       0x9e Thirdparty\Middleware\STM32G0xx\FreeRTOS\Source\queue.o
                0x0801bba0                xQueueGenericReset
 .text.xQueueGenericCreate
                0x0801bc3e       0x52 Thirdparty\Middleware\STM32G0xx\FreeRTOS\Source\queue.o
                0x0801bc3e                xQueueGenericCreate
 .text.prvInitialiseNewQueue
                0x0801bc90       0x4e Thirdparty\Middleware\STM32G0xx\FreeRTOS\Source\queue.o
 .text.xQueueCreateCountingSemaphore
                0x0801bcde       0x30 Thirdparty\Middleware\STM32G0xx\FreeRTOS\Source\queue.o
                0x0801bcde                xQueueCreateCountingSemaphore
 .text.xQueueGenericSend
                0x0801bd0e      0x12a Thirdparty\Middleware\STM32G0xx\FreeRTOS\Source\queue.o
                0x0801bd0e                xQueueGenericSend
 .text.xQueueGenericSendFromISR
                0x0801be38       0xa6 Thirdparty\Middleware\STM32G0xx\FreeRTOS\Source\queue.o
                0x0801be38                xQueueGenericSendFromISR
 .text.xQueueGiveFromISR
                0x0801bede       0x96 Thirdparty\Middleware\STM32G0xx\FreeRTOS\Source\queue.o
                0x0801bede                xQueueGiveFromISR
 .text.xQueueReceive
                0x0801bf74      0x128 Thirdparty\Middleware\STM32G0xx\FreeRTOS\Source\queue.o
                0x0801bf74                xQueueReceive
 .text.xQueueSemaphoreTake
                0x0801c09c      0x178 Thirdparty\Middleware\STM32G0xx\FreeRTOS\Source\queue.o
                0x0801c09c                xQueueSemaphoreTake
 .text.xQueueReceiveFromISR
                0x0801c214       0xa0 Thirdparty\Middleware\STM32G0xx\FreeRTOS\Source\queue.o
                0x0801c214                xQueueReceiveFromISR
 .text.prvGetDisinheritPriorityAfterTimeout
                0x0801c2b4       0x2c Thirdparty\Middleware\STM32G0xx\FreeRTOS\Source\queue.o
 .text.prvCopyDataToQueue
                0x0801c2e0       0xd6 Thirdparty\Middleware\STM32G0xx\FreeRTOS\Source\queue.o
 .text.prvCopyDataFromQueue
                0x0801c3b6       0x4c Thirdparty\Middleware\STM32G0xx\FreeRTOS\Source\queue.o
 .text.prvUnlockQueue
                0x0801c402       0xbc Thirdparty\Middleware\STM32G0xx\FreeRTOS\Source\queue.o
 .text.prvIsQueueEmpty
                0x0801c4be       0x2c Thirdparty\Middleware\STM32G0xx\FreeRTOS\Source\queue.o
 .text.prvIsQueueFull
                0x0801c4ea       0x30 Thirdparty\Middleware\STM32G0xx\FreeRTOS\Source\queue.o
 *fill*         0x0801c51a        0x2 
 .text.vQueueAddToRegistry
                0x0801c51c       0x50 Thirdparty\Middleware\STM32G0xx\FreeRTOS\Source\queue.o
                0x0801c51c                vQueueAddToRegistry
 .text.vQueueWaitForMessageRestricted
                0x0801c56c       0x66 Thirdparty\Middleware\STM32G0xx\FreeRTOS\Source\queue.o
                0x0801c56c                vQueueWaitForMessageRestricted
 .text.xTaskCreate
                0x0801c5d2       0x90 Thirdparty\Middleware\STM32G0xx\FreeRTOS\Source\tasks.o
                0x0801c5d2                xTaskCreate
 *fill*         0x0801c662        0x2 
 .text.prvInitialiseNewTask
                0x0801c664      0x10c Thirdparty\Middleware\STM32G0xx\FreeRTOS\Source\tasks.o
 .text.prvAddNewTaskToReadyList
                0x0801c770       0xd0 Thirdparty\Middleware\STM32G0xx\FreeRTOS\Source\tasks.o
 .text.vTaskDelay
                0x0801c840       0x3a Thirdparty\Middleware\STM32G0xx\FreeRTOS\Source\tasks.o
                0x0801c840                vTaskDelay
 *fill*         0x0801c87a        0x2 
 .text.eTaskGetState
                0x0801c87c       0xd0 Thirdparty\Middleware\STM32G0xx\FreeRTOS\Source\tasks.o
                0x0801c87c                eTaskGetState
 .text.uxTaskPriorityGet
                0x0801c94c       0x34 Thirdparty\Middleware\STM32G0xx\FreeRTOS\Source\tasks.o
                0x0801c94c                uxTaskPriorityGet
 .text.vTaskPrioritySet
                0x0801c980      0x110 Thirdparty\Middleware\STM32G0xx\FreeRTOS\Source\tasks.o
                0x0801c980                vTaskPrioritySet
 .text.vTaskStartScheduler
                0x0801ca90       0x74 Thirdparty\Middleware\STM32G0xx\FreeRTOS\Source\tasks.o
                0x0801ca90                vTaskStartScheduler
 .text.vTaskSuspendAll
                0x0801cb04       0x18 Thirdparty\Middleware\STM32G0xx\FreeRTOS\Source\tasks.o
                0x0801cb04                vTaskSuspendAll
 .text.xTaskResumeAll
                0x0801cb1c      0x10c Thirdparty\Middleware\STM32G0xx\FreeRTOS\Source\tasks.o
                0x0801cb1c                xTaskResumeAll
 .text.xTaskGetTickCount
                0x0801cc28       0x1c Thirdparty\Middleware\STM32G0xx\FreeRTOS\Source\tasks.o
                0x0801cc28                xTaskGetTickCount
 .text.xTaskGetTickCountFromISR
                0x0801cc44       0x20 Thirdparty\Middleware\STM32G0xx\FreeRTOS\Source\tasks.o
                0x0801cc44                xTaskGetTickCountFromISR
 .text.uxTaskGetSystemState
                0x0801cc64      0x120 Thirdparty\Middleware\STM32G0xx\FreeRTOS\Source\tasks.o
                0x0801cc64                uxTaskGetSystemState
 .text.xTaskIncrementTick
                0x0801cd84      0x150 Thirdparty\Middleware\STM32G0xx\FreeRTOS\Source\tasks.o
                0x0801cd84                xTaskIncrementTick
 .text.vTaskSwitchContext
                0x0801ced4      0x124 Thirdparty\Middleware\STM32G0xx\FreeRTOS\Source\tasks.o
                0x0801ced4                vTaskSwitchContext
 .text.vTaskPlaceOnEventList
                0x0801cff8       0x34 Thirdparty\Middleware\STM32G0xx\FreeRTOS\Source\tasks.o
                0x0801cff8                vTaskPlaceOnEventList
 .text.vTaskPlaceOnEventListRestricted
                0x0801d02c       0x44 Thirdparty\Middleware\STM32G0xx\FreeRTOS\Source\tasks.o
                0x0801d02c                vTaskPlaceOnEventListRestricted
 .text.xTaskRemoveFromEventList
                0x0801d070       0xb0 Thirdparty\Middleware\STM32G0xx\FreeRTOS\Source\tasks.o
                0x0801d070                xTaskRemoveFromEventList
 .text.vTaskInternalSetTimeOutState
                0x0801d120       0x28 Thirdparty\Middleware\STM32G0xx\FreeRTOS\Source\tasks.o
                0x0801d120                vTaskInternalSetTimeOutState
 .text.xTaskCheckForTimeOut
                0x0801d148       0x8c Thirdparty\Middleware\STM32G0xx\FreeRTOS\Source\tasks.o
                0x0801d148                xTaskCheckForTimeOut
 .text.vTaskMissedYield
                0x0801d1d4       0x14 Thirdparty\Middleware\STM32G0xx\FreeRTOS\Source\tasks.o
                0x0801d1d4                vTaskMissedYield
 .text.prvIdleTask
                0x0801d1e8       0x20 Thirdparty\Middleware\STM32G0xx\FreeRTOS\Source\tasks.o
 .text.prvInitialiseTaskLists
                0x0801d208       0x88 Thirdparty\Middleware\STM32G0xx\FreeRTOS\Source\tasks.o
 .text.prvCheckTasksWaitingTermination
                0x0801d290       0x5c Thirdparty\Middleware\STM32G0xx\FreeRTOS\Source\tasks.o
 .text.vTaskGetInfo
                0x0801d2ec       0xd8 Thirdparty\Middleware\STM32G0xx\FreeRTOS\Source\tasks.o
                0x0801d2ec                vTaskGetInfo
 .text.prvListTasksWithinSingleList
                0x0801d3c4       0xa6 Thirdparty\Middleware\STM32G0xx\FreeRTOS\Source\tasks.o
 .text.prvTaskCheckFreeStackSpace
                0x0801d46a       0x34 Thirdparty\Middleware\STM32G0xx\FreeRTOS\Source\tasks.o
 .text.prvDeleteTCB
                0x0801d49e       0x22 Thirdparty\Middleware\STM32G0xx\FreeRTOS\Source\tasks.o
 .text.prvResetNextTaskUnblockTime
                0x0801d4c0       0x3c Thirdparty\Middleware\STM32G0xx\FreeRTOS\Source\tasks.o
 .text.xTaskGetSchedulerState
                0x0801d4fc       0x38 Thirdparty\Middleware\STM32G0xx\FreeRTOS\Source\tasks.o
                0x0801d4fc                xTaskGetSchedulerState
 .text.xTaskPriorityInherit
                0x0801d534       0xd0 Thirdparty\Middleware\STM32G0xx\FreeRTOS\Source\tasks.o
                0x0801d534                xTaskPriorityInherit
 .text.xTaskPriorityDisinherit
                0x0801d604       0x98 Thirdparty\Middleware\STM32G0xx\FreeRTOS\Source\tasks.o
                0x0801d604                xTaskPriorityDisinherit
 .text.vTaskPriorityDisinheritAfterTimeout
                0x0801d69c       0xc0 Thirdparty\Middleware\STM32G0xx\FreeRTOS\Source\tasks.o
                0x0801d69c                vTaskPriorityDisinheritAfterTimeout
 .text.prvWriteNameToBuffer
                0x0801d75c       0x52 Thirdparty\Middleware\STM32G0xx\FreeRTOS\Source\tasks.o
 *fill*         0x0801d7ae        0x2 
 .text.vTaskList
                0x0801d7b0      0x14c Thirdparty\Middleware\STM32G0xx\FreeRTOS\Source\tasks.o
                0x0801d7b0                vTaskList
 .text.vTaskGetRunTimeStats
                0x0801d8fc      0x118 Thirdparty\Middleware\STM32G0xx\FreeRTOS\Source\tasks.o
                0x0801d8fc                vTaskGetRunTimeStats
 .text.pvTaskIncrementMutexHeldCount
                0x0801da14       0x24 Thirdparty\Middleware\STM32G0xx\FreeRTOS\Source\tasks.o
                0x0801da14                pvTaskIncrementMutexHeldCount
 .text.ulTaskNotifyTake
                0x0801da38       0x84 Thirdparty\Middleware\STM32G0xx\FreeRTOS\Source\tasks.o
                0x0801da38                ulTaskNotifyTake
 .text.xTaskGenericNotify
                0x0801dabc      0x104 Thirdparty\Middleware\STM32G0xx\FreeRTOS\Source\tasks.o
                0x0801dabc                xTaskGenericNotify
 .text.xTaskGenericNotifyFromISR
                0x0801dbc0      0x140 Thirdparty\Middleware\STM32G0xx\FreeRTOS\Source\tasks.o
                0x0801dbc0                xTaskGenericNotifyFromISR
 .text.vTaskNotifyGiveFromISR
                0x0801dd00       0xd8 Thirdparty\Middleware\STM32G0xx\FreeRTOS\Source\tasks.o
                0x0801dd00                vTaskNotifyGiveFromISR
 .text.prvAddCurrentTaskToDelayedList
                0x0801ddd8       0xa8 Thirdparty\Middleware\STM32G0xx\FreeRTOS\Source\tasks.o
 .text.xTimerCreateTimerTask
                0x0801de80       0x4c Thirdparty\Middleware\STM32G0xx\FreeRTOS\Source\timers.o
                0x0801de80                xTimerCreateTimerTask
 .text.xTimerCreate
                0x0801decc       0x46 Thirdparty\Middleware\STM32G0xx\FreeRTOS\Source\timers.o
                0x0801decc                xTimerCreate
 .text.prvInitialiseNewTimer
                0x0801df12       0x5a Thirdparty\Middleware\STM32G0xx\FreeRTOS\Source\timers.o
 .text.xTimerGenericCommand
                0x0801df6c       0x8c Thirdparty\Middleware\STM32G0xx\FreeRTOS\Source\timers.o
                0x0801df6c                xTimerGenericCommand
 .text.prvProcessExpiredTimer
                0x0801dff8       0x80 Thirdparty\Middleware\STM32G0xx\FreeRTOS\Source\timers.o
 .text.prvTimerTask
                0x0801e078       0x28 Thirdparty\Middleware\STM32G0xx\FreeRTOS\Source\timers.o
 .text.prvProcessTimerOrBlockTask
                0x0801e0a0       0x90 Thirdparty\Middleware\STM32G0xx\FreeRTOS\Source\timers.o
 .text.prvGetNextExpireTime
                0x0801e130       0x44 Thirdparty\Middleware\STM32G0xx\FreeRTOS\Source\timers.o
 .text.prvSampleTimeNow
                0x0801e174       0x40 Thirdparty\Middleware\STM32G0xx\FreeRTOS\Source\timers.o
 .text.prvInsertTimerInActiveList
                0x0801e1b4       0x84 Thirdparty\Middleware\STM32G0xx\FreeRTOS\Source\timers.o
 .text.prvProcessReceivedCommands
                0x0801e238      0x16c Thirdparty\Middleware\STM32G0xx\FreeRTOS\Source\timers.o
 .text.prvSwitchTimerLists
                0x0801e3a4       0xb0 Thirdparty\Middleware\STM32G0xx\FreeRTOS\Source\timers.o
 .text.prvCheckForValidListAndQueue
                0x0801e454       0x74 Thirdparty\Middleware\STM32G0xx\FreeRTOS\Source\timers.o
 .text.xTimerIsTimerActive
                0x0801e4c8       0x36 Thirdparty\Middleware\STM32G0xx\FreeRTOS\Source\timers.o
                0x0801e4c8                xTimerIsTimerActive
 *fill*         0x0801e4fe        0x2 
 .text.HAL_Init
                0x0801e500       0x40 Thirdparty\STM32G0xx_HAL_Driver\Src\stm32g0xx_hal.o
                0x0801e500                HAL_Init
 .text.HAL_InitTick
                0x0801e540       0x94 Thirdparty\STM32G0xx_HAL_Driver\Src\stm32g0xx_hal.o
                0x0801e540                HAL_InitTick
 .text.HAL_IncTick
                0x0801e5d4       0x24 Thirdparty\STM32G0xx_HAL_Driver\Src\stm32g0xx_hal.o
                0x0801e5d4                HAL_IncTick
 .text.HAL_GetTick
                0x0801e5f8       0x14 Thirdparty\STM32G0xx_HAL_Driver\Src\stm32g0xx_hal.o
                0x0801e5f8                HAL_GetTick
 .text.HAL_Delay
                0x0801e60c       0x48 Thirdparty\STM32G0xx_HAL_Driver\Src\stm32g0xx_hal.o
                0x0801e60c                HAL_Delay
 .text.HAL_GetREVID
                0x0801e654       0x18 Thirdparty\STM32G0xx_HAL_Driver\Src\stm32g0xx_hal.o
                0x0801e654                HAL_GetREVID
 .text.HAL_GetDEVID
                0x0801e66c       0x18 Thirdparty\STM32G0xx_HAL_Driver\Src\stm32g0xx_hal.o
                0x0801e66c                HAL_GetDEVID
 .text.HAL_SYSCFG_VREFBUF_VoltageScalingConfig
                0x0801e684       0x28 Thirdparty\STM32G0xx_HAL_Driver\Src\stm32g0xx_hal.o
                0x0801e684                HAL_SYSCFG_VREFBUF_VoltageScalingConfig
 .text.HAL_SYSCFG_VREFBUF_HighImpedanceConfig
                0x0801e6ac       0x28 Thirdparty\STM32G0xx_HAL_Driver\Src\stm32g0xx_hal.o
                0x0801e6ac                HAL_SYSCFG_VREFBUF_HighImpedanceConfig
 .text.HAL_SYSCFG_EnableVREFBUF
                0x0801e6d4       0x48 Thirdparty\STM32G0xx_HAL_Driver\Src\stm32g0xx_hal.o
                0x0801e6d4                HAL_SYSCFG_EnableVREFBUF
 .text.HAL_SYSCFG_StrobeDBattpinsConfig
                0x0801e71c       0x2c Thirdparty\STM32G0xx_HAL_Driver\Src\stm32g0xx_hal.o
                0x0801e71c                HAL_SYSCFG_StrobeDBattpinsConfig
 .text.LL_ADC_SetCommonPathInternalCh
                0x0801e748       0x28 Thirdparty\STM32G0xx_HAL_Driver\Src\stm32g0xx_hal_adc.o
 .text.LL_ADC_GetCommonPathInternalCh
                0x0801e770       0x1a Thirdparty\STM32G0xx_HAL_Driver\Src\stm32g0xx_hal_adc.o
 .text.LL_ADC_SetSamplingTimeCommonChannels
                0x0801e78a       0x3a Thirdparty\STM32G0xx_HAL_Driver\Src\stm32g0xx_hal_adc.o
 .text.LL_ADC_GetSamplingTimeCommonChannels
                0x0801e7c4       0x2e Thirdparty\STM32G0xx_HAL_Driver\Src\stm32g0xx_hal_adc.o
 .text.LL_ADC_REG_IsTriggerSourceSWStart
                0x0801e7f2       0x22 Thirdparty\STM32G0xx_HAL_Driver\Src\stm32g0xx_hal_adc.o
 .text.LL_ADC_REG_SetSequencerRanks
                0x0801e814       0x40 Thirdparty\STM32G0xx_HAL_Driver\Src\stm32g0xx_hal_adc.o
 .text.LL_ADC_REG_SetSequencerChAdd
                0x0801e854       0x22 Thirdparty\STM32G0xx_HAL_Driver\Src\stm32g0xx_hal_adc.o
 .text.LL_ADC_REG_SetSequencerChRem
                0x0801e876       0x24 Thirdparty\STM32G0xx_HAL_Driver\Src\stm32g0xx_hal_adc.o
 *fill*         0x0801e89a        0x2 
 .text.LL_ADC_SetChannelSamplingTime
                0x0801e89c       0x38 Thirdparty\STM32G0xx_HAL_Driver\Src\stm32g0xx_hal_adc.o
 .text.LL_ADC_EnableInternalRegulator
                0x0801e8d4       0x28 Thirdparty\STM32G0xx_HAL_Driver\Src\stm32g0xx_hal_adc.o
 .text.LL_ADC_IsInternalRegulatorEnabled
                0x0801e8fc       0x28 Thirdparty\STM32G0xx_HAL_Driver\Src\stm32g0xx_hal_adc.o
 .text.LL_ADC_Enable
                0x0801e924       0x24 Thirdparty\STM32G0xx_HAL_Driver\Src\stm32g0xx_hal_adc.o
 .text.LL_ADC_Disable
                0x0801e948       0x24 Thirdparty\STM32G0xx_HAL_Driver\Src\stm32g0xx_hal_adc.o
 .text.LL_ADC_IsEnabled
                0x0801e96c       0x22 Thirdparty\STM32G0xx_HAL_Driver\Src\stm32g0xx_hal_adc.o
 .text.LL_ADC_IsDisableOngoing
                0x0801e98e       0x22 Thirdparty\STM32G0xx_HAL_Driver\Src\stm32g0xx_hal_adc.o
 .text.LL_ADC_REG_StartConversion
                0x0801e9b0       0x24 Thirdparty\STM32G0xx_HAL_Driver\Src\stm32g0xx_hal_adc.o
 .text.LL_ADC_REG_StopConversion
                0x0801e9d4       0x24 Thirdparty\STM32G0xx_HAL_Driver\Src\stm32g0xx_hal_adc.o
 .text.LL_ADC_REG_IsConversionOngoing
                0x0801e9f8       0x22 Thirdparty\STM32G0xx_HAL_Driver\Src\stm32g0xx_hal_adc.o
 *fill*         0x0801ea1a        0x2 
 .text.HAL_ADC_Init
                0x0801ea1c      0x350 Thirdparty\STM32G0xx_HAL_Driver\Src\stm32g0xx_hal_adc.o
                0x0801ea1c                HAL_ADC_Init
 .text.HAL_ADC_Start
                0x0801ed6c       0x9c Thirdparty\STM32G0xx_HAL_Driver\Src\stm32g0xx_hal_adc.o
                0x0801ed6c                HAL_ADC_Start
 .text.HAL_ADC_Stop
                0x0801ee08       0x78 Thirdparty\STM32G0xx_HAL_Driver\Src\stm32g0xx_hal_adc.o
                0x0801ee08                HAL_ADC_Stop
 .text.HAL_ADC_PollForConversion
                0x0801ee80      0x128 Thirdparty\STM32G0xx_HAL_Driver\Src\stm32g0xx_hal_adc.o
                0x0801ee80                HAL_ADC_PollForConversion
 .text.HAL_ADC_GetValue
                0x0801efa8       0x16 Thirdparty\STM32G0xx_HAL_Driver\Src\stm32g0xx_hal_adc.o
                0x0801efa8                HAL_ADC_GetValue
 *fill*         0x0801efbe        0x2 
 .text.HAL_ADC_ConfigChannel
                0x0801efc0      0x3b0 Thirdparty\STM32G0xx_HAL_Driver\Src\stm32g0xx_hal_adc.o
                0x0801efc0                HAL_ADC_ConfigChannel
 .text.ADC_ConversionStop
                0x0801f370       0x84 Thirdparty\STM32G0xx_HAL_Driver\Src\stm32g0xx_hal_adc.o
                0x0801f370                ADC_ConversionStop
 .text.ADC_Enable
                0x0801f3f4      0x10c Thirdparty\STM32G0xx_HAL_Driver\Src\stm32g0xx_hal_adc.o
                0x0801f3f4                ADC_Enable
 .text.ADC_Disable
                0x0801f500       0xbc Thirdparty\STM32G0xx_HAL_Driver\Src\stm32g0xx_hal_adc.o
                0x0801f500                ADC_Disable
 .text.LL_ADC_GetCommonClock
                0x0801f5bc       0x1a Thirdparty\STM32G0xx_HAL_Driver\Src\stm32g0xx_hal_adc_ex.o
 .text.LL_ADC_GetClock
                0x0801f5d6       0x18 Thirdparty\STM32G0xx_HAL_Driver\Src\stm32g0xx_hal_adc_ex.o
 .text.LL_ADC_SetCalibrationFactor
                0x0801f5ee       0x28 Thirdparty\STM32G0xx_HAL_Driver\Src\stm32g0xx_hal_adc_ex.o
 .text.LL_ADC_GetCalibrationFactor
                0x0801f616       0x1a Thirdparty\STM32G0xx_HAL_Driver\Src\stm32g0xx_hal_adc_ex.o
 .text.LL_ADC_Enable
                0x0801f630       0x24 Thirdparty\STM32G0xx_HAL_Driver\Src\stm32g0xx_hal_adc_ex.o
 .text.LL_ADC_Disable
                0x0801f654       0x24 Thirdparty\STM32G0xx_HAL_Driver\Src\stm32g0xx_hal_adc_ex.o
 .text.LL_ADC_IsEnabled
                0x0801f678       0x22 Thirdparty\STM32G0xx_HAL_Driver\Src\stm32g0xx_hal_adc_ex.o
 *fill*         0x0801f69a        0x2 
 .text.LL_ADC_StartCalibration
                0x0801f69c       0x28 Thirdparty\STM32G0xx_HAL_Driver\Src\stm32g0xx_hal_adc_ex.o
 .text.LL_ADC_IsCalibrationOnGoing
                0x0801f6c4       0x26 Thirdparty\STM32G0xx_HAL_Driver\Src\stm32g0xx_hal_adc_ex.o
 *fill*         0x0801f6ea        0x2 
 .text.HAL_ADCEx_Calibration_Start
                0x0801f6ec      0x1f8 Thirdparty\STM32G0xx_HAL_Driver\Src\stm32g0xx_hal_adc_ex.o
                0x0801f6ec                HAL_ADCEx_Calibration_Start
 .text.__NVIC_EnableIRQ
                0x0801f8e4       0x34 Thirdparty\STM32G0xx_HAL_Driver\Src\stm32g0xx_hal_cortex.o
 .text.__NVIC_SetPriority
                0x0801f918       0xdc Thirdparty\STM32G0xx_HAL_Driver\Src\stm32g0xx_hal_cortex.o
 .text.SysTick_Config
                0x0801f9f4       0x48 Thirdparty\STM32G0xx_HAL_Driver\Src\stm32g0xx_hal_cortex.o
 .text.HAL_NVIC_SetPriority
                0x0801fa3c       0x2a Thirdparty\STM32G0xx_HAL_Driver\Src\stm32g0xx_hal_cortex.o
                0x0801fa3c                HAL_NVIC_SetPriority
 .text.HAL_NVIC_EnableIRQ
                0x0801fa66       0x20 Thirdparty\STM32G0xx_HAL_Driver\Src\stm32g0xx_hal_cortex.o
                0x0801fa66                HAL_NVIC_EnableIRQ
 .text.HAL_SYSTICK_Config
                0x0801fa86       0x1a Thirdparty\STM32G0xx_HAL_Driver\Src\stm32g0xx_hal_cortex.o
                0x0801fa86                HAL_SYSTICK_Config
 .text.HAL_CRC_Init
                0x0801faa0       0xcc Thirdparty\STM32G0xx_HAL_Driver\Src\stm32g0xx_hal_crc.o
                0x0801faa0                HAL_CRC_Init
 .text.HAL_CRC_Accumulate
                0x0801fb6c       0x8e Thirdparty\STM32G0xx_HAL_Driver\Src\stm32g0xx_hal_crc.o
                0x0801fb6c                HAL_CRC_Accumulate
 .text.HAL_CRC_Calculate
                0x0801fbfa       0x9e Thirdparty\STM32G0xx_HAL_Driver\Src\stm32g0xx_hal_crc.o
                0x0801fbfa                HAL_CRC_Calculate
 .text.CRC_Handle_8
                0x0801fc98      0x122 Thirdparty\STM32G0xx_HAL_Driver\Src\stm32g0xx_hal_crc.o
 .text.CRC_Handle_16
                0x0801fdba       0x6e Thirdparty\STM32G0xx_HAL_Driver\Src\stm32g0xx_hal_crc.o
 .text.HAL_CRCEx_Polynomial_Set
                0x0801fe28       0xea Thirdparty\STM32G0xx_HAL_Driver\Src\stm32g0xx_hal_crc_ex.o
                0x0801fe28                HAL_CRCEx_Polynomial_Set
 *fill*         0x0801ff12        0x2 
 .text.HAL_DMA_Init
                0x0801ff14      0x158 Thirdparty\STM32G0xx_HAL_Driver\Src\stm32g0xx_hal_dma.o
                0x0801ff14                HAL_DMA_Init
 .text.HAL_DMA_Start_IT
                0x0802006c      0x10c Thirdparty\STM32G0xx_HAL_Driver\Src\stm32g0xx_hal_dma.o
                0x0802006c                HAL_DMA_Start_IT
 .text.HAL_DMA_Abort
                0x08020178       0xc0 Thirdparty\STM32G0xx_HAL_Driver\Src\stm32g0xx_hal_dma.o
                0x08020178                HAL_DMA_Abort
 .text.HAL_DMA_Abort_IT
                0x08020238       0xd0 Thirdparty\STM32G0xx_HAL_Driver\Src\stm32g0xx_hal_dma.o
                0x08020238                HAL_DMA_Abort_IT
 .text.HAL_DMA_IRQHandler
                0x08020308      0x188 Thirdparty\STM32G0xx_HAL_Driver\Src\stm32g0xx_hal_dma.o
                0x08020308                HAL_DMA_IRQHandler
 .text.HAL_DMA_GetError
                0x08020490       0x14 Thirdparty\STM32G0xx_HAL_Driver\Src\stm32g0xx_hal_dma.o
                0x08020490                HAL_DMA_GetError
 .text.DMA_SetConfig
                0x080204a4       0x78 Thirdparty\STM32G0xx_HAL_Driver\Src\stm32g0xx_hal_dma.o
 .text.DMA_CalcDMAMUXChannelBaseAndMask
                0x0802051c       0x94 Thirdparty\STM32G0xx_HAL_Driver\Src\stm32g0xx_hal_dma.o
 .text.DMA_CalcDMAMUXRequestGenBaseAndMask
                0x080205b0       0x48 Thirdparty\STM32G0xx_HAL_Driver\Src\stm32g0xx_hal_dma.o
 .text.HAL_FLASH_Program
                0x080205f8       0x9c Thirdparty\STM32G0xx_HAL_Driver\Src\stm32g0xx_hal_flash.o
                0x080205f8                HAL_FLASH_Program
 .text.HAL_FLASH_Unlock
                0x08020694       0x48 Thirdparty\STM32G0xx_HAL_Driver\Src\stm32g0xx_hal_flash.o
                0x08020694                HAL_FLASH_Unlock
 .text.HAL_FLASH_Lock